[{'res': False, 'info': {'c': [{'value': '0', 'line': '5'}, {'value': '5', 'line': '11'}, {'value': '54', 'line': '11'}, {'value': '543', 'line': '11'}, {'value': '5432', 'line': '11'}, {'value': '54321', 'line': '11'}], 'a': [{'value': '12345', 'line': '6'}, {'value': '1234', 'line': '12'}, {'value': '123', 'line': '12'}, {'value': '12', 'line': '12'}, {'value': '1', 'line': '12'}, {'value': '0', 'line': '12'}], 'b': [{'value': '5', 'line': '10'}, {'value': '4', 'line': '10'}, {'value': '3', 'line': '10'}, {'value': '2', 'line': '10'}, {'value': '1', 'line': '10'}]}}, {'res': False, 'info': {'c': [{'value': '0', 'line': '5'}, {'value': '1', 'line': '11'}, {'value': '13', 'line': '11'}, {'value': '133', 'line': '11'}, {'value': '1331', 'line': '11'}], 'a': [{'value': '1331', 'line': '6'}, {'value': '133', 'line': '12'}, {'value': '13', 'line': '12'}, {'value': '1', 'line': '12'}, {'value': '0', 'line': '12'}], 'b': [{'value': '1', 'line': '10'}, {'value': '3', 'line': '10'}, {'value': '3', 'line': '10'}, {'value': '1', 'line': '10'}]}}, {'res': False, 'info': {'c': [{'value': '0', 'line': '5'}, {'value': '0', 'line': '11'}, {'value': '0', 'line': '11'}, {'value': '1', 'line': '11'}], 'a': [{'value': '100', 'line': '6'}, {'value': '10', 'line': '12'}, {'value': '1', 'line': '12'}, {'value': '0', 'line': '12'}], 'b': [{'value': '0', 'line': '10'}, {'value': '0', 'line': '10'}, {'value': '1', 'line': '10'}]}}, {'res': False, 'info': {'c': [{'value': '0', 'line': '5'}], 'a': [{'value': '0', 'line': '6'}]}}, {'res': False, 'info': {'c': [{'value': '0', 'line': '5'}, {'value': '0', 'line': '11'}, {'value': '1', 'line': '11'}], 'a': [{'value': '10', 'line': '6'}, {'value': '1', 'line': '12'}, {'value': '0', 'line': '12'}], 'b': [{'value': '0', 'line': '10'}, {'value': '1', 'line': '10'}]}}]