[{'res': True, 'info': {'i': [{'value': '0', 'line': '5'}, {'value': '0', 'line': '13'}, {'value': '0', 'line': '20'}, {'value': '1', 'line': '20'}, {'value': '0', 'line': '13'}, {'value': '0', 'line': '13'}, {'value': '1', 'line': '13'}, {'value': '0', 'line': '13'}, {'value': '1', 'line': '13'}, {'value': '2', 'line': '13'}, {'value': '0', 'line': '13'}, {'value': '1', 'line': '13'}, {'value': '2', 'line': '13'}, {'value': '3', 'line': '13'}, {'value': '0', 'line': '13'}, {'value': '1', 'line': '13'}, {'value': '2', 'line': '13'}, {'value': '3', 'line': '13'}, {'value': '4', 'line': '13'}, {'value': '0', 'line': '20'}, {'value': '1', 'line': '20'}, {'value': '2', 'line': '20'}, {'value': '3', 'line': '20'}, {'value': '4', 'line': '20'}, {'value': '5', 'line': '20'}, {'value': '0', 'line': '13'}, {'value': '0', 'line': '13'}, {'value': '1', 'line': '13'}, {'value': '0', 'line': '13'}, {'value': '1', 'line': '13'}, {'value': '2', 'line': '13'}, {'value': '0', 'line': '13'}, {'value': '1', 'line': '13'}, {'value': '2', 'line': '13'}, {'value': '3', 'line': '13'}, {'value': '0', 'line': '13'}, {'value': '1', 'line': '13'}, {'value': '2', 'line': '13'}, {'value': '3', 'line': '13'}, {'value': '4', 'line': '13'}, {'value': '0', 'line': '13'}, {'value': '1', 'line': '13'}, {'value': '2', 'line': '13'}, {'value': '3', 'line': '13'}, {'value': '4', 'line': '13'}, {'value': '5', 'line': '13'}, {'value': '0', 'line': '20'}, {'value': '1', 'line': '20'}, {'value': '2', 'line': '20'}, {'value': '3', 'line': '20'}, {'value': '4', 'line': '20'}, {'value': '5', 'line': '20'}, {'value': '6', 'line': '20'}, {'value': '0', 'line': '20'}], 'p': [{'value': '1', 'line': '5'}, {'value': '0', 'line': '10'}, {'value': '1', 'line': '17'}, {'value': '0', 'line': '10'}, {'value': '1', 'line': '17'}, {'value': '1', 'line': '10'}, {'value': '2', 'line': '17'}, {'value': '2', 'line': '10'}, {'value': '3', 'line': '17'}, {'value': '3', 'line': '10'}, {'value': '4', 'line': '17'}, {'value': '4', 'line': '10'}, {'value': '5', 'line': '17'}, {'value': '0', 'line': '10'}, {'value': '1', 'line': '17'}, {'value': '1', 'line': '10'}, {'value': '2', 'line': '17'}, {'value': '2', 'line': '10'}, {'value': '3', 'line': '17'}, {'value': '3', 'line': '10'}, {'value': '4', 'line': '17'}, {'value': '4', 'line': '10'}, {'value': '5', 'line': '17'}, {'value': '5', 'line': '10'}, {'value': '6', 'line': '17'}], 'n': [{'value': 'B', 'line': '7'}, {'value': 'F', 'line': '7'}, {'value': 'G', 'line': '7'}, {'value': 'A', 'line': '7'}], 'o': [{'value': 'B', 'line': '9'}, {'value': 'F', 'line': '9'}, {'value': 'G', 'line': '9'}, {'value': 'A', 'line': '9'}]}}, {'res': True, 'info': {'i': [{'value': '0', 'line': '5'}, {'value': '0', 'line': '13'}, {'value': '0', 'line': '20'}, {'value': '1', 'line': '20'}, {'value': '0', 'line': '13'}, {'value': '0', 'line': '13'}, {'value': '1', 'line': '13'}, {'value': '0', 'line': '13'}, {'value': '1', 'line': '13'}, {'value': '2', 'line': '13'}, {'value': '0', 'line': '13'}, {'value': '1', 'line': '13'}, {'value': '2', 'line': '13'}, {'value': '3', 'line': '13'}, {'value': '0', 'line': '13'}, {'value': '1', 'line': '13'}, {'value': '2', 'line': '13'}, {'value': '3', 'line': '13'}, {'value': '4', 'line': '13'}, {'value': '0', 'line': '20'}, {'value': '1', 'line': '20'}, {'value': '2', 'line': '20'}, {'value': '3', 'line': '20'}, {'value': '4', 'line': '20'}, {'value': '5', 'line': '20'}, {'value': '0', 'line': '13'}, {'value': '0', 'line': '13'}, {'value': '1', 'line': '13'}, {'value': '0', 'line': '13'}, {'value': '1', 'line': '13'}, {'value': '2', 'line': '13'}, {'value': '0', 'line': '13'}, {'value': '1', 'line': '13'}, {'value': '2', 'line': '13'}, {'value': '3', 'line': '13'}, {'value': '0', 'line': '13'}, {'value': '1', 'line': '13'}, {'value': '2', 'line': '13'}, {'value': '3', 'line': '13'}, {'value': '4', 'line': '13'}, {'value': '0', 'line': '13'}, {'value': '1', 'line': '13'}, {'value': '2', 'line': '13'}, {'value': '3', 'line': '13'}, {'value': '4', 'line': '13'}, {'value': '5', 'line': '13'}, {'value': '0', 'line': '20'}, {'value': '1', 'line': '20'}, {'value': '2', 'line': '20'}, {'value': '3', 'line': '20'}, {'value': '4', 'line': '20'}, {'value': '5', 'line': '20'}, {'value': '6', 'line': '20'}, {'value': '0', 'line': '20'}], 'p': [{'value': '1', 'line': '5'}, {'value': '0', 'line': '10'}, {'value': '1', 'line': '17'}, {'value': '0', 'line': '10'}, {'value': '1', 'line': '17'}, {'value': '1', 'line': '10'}, {'value': '2', 'line': '17'}, {'value': '2', 'line': '10'}, {'value': '3', 'line': '17'}, {'value': '3', 'line': '10'}, {'value': '4', 'line': '17'}, {'value': '4', 'line': '10'}, {'value': '5', 'line': '17'}, {'value': '0', 'line': '10'}, {'value': '1', 'line': '17'}, {'value': '1', 'line': '10'}, {'value': '2', 'line': '17'}, {'value': '2', 'line': '10'}, {'value': '3', 'line': '17'}, {'value': '3', 'line': '10'}, {'value': '4', 'line': '17'}, {'value': '4', 'line': '10'}, {'value': '5', 'line': '17'}, {'value': '5', 'line': '10'}, {'value': '6', 'line': '17'}], 'n': [{'value': 'B', 'line': '7'}, {'value': 'F', 'line': '7'}, {'value': 'G', 'line': '7'}, {'value': 'A', 'line': '7'}], 'o': [{'value': 'B', 'line': '9'}, {'value': 'F', 'line': '9'}, {'value': 'G', 'line': '9'}, {'value': 'A', 'line': '9'}]}}, {'res': True, 'info': {'i': [{'value': '0', 'line': '5'}, {'value': '0', 'line': '13'}, {'value': '0', 'line': '20'}, {'value': '1', 'line': '20'}, {'value': '0', 'line': '13'}, {'value': '0', 'line': '13'}, {'value': '1', 'line': '13'}, {'value': '0', 'line': '13'}, {'value': '1', 'line': '13'}, {'value': '2', 'line': '13'}, {'value': '0', 'line': '13'}, {'value': '1', 'line': '13'}, {'value': '2', 'line': '13'}, {'value': '3', 'line': '13'}, {'value': '0', 'line': '13'}, {'value': '1', 'line': '13'}, {'value': '2', 'line': '13'}, {'value': '3', 'line': '13'}, {'value': '4', 'line': '13'}, {'value': '0', 'line': '20'}, {'value': '1', 'line': '20'}, {'value': '2', 'line': '20'}, {'value': '3', 'line': '20'}, {'value': '4', 'line': '20'}, {'value': '5', 'line': '20'}, {'value': '0', 'line': '13'}, {'value': '0', 'line': '13'}, {'value': '1', 'line': '13'}, {'value': '0', 'line': '13'}, {'value': '1', 'line': '13'}, {'value': '2', 'line': '13'}, {'value': '0', 'line': '13'}, {'value': '1', 'line': '13'}, {'value': '2', 'line': '13'}, {'value': '3', 'line': '13'}, {'value': '0', 'line': '13'}, {'value': '1', 'line': '13'}, {'value': '2', 'line': '13'}, {'value': '3', 'line': '13'}, {'value': '4', 'line': '13'}, {'value': '0', 'line': '13'}, {'value': '1', 'line': '13'}, {'value': '2', 'line': '13'}, {'value': '3', 'line': '13'}, {'value': '4', 'line': '13'}, {'value': '5', 'line': '13'}, {'value': '0', 'line': '20'}, {'value': '1', 'line': '20'}, {'value': '2', 'line': '20'}, {'value': '3', 'line': '20'}, {'value': '4', 'line': '20'}, {'value': '5', 'line': '20'}, {'value': '6', 'line': '20'}, {'value': '0', 'line': '20'}], 'p': [{'value': '1', 'line': '5'}, {'value': '0', 'line': '10'}, {'value': '1', 'line': '17'}, {'value': '0', 'line': '10'}, {'value': '1', 'line': '17'}, {'value': '1', 'line': '10'}, {'value': '2', 'line': '17'}, {'value': '2', 'line': '10'}, {'value': '3', 'line': '17'}, {'value': '3', 'line': '10'}, {'value': '4', 'line': '17'}, {'value': '4', 'line': '10'}, {'value': '5', 'line': '17'}, {'value': '0', 'line': '10'}, {'value': '1', 'line': '17'}, {'value': '1', 'line': '10'}, {'value': '2', 'line': '17'}, {'value': '2', 'line': '10'}, {'value': '3', 'line': '17'}, {'value': '3', 'line': '10'}, {'value': '4', 'line': '17'}, {'value': '4', 'line': '10'}, {'value': '5', 'line': '17'}, {'value': '5', 'line': '10'}, {'value': '6', 'line': '17'}], 'n': [{'value': 'B', 'line': '7'}, {'value': 'F', 'line': '7'}, {'value': 'G', 'line': '7'}, {'value': 'A', 'line': '7'}], 'o': [{'value': 'B', 'line': '9'}, {'value': 'F', 'line': '9'}, {'value': 'G', 'line': '9'}, {'value': 'A', 'line': '9'}]}}, {'res': True, 'info': {'i': [{'value': '0', 'line': '5'}, {'value': '0', 'line': '13'}, {'value': '0', 'line': '20'}, {'value': '1', 'line': '20'}, {'value': '0', 'line': '13'}, {'value': '0', 'line': '13'}, {'value': '1', 'line': '13'}, {'value': '0', 'line': '13'}, {'value': '1', 'line': '13'}, {'value': '2', 'line': '13'}, {'value': '0', 'line': '13'}, {'value': '1', 'line': '13'}, {'value': '2', 'line': '13'}, {'value': '3', 'line': '13'}, {'value': '0', 'line': '13'}, {'value': '1', 'line': '13'}, {'value': '2', 'line': '13'}, {'value': '3', 'line': '13'}, {'value': '4', 'line': '13'}, {'value': '0', 'line': '20'}, {'value': '1', 'line': '20'}, {'value': '2', 'line': '20'}, {'value': '3', 'line': '20'}, {'value': '4', 'line': '20'}, {'value': '5', 'line': '20'}, {'value': '0', 'line': '13'}, {'value': '0', 'line': '13'}, {'value': '1', 'line': '13'}, {'value': '0', 'line': '13'}, {'value': '1', 'line': '13'}, {'value': '2', 'line': '13'}, {'value': '0', 'line': '13'}, {'value': '1', 'line': '13'}, {'value': '2', 'line': '13'}, {'value': '3', 'line': '13'}, {'value': '0', 'line': '13'}, {'value': '1', 'line': '13'}, {'value': '2', 'line': '13'}, {'value': '3', 'line': '13'}, {'value': '4', 'line': '13'}, {'value': '0', 'line': '13'}, {'value': '1', 'line': '13'}, {'value': '2', 'line': '13'}, {'value': '3', 'line': '13'}, {'value': '4', 'line': '13'}, {'value': '5', 'line': '13'}, {'value': '0', 'line': '20'}, {'value': '1', 'line': '20'}, {'value': '2', 'line': '20'}, {'value': '3', 'line': '20'}, {'value': '4', 'line': '20'}, {'value': '5', 'line': '20'}, {'value': '6', 'line': '20'}, {'value': '0', 'line': '20'}], 'p': [{'value': '1', 'line': '5'}, {'value': '0', 'line': '10'}, {'value': '1', 'line': '17'}, {'value': '0', 'line': '10'}, {'value': '1', 'line': '17'}, {'value': '1', 'line': '10'}, {'value': '2', 'line': '17'}, {'value': '2', 'line': '10'}, {'value': '3', 'line': '17'}, {'value': '3', 'line': '10'}, {'value': '4', 'line': '17'}, {'value': '4', 'line': '10'}, {'value': '5', 'line': '17'}, {'value': '0', 'line': '10'}, {'value': '1', 'line': '17'}, {'value': '1', 'line': '10'}, {'value': '2', 'line': '17'}, {'value': '2', 'line': '10'}, {'value': '3', 'line': '17'}, {'value': '3', 'line': '10'}, {'value': '4', 'line': '17'}, {'value': '4', 'line': '10'}, {'value': '5', 'line': '17'}, {'value': '5', 'line': '10'}, {'value': '6', 'line': '17'}], 'n': [{'value': 'B', 'line': '7'}, {'value': 'F', 'line': '7'}, {'value': 'G', 'line': '7'}, {'value': 'A', 'line': '7'}], 'o': [{'value': 'B', 'line': '9'}, {'value': 'F', 'line': '9'}, {'value': 'G', 'line': '9'}, {'value': 'A', 'line': '9'}]}}]