[{'res': True, 'info': {'a': [{'value': '1', 'line': '10'}], 'b': [{'value': '1', 'line': '10'}], 'c': [{'value': '0.5', 'line': '12'}]}}, {'res': False, 'info': {'a': [{'value': '-1', 'line': '10'}], 'b': [{'value': '1', 'line': '10'}], 'c': [{'value': '-0.5', 'line': '12'}]}}, {'res': True, 'info': {'a': [{'value': '-100', 'line': '10'}], 'b': [{'value': '-9', 'line': '10'}], 'c': [{'value': '450', 'line': '12'}]}}, {'res': False, 'info': {'a': [{'value': '0.0001', 'line': '10'}], 'b': [{'value': '-1000', 'line': '10'}], 'c': [{'value': '-0.05', 'line': '12'}]}}]