[{'res': True, 'info': {'T': [{'value': '0', 'line': '6'}, {'value': '0', 'line': '12'}, {'value': '1', 'line': '12'}, {'value': '4', 'line': '12'}], 'n': [{'value': '2', 'line': '8'}], 'i': [{'value': '0', 'line': '10'}, {'value': '1', 'line': '10'}, {'value': '2', 'line': '10'}]}}, {'res': True, 'info': {'T': [{'value': '0', 'line': '6'}, {'value': '0', 'line': '12'}, {'value': '1', 'line': '12'}, {'value': '4', 'line': '12'}, {'value': '10', 'line': '12'}, {'value': '20', 'line': '12'}], 'n': [{'value': '4', 'line': '8'}], 'i': [{'value': '0', 'line': '10'}, {'value': '1', 'line': '10'}, {'value': '2', 'line': '10'}, {'value': '3', 'line': '10'}, {'value': '4', 'line': '10'}]}}, {'res': True, 'info': {'T': [{'value': '0', 'line': '6'}, {'value': '0', 'line': '12'}, {'value': '1', 'line': '12'}, {'value': '4', 'line': '12'}, {'value': '10', 'line': '12'}, {'value': '20', 'line': '12'}, {'value': '35', 'line': '12'}, {'value': '56', 'line': '12'}, {'value': '84', 'line': '12'}, {'value': '120', 'line': '12'}, {'value': '165', 'line': '12'}, {'value': '220', 'line': '12'}], 'n': [{'value': '10', 'line': '8'}], 'i': [{'value': '0', 'line': '10'}, {'value': '1', 'line': '10'}, {'value': '2', 'line': '10'}, {'value': '3', 'line': '10'}, {'value': '4', 'line': '10'}, {'value': '5', 'line': '10'}, {'value': '6', 'line': '10'}, {'value': '7', 'line': '10'}, {'value': '8', 'line': '10'}, {'value': '9', 'line': '10'}, {'value': '10', 'line': '10'}]}}, {'res': True, 'info': {'T': [{'value': '0', 'line': '6'}, {'value': '0', 'line': '12'}, {'value': '1', 'line': '12'}, {'value': '4', 'line': '12'}, {'value': '10', 'line': '12'}], 'n': [{'value': '3', 'line': '8'}], 'i': [{'value': '0', 'line': '10'}, {'value': '1', 'line': '10'}, {'value': '2', 'line': '10'}, {'value': '3', 'line': '10'}]}}, {'res': True, 'info': {'T': [{'value': '0', 'line': '6'}, {'value': '0', 'line': '12'}, {'value': '1', 'line': '12'}], 'n': [{'value': '1', 'line': '8'}], 'i': [{'value': '0', 'line': '10'}, {'value': '1', 'line': '10'}]}}, {'res': True, 'info': {'T': [{'value': '0', 'line': '6'}, {'value': '0', 'line': '12'}, {'value': '1', 'line': '12'}, {'value': '4', 'line': '12'}, {'value': '10', 'line': '12'}, {'value': '20', 'line': '12'}, {'value': '35', 'line': '12'}, {'value': '56', 'line': '12'}, {'value': '84', 'line': '12'}, {'value': '120', 'line': '12'}, {'value': '165', 'line': '12'}, {'value': '220', 'line': '12'}, {'value': '286', 'line': '12'}, {'value': '364', 'line': '12'}, {'value': '455', 'line': '12'}, {'value': '560', 'line': '12'}, {'value': '680', 'line': '12'}, {'value': '816', 'line': '12'}, {'value': '969', 'line': '12'}, {'value': '1140', 'line': '12'}, {'value': '1330', 'line': '12'}, {'value': '1540', 'line': '12'}], 'n': [{'value': '20', 'line': '8'}], 'i': [{'value': '0', 'line': '10'}, {'value': '1', 'line': '10'}, {'value': '2', 'line': '10'}, {'value': '3', 'line': '10'}, {'value': '4', 'line': '10'}, {'value': '5', 'line': '10'}, {'value': '6', 'line': '10'}, {'value': '7', 'line': '10'}, {'value': '8', 'line': '10'}, {'value': '9', 'line': '10'}, {'value': '10', 'line': '10'}, {'value': '11', 'line': '10'}, {'value': '12', 'line': '10'}, {'value': '13', 'line': '10'}, {'value': '14', 'line': '10'}, {'value': '15', 'line': '10'}, {'value': '16', 'line': '10'}, {'value': '17', 'line': '10'}, {'value': '18', 'line': '10'}, {'value': '19', 'line': '10'}, {'value': '20', 'line': '10'}]}}]