[{'res': True, 'info': {'a': [{'value': '1', 'line': '7'}], 'b': [{'value': '5', 'line': '7'}, {'value': '2', 'line': '35'}], 'c': [{'value': '7', 'line': '7'}, {'value': '2', 'line': '30'}, {'value': '5', 'line': '34'}], 'd': [{'value': '2', 'line': '7'}, {'value': '7', 'line': '29'}], 'temp': [{'value': '2', 'line': '28'}, {'value': '2', 'line': '33'}]}}, {'res': True, 'info': {'a': [{'value': '8', 'line': '7'}, {'value': '6', 'line': '11'}, {'value': '4', 'line': '22'}, {'value': '2', 'line': '39'}], 'b': [{'value': '6', 'line': '7'}, {'value': '8', 'line': '12'}, {'value': '4', 'line': '18'}, {'value': '6', 'line': '23'}, {'value': '2', 'line': '35'}, {'value': '4', 'line': '40'}], 'c': [{'value': '4', 'line': '7'}, {'value': '8', 'line': '17'}, {'value': '2', 'line': '30'}, {'value': '6', 'line': '34'}], 'd': [{'value': '2', 'line': '7'}, {'value': '8', 'line': '29'}], 'temp': [{'value': '8', 'line': '10'}, {'value': '4', 'line': '16'}, {'value': '6', 'line': '21'}, {'value': '2', 'line': '28'}, {'value': '2', 'line': '33'}, {'value': '4', 'line': '38'}]}}, {'res': True, 'info': {'a': [{'value': '1', 'line': '7'}], 'b': [{'value': '10', 'line': '7'}, {'value': '3', 'line': '35'}], 'c': [{'value': '15', 'line': '7'}, {'value': '3', 'line': '30'}, {'value': '10', 'line': '34'}], 'd': [{'value': '3', 'line': '7'}, {'value': '15', 'line': '29'}], 'temp': [{'value': '3', 'line': '28'}, {'value': '3', 'line': '33'}]}}, {'res': True, 'info': {'a': [{'value': '1', 'line': '7'}], 'b': [{'value': '3', 'line': '7'}, {'value': '2', 'line': '35'}], 'c': [{'value': '3', 'line': '7'}, {'value': '2', 'line': '30'}, {'value': '3', 'line': '34'}], 'd': [{'value': '2', 'line': '7'}, {'value': '3', 'line': '29'}], 'temp': [{'value': '2', 'line': '28'}, {'value': '2', 'line': '33'}]}}, {'res': True, 'info': {'a': [{'value': '1', 'line': '7'}], 'b': [{'value': '1', 'line': '7'}], 'c': [{'value': '1', 'line': '7'}], 'd': [{'value': '2', 'line': '7'}]}}]