[{'res': False, 'info': {'a': [{'value': '3', 'line': '7'}], 'b': [{'value': '4', 'line': '7'}], 'c': [{'value': '5', 'line': '7'}]}}, {'res': False, 'info': {'a': [{'value': '3', 'line': '7'}], 'b': [{'value': '4', 'line': '7'}], 'c': [{'value': '3', 'line': '7'}]}}, {'res': False, 'info': {'a': [{'value': '3', 'line': '7'}], 'b': [{'value': '3', 'line': '7'}], 'c': [{'value': '7', 'line': '7'}]}}, {'res': False, 'info': {'a': [{'value': '3', 'line': '7'}], 'b': [{'value': '3', 'line': '7'}], 'c': [{'value': '5', 'line': '7'}]}}, {'res': False, 'info': {'a': [{'value': '1', 'line': '7'}], 'b': [{'value': '2', 'line': '7'}], 'c': [{'value': '3', 'line': '7'}]}}, {'res': False, 'info': {'a': [{'value': '3', 'line': '7'}], 'b': [{'value': '6', 'line': '7'}], 'c': [{'value': '2', 'line': '7'}]}}, {'res': False, 'info': {'a': [{'value': '12', 'line': '7'}], 'b': [{'value': '13', 'line': '7'}], 'c': [{'value': '5', 'line': '7'}]}}]