[{'res': True, 'info': {'x': [{'value': '1.2', 'line': '8'}], 'y': [{'value': '2.3', 'line': '8'}], 'r': [{'value': '2.7', 'line': '8'}], 'x1': [{'value': '5.3', 'line': '8'}], 'y1': [{'value': '7.6', 'line': '8'}], 'A': [{'value': '-4.1', 'line': '9'}], 'B': [{'value': '-5.3', 'line': '10'}], 'D': [{'value': '16.81', 'line': '12'}], 'E': [{'value': '28.09', 'line': '13'}], 'F': [{'value': '6.70075', 'line': '15'}]}}, {'res': True, 'info': {'x': [{'value': '0', 'line': '8'}], 'y': [{'value': '0', 'line': '8'}], 'r': [{'value': '5', 'line': '8'}], 'x1': [{'value': '3', 'line': '8'}], 'y1': [{'value': '7', 'line': '8'}], 'A': [{'value': '-3', 'line': '9'}], 'B': [{'value': '-7', 'line': '10'}], 'D': [{'value': '9', 'line': '12'}], 'E': [{'value': '49', 'line': '13'}], 'F': [{'value': '7.61577', 'line': '15'}]}}, {'res': True, 'info': {'x': [{'value': '3', 'line': '8'}], 'y': [{'value': '4', 'line': '8'}], 'r': [{'value': '5', 'line': '8'}], 'x1': [{'value': '7', 'line': '8'}], 'y1': [{'value': '7', 'line': '8'}], 'A': [{'value': '-4', 'line': '9'}], 'B': [{'value': '-3', 'line': '10'}], 'D': [{'value': '16', 'line': '12'}], 'E': [{'value': '9', 'line': '13'}], 'F': [{'value': '5', 'line': '15'}]}}, {'res': True, 'info': {'x': [{'value': '3', 'line': '8'}], 'y': [{'value': '4', 'line': '8'}], 'r': [{'value': '5', 'line': '8'}], 'x1': [{'value': '5.6', 'line': '8'}], 'y1': [{'value': '6.2', 'line': '8'}], 'A': [{'value': '-2.6', 'line': '9'}], 'B': [{'value': '-2.2', 'line': '10'}], 'D': [{'value': '6.76', 'line': '12'}], 'E': [{'value': '4.84', 'line': '13'}], 'F': [{'value': '3.40588', 'line': '15'}]}}, {'res': True, 'info': {'x': [{'value': '-1', 'line': '8'}], 'y': [{'value': '-2', 'line': '8'}], 'r': [{'value': '5', 'line': '8'}], 'x1': [{'value': '1.5', 'line': '8'}], 'y1': [{'value': '2', 'line': '8'}], 'A': [{'value': '-2.5', 'line': '9'}], 'B': [{'value': '-4', 'line': '10'}], 'D': [{'value': '6.25', 'line': '12'}], 'E': [{'value': '16', 'line': '13'}], 'F': [{'value': '4.71699', 'line': '15'}]}}, {'res': True, 'info': {'x': [{'value': '0', 'line': '8'}], 'y': [{'value': '0', 'line': '8'}], 'r': [{'value': '5', 'line': '8'}], 'x1': [{'value': '3', 'line': '8'}], 'y1': [{'value': '4', 'line': '8'}], 'A': [{'value': '-3', 'line': '9'}], 'B': [{'value': '-4', 'line': '10'}], 'D': [{'value': '9', 'line': '12'}], 'E': [{'value': '16', 'line': '13'}], 'F': [{'value': '5', 'line': '15'}]}}, {'res': True, 'info': {'x': [{'value': '0', 'line': '8'}], 'y': [{'value': '0', 'line': '8'}], 'r': [{'value': '5', 'line': '8'}], 'x1': [{'value': '3', 'line': '8'}], 'y1': [{'value': '5', 'line': '8'}], 'A': [{'value': '-3', 'line': '9'}], 'B': [{'value': '-5', 'line': '10'}], 'D': [{'value': '9', 'line': '12'}], 'E': [{'value': '25', 'line': '13'}], 'F': [{'value': '5.83095', 'line': '15'}]}}]