[{'res': True, 'info': {'x': [{'value': '1.2', 'line': '11'}], 'y': [{'value': '2.3', 'line': '11'}], 'r': [{'value': '2.7', 'line': '11'}], 'x1': [{'value': '5.3', 'line': '11'}], 'y1': [{'value': '7.6', 'line': '11'}], 'h': [{'value': '44.9', 'line': '12'}], 'g': [{'value': '6.70075', 'line': '13'}]}}, {'res': True, 'info': {'x': [{'value': '0', 'line': '11'}], 'y': [{'value': '0', 'line': '11'}], 'r': [{'value': '5', 'line': '11'}], 'x1': [{'value': '3', 'line': '11'}], 'y1': [{'value': '7', 'line': '11'}], 'h': [{'value': '58', 'line': '12'}], 'g': [{'value': '7.61577', 'line': '13'}]}}, {'res': True, 'info': {'x': [{'value': '3', 'line': '11'}], 'y': [{'value': '4', 'line': '11'}], 'r': [{'value': '5', 'line': '11'}], 'x1': [{'value': '7', 'line': '11'}], 'y1': [{'value': '7', 'line': '11'}], 'h': [{'value': '25', 'line': '12'}], 'g': [{'value': '5', 'line': '13'}]}}, {'res': True, 'info': {'x': [{'value': '3', 'line': '11'}], 'y': [{'value': '4', 'line': '11'}], 'r': [{'value': '5', 'line': '11'}], 'x1': [{'value': '5.6', 'line': '11'}], 'y1': [{'value': '6.2', 'line': '11'}], 'h': [{'value': '11.6', 'line': '12'}], 'g': [{'value': '3.40588', 'line': '13'}]}}, {'res': True, 'info': {'x': [{'value': '-1', 'line': '11'}], 'y': [{'value': '-2', 'line': '11'}], 'r': [{'value': '5', 'line': '11'}], 'x1': [{'value': '1.5', 'line': '11'}], 'y1': [{'value': '2', 'line': '11'}], 'h': [{'value': '22.25', 'line': '12'}], 'g': [{'value': '4.71699', 'line': '13'}]}}, {'res': True, 'info': {'x': [{'value': '0', 'line': '11'}], 'y': [{'value': '0', 'line': '11'}], 'r': [{'value': '5', 'line': '11'}], 'x1': [{'value': '3', 'line': '11'}], 'y1': [{'value': '4', 'line': '11'}], 'h': [{'value': '25', 'line': '12'}], 'g': [{'value': '5', 'line': '13'}]}}, {'res': True, 'info': {'x': [{'value': '0', 'line': '11'}], 'y': [{'value': '0', 'line': '11'}], 'r': [{'value': '5', 'line': '11'}], 'x1': [{'value': '3', 'line': '11'}], 'y1': [{'value': '5', 'line': '11'}], 'h': [{'value': '34', 'line': '12'}], 'g': [{'value': '5.83095', 'line': '13'}]}}]