[{'res': False, 'info': {'count': [{'value': '0', 'line': '40'}], 'a': [{'value': '2003', 'line': '41'}], 'b': [{'value': '5', 'line': '41'}], 'c': [{'value': '25', 'line': '41'}], 'num': [{'value': '2487', 'line': '42'}], 'flag': [{'value': '0', 'line': '5'}, {'value': '0', 'line': '7'}], 'k': [{'value': '0', 'line': '8'}, {'value': '30', 'line': '26'}, {'value': '60', 'line': '28'}, {'value': '88', 'line': '30'}, {'value': '119', 'line': '32'}, {'value': '144', 'line': '35'}, {'value': '6', 'line': '44'}], 'f': [{'value': '144', 'line': '43'}]}}, {'res': False, 'info': {'count': [{'value': '0', 'line': '40'}], 'a': [{'value': '1988', 'line': '41'}], 'b': [{'value': '6', 'line': '41'}], 'c': [{'value': '1', 'line': '41'}], 'num': [{'value': '2468', 'line': '42'}], 'flag': [{'value': '0', 'line': '5'}, {'value': '1', 'line': '6'}], 'k': [{'value': '0', 'line': '8'}, {'value': '31', 'line': '24'}, {'value': '61', 'line': '26'}, {'value': '91', 'line': '28'}, {'value': '120', 'line': '30'}, {'value': '151', 'line': '32'}, {'value': '152', 'line': '35'}, {'value': '2', 'line': '44'}], 'f': [{'value': '152', 'line': '43'}]}}, {'res': False, 'info': {'count': [{'value': '0', 'line': '40'}], 'a': [{'value': '2020', 'line': '41'}], 'b': [{'value': '1', 'line': '41'}], 'c': [{'value': '5', 'line': '41'}], 'num': [{'value': '2508', 'line': '42'}], 'flag': [{'value': '0', 'line': '5'}, {'value': '1', 'line': '6'}], 'k': [{'value': '0', 'line': '8'}, {'value': '5', 'line': '35'}, {'value': '0', 'line': '44'}], 'f': [{'value': '5', 'line': '43'}]}}, {'res': False, 'info': {'count': [{'value': '0', 'line': '40'}], 'a': [{'value': '2000', 'line': '41'}], 'b': [{'value': '1', 'line': '41'}], 'c': [{'value': '1', 'line': '41'}], 'num': [{'value': '2483', 'line': '42'}], 'flag': [{'value': '0', 'line': '5'}, {'value': '0', 'line': '7'}], 'k': [{'value': '0', 'line': '8'}, {'value': '1', 'line': '35'}, {'value': '6', 'line': '44'}], 'f': [{'value': '1', 'line': '43'}]}}, {'res': False, 'info': {'count': [{'value': '0', 'line': '40'}], 'a': [{'value': '2004', 'line': '41'}], 'b': [{'value': '3', 'line': '41'}], 'c': [{'value': '1', 'line': '41'}], 'num': [{'value': '2488', 'line': '42'}], 'flag': [{'value': '0', 'line': '5'}, {'value': '1', 'line': '6'}], 'k': [{'value': '0', 'line': '8'}, {'value': '29', 'line': '30'}, {'value': '60', 'line': '32'}, {'value': '61', 'line': '35'}, {'value': '1', 'line': '44'}], 'f': [{'value': '61', 'line': '43'}]}}, {'res': False, 'info': {'count': [{'value': '0', 'line': '40'}], 'a': [{'value': '2003', 'line': '41'}], 'b': [{'value': '3', 'line': '41'}], 'c': [{'value': '1', 'line': '41'}], 'num': [{'value': '2487', 'line': '42'}], 'flag': [{'value': '0', 'line': '5'}, {'value': '0', 'line': '7'}], 'k': [{'value': '0', 'line': '8'}, {'value': '28', 'line': '30'}, {'value': '59', 'line': '32'}, {'value': '60', 'line': '35'}, {'value': '6', 'line': '44'}], 'f': [{'value': '60', 'line': '43'}]}}, {'res': False, 'info': {'count': [{'value': '0', 'line': '40'}], 'a': [{'value': '1953', 'line': '41'}], 'b': [{'value': '8', 'line': '41'}], 'c': [{'value': '21', 'line': '41'}], 'num': [{'value': '2425', 'line': '42'}], 'flag': [{'value': '0', 'line': '5'}, {'value': '0', 'line': '7'}], 'k': [{'value': '0', 'line': '8'}, {'value': '31', 'line': '20'}, {'value': '61', 'line': '22'}, {'value': '92', 'line': '24'}, {'value': '122', 'line': '26'}, {'value': '152', 'line': '28'}, {'value': '180', 'line': '30'}, {'value': '211', 'line': '32'}, {'value': '232', 'line': '35'}, {'value': '4', 'line': '44'}], 'f': [{'value': '232', 'line': '43'}]}}, {'res': False, 'info': {'count': [{'value': '0', 'line': '40'}], 'a': [{'value': '1987', 'line': '41'}], 'b': [{'value': '4', 'line': '41'}], 'c': [{'value': '23', 'line': '41'}], 'num': [{'value': '2467', 'line': '42'}], 'flag': [{'value': '0', 'line': '5'}, {'value': '0', 'line': '7'}], 'k': [{'value': '0', 'line': '8'}, {'value': '30', 'line': '28'}, {'value': '58', 'line': '30'}, {'value': '89', 'line': '32'}, {'value': '112', 'line': '35'}, {'value': '3', 'line': '44'}], 'f': [{'value': '112', 'line': '43'}]}}, {'res': False, 'info': {'count': [{'value': '0', 'line': '40'}], 'a': [{'value': '1887', 'line': '41'}], 'b': [{'value': '9', 'line': '41'}], 'c': [{'value': '20', 'line': '41'}], 'num': [{'value': '2343', 'line': '42'}], 'flag': [{'value': '0', 'line': '5'}, {'value': '0', 'line': '7'}], 'k': [{'value': '0', 'line': '8'}, {'value': '31', 'line': '18'}, {'value': '62', 'line': '20'}, {'value': '92', 'line': '22'}, {'value': '123', 'line': '24'}, {'value': '153', 'line': '26'}, {'value': '183', 'line': '28'}, {'value': '211', 'line': '30'}, {'value': '242', 'line': '32'}, {'value': '262', 'line': '35'}, {'value': '1', 'line': '44'}], 'f': [{'value': '262', 'line': '43'}]}}, {'res': False, 'info': {'count': [{'value': '0', 'line': '40'}], 'a': [{'value': '1808', 'line': '41'}], 'b': [{'value': '8', 'line': '41'}], 'c': [{'value': '8', 'line': '41'}], 'num': [{'value': '2244', 'line': '42'}], 'flag': [{'value': '0', 'line': '5'}, {'value': '1', 'line': '6'}], 'k': [{'value': '0', 'line': '8'}, {'value': '31', 'line': '20'}, {'value': '61', 'line': '22'}, {'value': '92', 'line': '24'}, {'value': '122', 'line': '26'}, {'value': '152', 'line': '28'}, {'value': '181', 'line': '30'}, {'value': '212', 'line': '32'}, {'value': '220', 'line': '35'}, {'value': '0', 'line': '44'}], 'f': [{'value': '220', 'line': '43'}]}}]