[{'res': False, 'info': {'ffff': [{'value': '1', 'line': '54'}], 'Week': [{'value': '6', 'line': '13'}, {'value': '5', 'line': '14'}], 'a': [{'value': '1', 'line': '50'}]}}, {'res': False, 'info': {'ffff': [{'value': '1', 'line': '54'}], 'Week': [{'value': '2', 'line': '13'}, {'value': '1', 'line': '14'}], 'a': [{'value': '1', 'line': '50'}]}}, {'res': False, 'info': {'ffff': [{'value': '1', 'line': '54'}], 'm': [{'value': '13', 'line': '10'}], 'y': [{'value': '2019', 'line': '11'}], 'Week': [{'value': '6', 'line': '13'}, {'value': '5', 'line': '14'}], 'a': [{'value': '1', 'line': '50'}]}}, {'res': False, 'info': {'ffff': [{'value': '1', 'line': '54'}], 'm': [{'value': '13', 'line': '10'}], 'y': [{'value': '1999', 'line': '11'}], 'Week': [{'value': '5', 'line': '13'}, {'value': '4', 'line': '14'}], 'a': [{'value': '1', 'line': '50'}]}}, {'res': False, 'info': {'ffff': [{'value': '1', 'line': '54'}], 'Week': [{'value': '0', 'line': '13'}, {'value': '-1', 'line': '14'}]}}, {'res': False, 'info': {'ffff': [{'value': '1', 'line': '54'}], 'Week': [{'value': '5', 'line': '13'}, {'value': '4', 'line': '14'}], 'a': [{'value': '1', 'line': '50'}]}}, {'res': False, 'info': {'ffff': [{'value': '1', 'line': '54'}], 'Week': [{'value': '4', 'line': '13'}, {'value': '3', 'line': '14'}], 'a': [{'value': '1', 'line': '50'}]}}, {'res': False, 'info': {'ffff': [{'value': '1', 'line': '54'}], 'Week': [{'value': '3', 'line': '13'}, {'value': '2', 'line': '14'}], 'a': [{'value': '1', 'line': '50'}]}}, {'res': False, 'info': {'ffff': [{'value': '1', 'line': '54'}], 'Week': [{'value': '1', 'line': '13'}, {'value': '0', 'line': '14'}], 'a': [{'value': '1', 'line': '50'}]}}, {'res': False, 'info': {'ffff': [{'value': '1', 'line': '54'}], 'Week': [{'value': '0', 'line': '13'}, {'value': '-1', 'line': '14'}]}}]