61 61 1906128
62 62 2031120
63 63 2162160
64 64 2299440
65 65 2443155
66 66 2593503
67 67 2750685
68 68 2914905
69 69 3086370
70 70 3265290
71 71 3451878
72 72 3646350
73 73 3848925
74 74 4059825
75 75 4279275
76 76 4507503
77 77 4744740
78 78 4991220
79 79 5247180
80 80 5512860