[{'res': True, 'info': {'i': [{'value': '0', 'line': '5'}, {'value': '0', 'line': '8'}, {'value': '1', 'line': '8'}, {'value': '2', 'line': '8'}, {'value': '3', 'line': '8'}, {'value': '4', 'line': '8'}], 'N': [{'value': '1', 'line': '6'}, {'value': '5', 'line': '7'}], 'k': [{'value': '0', 'line': '14'}, {'value': '1', 'line': '14'}, {'value': '2', 'line': '14'}, {'value': '3', 'line': '14'}, {'value': '4', 'line': '14'}, {'value': '1', 'line': '14'}, {'value': '2', 'line': '14'}, {'value': '3', 'line': '14'}, {'value': '4', 'line': '14'}, {'value': '2', 'line': '14'}, {'value': '3', 'line': '14'}, {'value': '4', 'line': '14'}, {'value': '3', 'line': '14'}, {'value': '4', 'line': '14'}, {'value': '4', 'line': '14'}], 'j': [{'value': '1', 'line': '10'}, {'value': '2', 'line': '10'}, {'value': '1', 'line': '10'}, {'value': '3', 'line': '10'}, {'value': '2', 'line': '10'}, {'value': '1', 'line': '10'}, {'value': '4', 'line': '10'}, {'value': '3', 'line': '10'}, {'value': '2', 'line': '10'}, {'value': '1', 'line': '10'}]}}, {'res': True, 'info': {'i': [{'value': '0', 'line': '5'}, {'value': '0', 'line': '8'}, {'value': '1', 'line': '8'}], 'N': [{'value': '1', 'line': '6'}, {'value': '2', 'line': '7'}], 'k': [{'value': '0', 'line': '14'}, {'value': '1', 'line': '14'}, {'value': '1', 'line': '14'}], 'j': [{'value': '1', 'line': '10'}]}}, {'res': True, 'info': {'i': [{'value': '0', 'line': '5'}, {'value': '0', 'line': '8'}, {'value': '1', 'line': '8'}, {'value': '2', 'line': '8'}], 'N': [{'value': '1', 'line': '6'}, {'value': '3', 'line': '7'}], 'k': [{'value': '0', 'line': '14'}, {'value': '1', 'line': '14'}, {'value': '2', 'line': '14'}, {'value': '1', 'line': '14'}, {'value': '2', 'line': '14'}, {'value': '2', 'line': '14'}], 'j': [{'value': '1', 'line': '10'}, {'value': '2', 'line': '10'}, {'value': '1', 'line': '10'}]}}, {'res': True, 'info': {'i': [{'value': '0', 'line': '5'}, {'value': '0', 'line': '8'}, {'value': '1', 'line': '8'}, {'value': '2', 'line': '8'}, {'value': '3', 'line': '8'}, {'value': '4', 'line': '8'}, {'value': '5', 'line': '8'}], 'N': [{'value': '1', 'line': '6'}, {'value': '6', 'line': '7'}], 'k': [{'value': '0', 'line': '14'}, {'value': '1', 'line': '14'}, {'value': '2', 'line': '14'}, {'value': '3', 'line': '14'}, {'value': '4', 'line': '14'}, {'value': '5', 'line': '14'}, {'value': '1', 'line': '14'}, {'value': '2', 'line': '14'}, {'value': '3', 'line': '14'}, {'value': '4', 'line': '14'}, {'value': '5', 'line': '14'}, {'value': '2', 'line': '14'}, {'value': '3', 'line': '14'}, {'value': '4', 'line': '14'}, {'value': '5', 'line': '14'}, {'value': '3', 'line': '14'}, {'value': '4', 'line': '14'}, {'value': '5', 'line': '14'}, {'value': '4', 'line': '14'}, {'value': '5', 'line': '14'}, {'value': '5', 'line': '14'}], 'j': [{'value': '1', 'line': '10'}, {'value': '2', 'line': '10'}, {'value': '1', 'line': '10'}, {'value': '3', 'line': '10'}, {'value': '2', 'line': '10'}, {'value': '1', 'line': '10'}, {'value': '4', 'line': '10'}, {'value': '3', 'line': '10'}, {'value': '2', 'line': '10'}, {'value': '1', 'line': '10'}, {'value': '5', 'line': '10'}, {'value': '4', 'line': '10'}, {'value': '3', 'line': '10'}, {'value': '2', 'line': '10'}, {'value': '1', 'line': '10'}]}}, {'res': True, 'info': {'i': [{'value': '0', 'line': '5'}, {'value': '0', 'line': '8'}, {'value': '1', 'line': '8'}, {'value': '2', 'line': '8'}, {'value': '3', 'line': '8'}, {'value': '4', 'line': '8'}, {'value': '5', 'line': '8'}, {'value': '6', 'line': '8'}, {'value': '7', 'line': '8'}, {'value': '8', 'line': '8'}, {'value': '9', 'line': '8'}], 'N': [{'value': '1', 'line': '6'}, {'value': '10', 'line': '7'}], 'k': [{'value': '0', 'line': '14'}, {'value': '1', 'line': '14'}, {'value': '2', 'line': '14'}, {'value': '3', 'line': '14'}, {'value': '4', 'line': '14'}, {'value': '5', 'line': '14'}, {'value': '6', 'line': '14'}, {'value': '7', 'line': '14'}, {'value': '8', 'line': '14'}, {'value': '9', 'line': '14'}, {'value': '1', 'line': '14'}, {'value': '2', 'line': '14'}, {'value': '3', 'line': '14'}, {'value': '4', 'line': '14'}, {'value': '5', 'line': '14'}, {'value': '6', 'line': '14'}, {'value': '7', 'line': '14'}, {'value': '8', 'line': '14'}, {'value': '9', 'line': '14'}, {'value': '2', 'line': '14'}, {'value': '3', 'line': '14'}, {'value': '4', 'line': '14'}, {'value': '5', 'line': '14'}, {'value': '6', 'line': '14'}, {'value': '7', 'line': '14'}, {'value': '8', 'line': '14'}, {'value': '9', 'line': '14'}, {'value': '3', 'line': '14'}, {'value': '4', 'line': '14'}, {'value': '5', 'line': '14'}, {'value': '6', 'line': '14'}, {'value': '7', 'line': '14'}, {'value': '8', 'line': '14'}, {'value': '9', 'line': '14'}, {'value': '4', 'line': '14'}, {'value': '5', 'line': '14'}, {'value': '6', 'line': '14'}, {'value': '7', 'line': '14'}, {'value': '8', 'line': '14'}, {'value': '9', 'line': '14'}, {'value': '5', 'line': '14'}, {'value': '6', 'line': '14'}, {'value': '7', 'line': '14'}, {'value': '8', 'line': '14'}, {'value': '9', 'line': '14'}, {'value': '6', 'line': '14'}, {'value': '7', 'line': '14'}, {'value': '8', 'line': '14'}, {'value': '9', 'line': '14'}, {'value': '7', 'line': '14'}, {'value': '8', 'line': '14'}, {'value': '9', 'line': '14'}, {'value': '8', 'line': '14'}, {'value': '9', 'line': '14'}, {'value': '9', 'line': '14'}], 'j': [{'value': '1', 'line': '10'}, {'value': '2', 'line': '10'}, {'value': '1', 'line': '10'}, {'value': '3', 'line': '10'}, {'value': '2', 'line': '10'}, {'value': '1', 'line': '10'}, {'value': '4', 'line': '10'}, {'value': '3', 'line': '10'}, {'value': '2', 'line': '10'}, {'value': '1', 'line': '10'}, {'value': '5', 'line': '10'}, {'value': '4', 'line': '10'}, {'value': '3', 'line': '10'}, {'value': '2', 'line': '10'}, {'value': '1', 'line': '10'}, {'value': '6', 'line': '10'}, {'value': '5', 'line': '10'}, {'value': '4', 'line': '10'}, {'value': '3', 'line': '10'}, {'value': '2', 'line': '10'}, {'value': '1', 'line': '10'}, {'value': '7', 'line': '10'}, {'value': '6', 'line': '10'}, {'value': '5', 'line': '10'}, {'value': '4', 'line': '10'}, {'value': '3', 'line': '10'}, {'value': '2', 'line': '10'}, {'value': '1', 'line': '10'}, {'value': '8', 'line': '10'}, {'value': '7', 'line': '10'}, {'value': '6', 'line': '10'}, {'value': '5', 'line': '10'}, {'value': '4', 'line': '10'}, {'value': '3', 'line': '10'}, {'value': '2', 'line': '10'}, {'value': '1', 'line': '10'}, {'value': '9', 'line': '10'}, {'value': '8', 'line': '10'}, {'value': '7', 'line': '10'}, {'value': '6', 'line': '10'}, {'value': '5', 'line': '10'}, {'value': '4', 'line': '10'}, {'value': '3', 'line': '10'}, {'value': '2', 'line': '10'}, {'value': '1', 'line': '10'}]}}, {'res': True, 'info': {'i': [{'value': '0', 'line': '5'}, {'value': '0', 'line': '8'}], 'N': [{'value': '1', 'line': '6'}, {'value': '1', 'line': '7'}], 'k': [{'value': '0', 'line': '14'}]}}]