[{'res': False, 'info': {'N': [{'value': '2', 'line': '6'}], 'j': [{'value': '2', 'line': '7'}, {'value': '1', 'line': '7'}], 'i': [{'value': '2', 'line': '10'}, {'value': '1', 'line': '10'}, {'value': '2', 'line': '10'}, {'value': '1', 'line': '10'}]}}, {'res': False, 'info': {'N': [{'value': '4', 'line': '6'}], 'j': [{'value': '4', 'line': '7'}, {'value': '3', 'line': '7'}, {'value': '2', 'line': '7'}, {'value': '1', 'line': '7'}], 'i': [{'value': '4', 'line': '10'}, {'value': '3', 'line': '10'}, {'value': '2', 'line': '10'}, {'value': '1', 'line': '10'}, {'value': '4', 'line': '10'}, {'value': '3', 'line': '10'}, {'value': '2', 'line': '10'}, {'value': '1', 'line': '10'}, {'value': '4', 'line': '10'}, {'value': '3', 'line': '10'}, {'value': '2', 'line': '10'}, {'value': '1', 'line': '10'}, {'value': '4', 'line': '10'}, {'value': '3', 'line': '10'}, {'value': '2', 'line': '10'}, {'value': '1', 'line': '10'}]}}, {'res': False, 'info': {'N': [{'value': '5', 'line': '6'}], 'j': [{'value': '5', 'line': '7'}, {'value': '4', 'line': '7'}, {'value': '3', 'line': '7'}, {'value': '2', 'line': '7'}, {'value': '1', 'line': '7'}], 'i': [{'value': '5', 'line': '10'}, {'value': '4', 'line': '10'}, {'value': '3', 'line': '10'}, {'value': '2', 'line': '10'}, {'value': '1', 'line': '10'}, {'value': '5', 'line': '10'}, {'value': '4', 'line': '10'}, {'value': '3', 'line': '10'}, {'value': '2', 'line': '10'}, {'value': '1', 'line': '10'}, {'value': '5', 'line': '10'}, {'value': '4', 'line': '10'}, {'value': '3', 'line': '10'}, {'value': '2', 'line': '10'}, {'value': '1', 'line': '10'}, {'value': '5', 'line': '10'}, {'value': '4', 'line': '10'}, {'value': '3', 'line': '10'}, {'value': '2', 'line': '10'}, {'value': '1', 'line': '10'}, {'value': '5', 'line': '10'}, {'value': '4', 'line': '10'}, {'value': '3', 'line': '10'}, {'value': '2', 'line': '10'}, {'value': '1', 'line': '10'}]}}, {'res': False, 'info': {'N': [{'value': '1', 'line': '6'}], 'j': [{'value': '1', 'line': '7'}], 'i': [{'value': '1', 'line': '10'}]}}, {'res': False, 'info': {'N': [{'value': '10', 'line': '6'}], 'j': [{'value': '10', 'line': '7'}, {'value': '9', 'line': '7'}, {'value': '8', 'line': '7'}, {'value': '7', 'line': '7'}, {'value': '6', 'line': '7'}, {'value': '5', 'line': '7'}, {'value': '4', 'line': '7'}, {'value': '3', 'line': '7'}, {'value': '2', 'line': '7'}, {'value': '1', 'line': '7'}], 'i': [{'value': '10', 'line': '10'}, {'value': '9', 'line': '10'}, {'value': '8', 'line': '10'}, {'value': '7', 'line': '10'}, {'value': '6', 'line': '10'}, {'value': '5', 'line': '10'}, {'value': '4', 'line': '10'}, {'value': '3', 'line': '10'}, {'value': '2', 'line': '10'}, {'value': '1', 'line': '10'}, {'value': '10', 'line': '10'}, {'value': '9', 'line': '10'}, {'value': '8', 'line': '10'}, {'value': '7', 'line': '10'}, {'value': '6', 'line': '10'}, {'value': '5', 'line': '10'}, {'value': '4', 'line': '10'}, {'value': '3', 'line': '10'}, {'value': '2', 'line': '10'}, {'value': '1', 'line': '10'}, {'value': '10', 'line': '10'}, {'value': '9', 'line': '10'}, {'value': '8', 'line': '10'}, {'value': '7', 'line': '10'}, {'value': '6', 'line': '10'}, {'value': '5', 'line': '10'}, {'value': '4', 'line': '10'}, {'value': '3', 'line': '10'}, {'value': '2', 'line': '10'}, {'value': '1', 'line': '10'}, {'value': '10', 'line': '10'}, {'value': '9', 'line': '10'}, {'value': '8', 'line': '10'}, {'value': '7', 'line': '10'}, {'value': '6', 'line': '10'}, {'value': '5', 'line': '10'}, {'value': '4', 'line': '10'}, {'value': '3', 'line': '10'}, {'value': '2', 'line': '10'}, {'value': '1', 'line': '10'}, {'value': '10', 'line': '10'}, {'value': '9', 'line': '10'}, {'value': '8', 'line': '10'}, {'value': '7', 'line': '10'}, {'value': '6', 'line': '10'}, {'value': '5', 'line': '10'}, {'value': '4', 'line': '10'}, {'value': '3', 'line': '10'}, {'value': '2', 'line': '10'}, {'value': '1', 'line': '10'}, {'value': '10', 'line': '10'}, {'value': '9', 'line': '10'}, {'value': '8', 'line': '10'}, {'value': '7', 'line': '10'}, {'value': '6', 'line': '10'}, {'value': '5', 'line': '10'}, {'value': '4', 'line': '10'}, {'value': '3', 'line': '10'}, {'value': '2', 'line': '10'}, {'value': '1', 'line': '10'}, {'value': '10', 'line': '10'}, {'value': '9', 'line': '10'}, {'value': '8', 'line': '10'}, {'value': '7', 'line': '10'}, {'value': '6', 'line': '10'}, {'value': '5', 'line': '10'}, {'value': '4', 'line': '10'}, {'value': '3', 'line': '10'}, {'value': '2', 'line': '10'}, {'value': '1', 'line': '10'}, {'value': '10', 'line': '10'}, {'value': '9', 'line': '10'}, {'value': '8', 'line': '10'}, {'value': '7', 'line': '10'}, {'value': '6', 'line': '10'}, {'value': '5', 'line': '10'}, {'value': '4', 'line': '10'}, {'value': '3', 'line': '10'}, {'value': '2', 'line': '10'}, {'value': '1', 'line': '10'}, {'value': '10', 'line': '10'}, {'value': '9', 'line': '10'}, {'value': '8', 'line': '10'}, {'value': '7', 'line': '10'}, {'value': '6', 'line': '10'}, {'value': '5', 'line': '10'}, {'value': '4', 'line': '10'}, {'value': '3', 'line': '10'}, {'value': '2', 'line': '10'}, {'value': '1', 'line': '10'}, {'value': '10', 'line': '10'}, {'value': '9', 'line': '10'}, {'value': '8', 'line': '10'}, {'value': '7', 'line': '10'}, {'value': '6', 'line': '10'}, {'value': '5', 'line': '10'}, {'value': '4', 'line': '10'}, {'value': '3', 'line': '10'}, {'value': '2', 'line': '10'}, {'value': '1', 'line': '10'}]}}]