[{'res': True, 'info': {'day': [{'value': '25', 'line': '6'}], 'year': [{'value': '2003', 'line': '6'}], 'month': [{'value': '5', 'line': '6'}], 'ans': [{'value': '0', 'line': '7'}], 'w': [{'value': '145', 'line': '7'}], 'x': [{'value': '0', 'line': '8'}]}}, {'res': True, 'info': {'day': [{'value': '1', 'line': '6'}], 'year': [{'value': '1988', 'line': '6'}], 'month': [{'value': '6', 'line': '6'}], 'ans': [{'value': '0', 'line': '7'}, {'value': '145', 'line': '11'}, {'value': '511', 'line': '15'}, {'value': '876', 'line': '17'}, {'value': '1241', 'line': '17'}, {'value': '1606', 'line': '17'}, {'value': '1972', 'line': '15'}, {'value': '2337', 'line': '17'}, {'value': '2702', 'line': '17'}, {'value': '3067', 'line': '17'}, {'value': '3433', 'line': '15'}, {'value': '3798', 'line': '17'}, {'value': '4163', 'line': '17'}, {'value': '4528', 'line': '17'}, {'value': '4894', 'line': '15'}, {'value': '5259', 'line': '17'}, {'value': '5624', 'line': '17'}, {'value': '5471', 'line': '45'}], 'w': [{'value': '145', 'line': '7'}], 'x': [{'value': '0', 'line': '8'}, {'value': '31', 'line': '24'}, {'value': '60', 'line': '26'}, {'value': '91', 'line': '24'}, {'value': '121', 'line': '28'}, {'value': '152', 'line': '24'}, {'value': '153', 'line': '30'}], 'i': [{'value': '1988', 'line': '12'}, {'value': '1989', 'line': '12'}, {'value': '1990', 'line': '12'}, {'value': '1991', 'line': '12'}, {'value': '1992', 'line': '12'}, {'value': '1993', 'line': '12'}, {'value': '1994', 'line': '12'}, {'value': '1995', 'line': '12'}, {'value': '1996', 'line': '12'}, {'value': '1997', 'line': '12'}, {'value': '1998', 'line': '12'}, {'value': '1999', 'line': '12'}, {'value': '2000', 'line': '12'}, {'value': '2001', 'line': '12'}, {'value': '2002', 'line': '12'}, {'value': '1', 'line': '21'}, {'value': '2', 'line': '21'}, {'value': '3', 'line': '21'}, {'value': '4', 'line': '21'}, {'value': '5', 'line': '21'}]}}, {'res': True, 'info': {'day': [{'value': '5', 'line': '6'}], 'year': [{'value': '2020', 'line': '6'}], 'month': [{'value': '1', 'line': '6'}], 'ans': [{'value': '0', 'line': '7'}, {'value': '365', 'line': '68'}, {'value': '731', 'line': '66'}, {'value': '1096', 'line': '68'}, {'value': '1461', 'line': '68'}, {'value': '1826', 'line': '68'}, {'value': '2192', 'line': '66'}, {'value': '2557', 'line': '68'}, {'value': '2922', 'line': '68'}, {'value': '3287', 'line': '68'}, {'value': '3653', 'line': '66'}, {'value': '4018', 'line': '68'}, {'value': '4383', 'line': '68'}, {'value': '4748', 'line': '68'}, {'value': '5114', 'line': '66'}, {'value': '5479', 'line': '68'}, {'value': '5844', 'line': '68'}, {'value': '6209', 'line': '68'}, {'value': '6069', 'line': '96'}], 'w': [{'value': '145', 'line': '7'}], 'x': [{'value': '0', 'line': '8'}, {'value': '5', 'line': '81'}], 'i': [{'value': '2003', 'line': '63'}, {'value': '2004', 'line': '63'}, {'value': '2005', 'line': '63'}, {'value': '2006', 'line': '63'}, {'value': '2007', 'line': '63'}, {'value': '2008', 'line': '63'}, {'value': '2009', 'line': '63'}, {'value': '2010', 'line': '63'}, {'value': '2011', 'line': '63'}, {'value': '2012', 'line': '63'}, {'value': '2013', 'line': '63'}, {'value': '2014', 'line': '63'}, {'value': '2015', 'line': '63'}, {'value': '2016', 'line': '63'}, {'value': '2017', 'line': '63'}, {'value': '2018', 'line': '63'}, {'value': '2019', 'line': '63'}]}}, {'res': True, 'info': {'day': [{'value': '1', 'line': '6'}], 'year': [{'value': '2000', 'line': '6'}], 'month': [{'value': '1', 'line': '6'}], 'ans': [{'value': '0', 'line': '7'}, {'value': '145', 'line': '11'}, {'value': '511', 'line': '15'}, {'value': '876', 'line': '17'}, {'value': '1241', 'line': '17'}, {'value': '1240', 'line': '45'}], 'w': [{'value': '145', 'line': '7'}], 'x': [{'value': '0', 'line': '8'}, {'value': '1', 'line': '30'}], 'i': [{'value': '2000', 'line': '12'}, {'value': '2001', 'line': '12'}, {'value': '2002', 'line': '12'}]}}, {'res': True, 'info': {'day': [{'value': '1', 'line': '6'}], 'year': [{'value': '2004', 'line': '6'}], 'month': [{'value': '3', 'line': '6'}], 'ans': [{'value': '0', 'line': '7'}, {'value': '365', 'line': '68'}, {'value': '281', 'line': '96'}], 'w': [{'value': '145', 'line': '7'}], 'x': [{'value': '0', 'line': '8'}, {'value': '31', 'line': '75'}, {'value': '60', 'line': '77'}, {'value': '61', 'line': '81'}], 'i': [{'value': '2003', 'line': '63'}, {'value': '1', 'line': '72'}, {'value': '2', 'line': '72'}]}}, {'res': True, 'info': {'day': [{'value': '1', 'line': '6'}], 'year': [{'value': '2003', 'line': '6'}], 'month': [{'value': '3', 'line': '6'}], 'ans': [{'value': '0', 'line': '7'}, {'value': '85', 'line': '153'}], 'w': [{'value': '145', 'line': '7'}], 'x': [{'value': '0', 'line': '8'}, {'value': '31', 'line': '146'}, {'value': '61', 'line': '150'}, {'value': '86', 'line': '152'}], 'i': [{'value': '3', 'line': '143'}, {'value': '4', 'line': '143'}]}}, {'res': True, 'info': {'day': [{'value': '21', 'line': '6'}], 'year': [{'value': '1953', 'line': '6'}], 'month': [{'value': '8', 'line': '6'}], 'ans': [{'value': '0', 'line': '7'}, {'value': '145', 'line': '11'}, {'value': '510', 'line': '17'}, {'value': '875', 'line': '17'}, {'value': '1240', 'line': '17'}, {'value': '1606', 'line': '15'}, {'value': '1971', 'line': '17'}, {'value': '2336', 'line': '17'}, {'value': '2701', 'line': '17'}, {'value': '3067', 'line': '15'}, {'value': '3432', 'line': '17'}, {'value': '3797', 'line': '17'}, {'value': '4162', 'line': '17'}, {'value': '4528', 'line': '15'}, {'value': '4893', 'line': '17'}, {'value': '5258', 'line': '17'}, {'value': '5623', 'line': '17'}, {'value': '5989', 'line': '15'}, {'value': '6354', 'line': '17'}, {'value': '6719', 'line': '17'}, {'value': '7084', 'line': '17'}, {'value': '7450', 'line': '15'}, {'value': '7815', 'line': '17'}, {'value': '8180', 'line': '17'}, {'value': '8545', 'line': '17'}, {'value': '8911', 'line': '15'}, {'value': '9276', 'line': '17'}, {'value': '9641', 'line': '17'}, {'value': '10006', 'line': '17'}, {'value': '10372', 'line': '15'}, {'value': '10737', 'line': '17'}, {'value': '11102', 'line': '17'}, {'value': '11467', 'line': '17'}, {'value': '11833', 'line': '15'}, {'value': '12198', 'line': '17'}, {'value': '12563', 'line': '17'}, {'value': '12928', 'line': '17'}, {'value': '13294', 'line': '15'}, {'value': '13659', 'line': '17'}, {'value': '14024', 'line': '17'}, {'value': '14389', 'line': '17'}, {'value': '14755', 'line': '15'}, {'value': '15120', 'line': '17'}, {'value': '15485', 'line': '17'}, {'value': '15850', 'line': '17'}, {'value': '16216', 'line': '15'}, {'value': '16581', 'line': '17'}, {'value': '16946', 'line': '17'}, {'value': '17311', 'line': '17'}, {'value': '17677', 'line': '15'}, {'value': '18042', 'line': '17'}, {'value': '18407', 'line': '17'}, {'value': '18174', 'line': '45'}], 'w': [{'value': '145', 'line': '7'}], 'x': [{'value': '0', 'line': '8'}, {'value': '31', 'line': '37'}, {'value': '59', 'line': '39'}, {'value': '90', 'line': '37'}, {'value': '120', 'line': '41'}, {'value': '151', 'line': '37'}, {'value': '181', 'line': '41'}, {'value': '212', 'line': '37'}, {'value': '233', 'line': '43'}], 'i': [{'value': '1953', 'line': '12'}, {'value': '1954', 'line': '12'}, {'value': '1955', 'line': '12'}, {'value': '1956', 'line': '12'}, {'value': '1957', 'line': '12'}, {'value': '1958', 'line': '12'}, {'value': '1959', 'line': '12'}, {'value': '1960', 'line': '12'}, {'value': '1961', 'line': '12'}, {'value': '1962', 'line': '12'}, {'value': '1963', 'line': '12'}, {'value': '1964', 'line': '12'}, {'value': '1965', 'line': '12'}, {'value': '1966', 'line': '12'}, {'value': '1967', 'line': '12'}, {'value': '1968', 'line': '12'}, {'value': '1969', 'line': '12'}, {'value': '1970', 'line': '12'}, {'value': '1971', 'line': '12'}, {'value': '1972', 'line': '12'}, {'value': '1973', 'line': '12'}, {'value': '1974', 'line': '12'}, {'value': '1975', 'line': '12'}, {'value': '1976', 'line': '12'}, {'value': '1977', 'line': '12'}, {'value': '1978', 'line': '12'}, {'value': '1979', 'line': '12'}, {'value': '1980', 'line': '12'}, {'value': '1981', 'line': '12'}, {'value': '1982', 'line': '12'}, {'value': '1983', 'line': '12'}, {'value': '1984', 'line': '12'}, {'value': '1985', 'line': '12'}, {'value': '1986', 'line': '12'}, {'value': '1987', 'line': '12'}, {'value': '1988', 'line': '12'}, {'value': '1989', 'line': '12'}, {'value': '1990', 'line': '12'}, {'value': '1991', 'line': '12'}, {'value': '1992', 'line': '12'}, {'value': '1993', 'line': '12'}, {'value': '1994', 'line': '12'}, {'value': '1995', 'line': '12'}, {'value': '1996', 'line': '12'}, {'value': '1997', 'line': '12'}, {'value': '1998', 'line': '12'}, {'value': '1999', 'line': '12'}, {'value': '2000', 'line': '12'}, {'value': '2001', 'line': '12'}, {'value': '2002', 'line': '12'}, {'value': '1', 'line': '34'}, {'value': '2', 'line': '34'}, {'value': '3', 'line': '34'}, {'value': '4', 'line': '34'}, {'value': '5', 'line': '34'}, {'value': '6', 'line': '34'}, {'value': '7', 'line': '34'}]}}, {'res': True, 'info': {'day': [{'value': '23', 'line': '6'}], 'year': [{'value': '1987', 'line': '6'}], 'month': [{'value': '4', 'line': '6'}], 'ans': [{'value': '0', 'line': '7'}, {'value': '145', 'line': '11'}, {'value': '510', 'line': '17'}, {'value': '876', 'line': '15'}, {'value': '1241', 'line': '17'}, {'value': '1606', 'line': '17'}, {'value': '1971', 'line': '17'}, {'value': '2337', 'line': '15'}, {'value': '2702', 'line': '17'}, {'value': '3067', 'line': '17'}, {'value': '3432', 'line': '17'}, {'value': '3798', 'line': '15'}, {'value': '4163', 'line': '17'}, {'value': '4528', 'line': '17'}, {'value': '4893', 'line': '17'}, {'value': '5259', 'line': '15'}, {'value': '5624', 'line': '17'}, {'value': '5989', 'line': '17'}, {'value': '5876', 'line': '45'}], 'w': [{'value': '145', 'line': '7'}], 'x': [{'value': '0', 'line': '8'}, {'value': '31', 'line': '37'}, {'value': '59', 'line': '39'}, {'value': '90', 'line': '37'}, {'value': '113', 'line': '43'}], 'i': [{'value': '1987', 'line': '12'}, {'value': '1988', 'line': '12'}, {'value': '1989', 'line': '12'}, {'value': '1990', 'line': '12'}, {'value': '1991', 'line': '12'}, {'value': '1992', 'line': '12'}, {'value': '1993', 'line': '12'}, {'value': '1994', 'line': '12'}, {'value': '1995', 'line': '12'}, {'value': '1996', 'line': '12'}, {'value': '1997', 'line': '12'}, {'value': '1998', 'line': '12'}, {'value': '1999', 'line': '12'}, {'value': '2000', 'line': '12'}, {'value': '2001', 'line': '12'}, {'value': '2002', 'line': '12'}, {'value': '1', 'line': '34'}, {'value': '2', 'line': '34'}, {'value': '3', 'line': '34'}]}}, {'res': True, 'info': {'day': [{'value': '20', 'line': '6'}], 'year': [{'value': '1887', 'line': '6'}], 'month': [{'value': '9', 'line': '6'}], 'ans': [{'value': '0', 'line': '7'}, {'value': '145', 'line': '11'}, {'value': '510', 'line': '17'}, {'value': '876', 'line': '15'}, {'value': '1241', 'line': '17'}, {'value': '1606', 'line': '17'}, {'value': '1971', 'line': '17'}, {'value': '2337', 'line': '15'}, {'value': '2702', 'line': '17'}, {'value': '3067', 'line': '17'}, {'value': '3432', 'line': '17'}, {'value': '3798', 'line': '15'}, {'value': '4163', 'line': '17'}, {'value': '4528', 'line': '17'}, {'value': '4893', 'line': '17'}, {'value': '5258', 'line': '17'}, {'value': '5623', 'line': '17'}, {'value': '5988', 'line': '17'}, {'value': '6353', 'line': '17'}, {'value': '6719', 'line': '15'}, {'value': '7084', 'line': '17'}, {'value': '7449', 'line': '17'}, {'value': '7814', 'line': '17'}, {'value': '8180', 'line': '15'}, {'value': '8545', 'line': '17'}, {'value': '8910', 'line': '17'}, {'value': '9275', 'line': '17'}, {'value': '9641', 'line': '15'}, {'value': '10006', 'line': '17'}, {'value': '10371', 'line': '17'}, {'value': '10736', 'line': '17'}, {'value': '11102', 'line': '15'}, {'value': '11467', 'line': '17'}, {'value': '11832', 'line': '17'}, {'value': '12197', 'line': '17'}, {'value': '12563', 'line': '15'}, {'value': '12928', 'line': '17'}, {'value': '13293', 'line': '17'}, {'value': '13658', 'line': '17'}, {'value': '14024', 'line': '15'}, {'value': '14389', 'line': '17'}, {'value': '14754', 'line': '17'}, {'value': '15119', 'line': '17'}, {'value': '15485', 'line': '15'}, {'value': '15850', 'line': '17'}, {'value': '16215', 'line': '17'}, {'value': '16580', 'line': '17'}, {'value': '16946', 'line': '15'}, {'value': '17311', 'line': '17'}, {'value': '17676', 'line': '17'}, {'value': '18041', 'line': '17'}, {'value': '18407', 'line': '15'}, {'value': '18772', 'line': '17'}, {'value': '19137', 'line': '17'}, {'value': '19502', 'line': '17'}, {'value': '19868', 'line': '15'}, {'value': '20233', 'line': '17'}, {'value': '20598', 'line': '17'}, {'value': '20963', 'line': '17'}, {'value': '21329', 'line': '15'}, {'value': '21694', 'line': '17'}, {'value': '22059', 'line': '17'}, {'value': '22424', 'line': '17'}, {'value': '22790', 'line': '15'}, {'value': '23155', 'line': '17'}, {'value': '23520', 'line': '17'}, {'value': '23885', 'line': '17'}, {'value': '24251', 'line': '15'}, {'value': '24616', 'line': '17'}, {'value': '24981', 'line': '17'}, {'value': '25346', 'line': '17'}, {'value': '25712', 'line': '15'}, {'value': '26077', 'line': '17'}, {'value': '26442', 'line': '17'}, {'value': '26807', 'line': '17'}, {'value': '27173', 'line': '15'}, {'value': '27538', 'line': '17'}, {'value': '27903', 'line': '17'}, {'value': '28268', 'line': '17'}, {'value': '28634', 'line': '15'}, {'value': '28999', 'line': '17'}, {'value': '29364', 'line': '17'}, {'value': '29729', 'line': '17'}, {'value': '30095', 'line': '15'}, {'value': '30460', 'line': '17'}, {'value': '30825', 'line': '17'}, {'value': '31190', 'line': '17'}, {'value': '31556', 'line': '15'}, {'value': '31921', 'line': '17'}, {'value': '32286', 'line': '17'}, {'value': '32651', 'line': '17'}, {'value': '33017', 'line': '15'}, {'value': '33382', 'line': '17'}, {'value': '33747', 'line': '17'}, {'value': '34112', 'line': '17'}, {'value': '34478', 'line': '15'}, {'value': '34843', 'line': '17'}, {'value': '35208', 'line': '17'}, {'value': '35573', 'line': '17'}, {'value': '35939', 'line': '15'}, {'value': '36304', 'line': '17'}, {'value': '36669', 'line': '17'}, {'value': '37034', 'line': '17'}, {'value': '37400', 'line': '15'}, {'value': '37765', 'line': '17'}, {'value': '38130', 'line': '17'}, {'value': '38495', 'line': '17'}, {'value': '38861', 'line': '15'}, {'value': '39226', 'line': '17'}, {'value': '39591', 'line': '17'}, {'value': '39956', 'line': '17'}, {'value': '40322', 'line': '15'}, {'value': '40687', 'line': '17'}, {'value': '41052', 'line': '17'}, {'value': '41417', 'line': '17'}, {'value': '41783', 'line': '15'}, {'value': '42148', 'line': '17'}, {'value': '42513', 'line': '17'}, {'value': '42250', 'line': '45'}], 'w': [{'value': '145', 'line': '7'}], 'x': [{'value': '0', 'line': '8'}, {'value': '31', 'line': '37'}, {'value': '59', 'line': '39'}, {'value': '90', 'line': '37'}, {'value': '120', 'line': '41'}, {'value': '151', 'line': '37'}, {'value': '181', 'line': '41'}, {'value': '212', 'line': '37'}, {'value': '243', 'line': '37'}, {'value': '263', 'line': '43'}], 'i': [{'value': '1887', 'line': '12'}, {'value': '1888', 'line': '12'}, {'value': '1889', 'line': '12'}, {'value': '1890', 'line': '12'}, {'value': '1891', 'line': '12'}, {'value': '1892', 'line': '12'}, {'value': '1893', 'line': '12'}, {'value': '1894', 'line': '12'}, {'value': '1895', 'line': '12'}, {'value': '1896', 'line': '12'}, {'value': '1897', 'line': '12'}, {'value': '1898', 'line': '12'}, {'value': '1899', 'line': '12'}, {'value': '1900', 'line': '12'}, {'value': '1901', 'line': '12'}, {'value': '1902', 'line': '12'}, {'value': '1903', 'line': '12'}, {'value': '1904', 'line': '12'}, {'value': '1905', 'line': '12'}, {'value': '1906', 'line': '12'}, {'value': '1907', 'line': '12'}, {'value': '1908', 'line': '12'}, {'value': '1909', 'line': '12'}, {'value': '1910', 'line': '12'}, {'value': '1911', 'line': '12'}, {'value': '1912', 'line': '12'}, {'value': '1913', 'line': '12'}, {'value': '1914', 'line': '12'}, {'value': '1915', 'line': '12'}, {'value': '1916', 'line': '12'}, {'value': '1917', 'line': '12'}, {'value': '1918', 'line': '12'}, {'value': '1919', 'line': '12'}, {'value': '1920', 'line': '12'}, {'value': '1921', 'line': '12'}, {'value': '1922', 'line': '12'}, {'value': '1923', 'line': '12'}, {'value': '1924', 'line': '12'}, {'value': '1925', 'line': '12'}, {'value': '1926', 'line': '12'}, {'value': '1927', 'line': '12'}, {'value': '1928', 'line': '12'}, {'value': '1929', 'line': '12'}, {'value': '1930', 'line': '12'}, {'value': '1931', 'line': '12'}, {'value': '1932', 'line': '12'}, {'value': '1933', 'line': '12'}, {'value': '1934', 'line': '12'}, {'value': '1935', 'line': '12'}, {'value': '1936', 'line': '12'}, {'value': '1937', 'line': '12'}, {'value': '1938', 'line': '12'}, {'value': '1939', 'line': '12'}, {'value': '1940', 'line': '12'}, {'value': '1941', 'line': '12'}, {'value': '1942', 'line': '12'}, {'value': '1943', 'line': '12'}, {'value': '1944', 'line': '12'}, {'value': '1945', 'line': '12'}, {'value': '1946', 'line': '12'}, {'value': '1947', 'line': '12'}, {'value': '1948', 'line': '12'}, {'value': '1949', 'line': '12'}, {'value': '1950', 'line': '12'}, {'value': '1951', 'line': '12'}, {'value': '1952', 'line': '12'}, {'value': '1953', 'line': '12'}, {'value': '1954', 'line': '12'}, {'value': '1955', 'line': '12'}, {'value': '1956', 'line': '12'}, {'value': '1957', 'line': '12'}, {'value': '1958', 'line': '12'}, {'value': '1959', 'line': '12'}, {'value': '1960', 'line': '12'}, {'value': '1961', 'line': '12'}, {'value': '1962', 'line': '12'}, {'value': '1963', 'line': '12'}, {'value': '1964', 'line': '12'}, {'value': '1965', 'line': '12'}, {'value': '1966', 'line': '12'}, {'value': '1967', 'line': '12'}, {'value': '1968', 'line': '12'}, {'value': '1969', 'line': '12'}, {'value': '1970', 'line': '12'}, {'value': '1971', 'line': '12'}, {'value': '1972', 'line': '12'}, {'value': '1973', 'line': '12'}, {'value': '1974', 'line': '12'}, {'value': '1975', 'line': '12'}, {'value': '1976', 'line': '12'}, {'value': '1977', 'line': '12'}, {'value': '1978', 'line': '12'}, {'value': '1979', 'line': '12'}, {'value': '1980', 'line': '12'}, {'value': '1981', 'line': '12'}, {'value': '1982', 'line': '12'}, {'value': '1983', 'line': '12'}, {'value': '1984', 'line': '12'}, {'value': '1985', 'line': '12'}, {'value': '1986', 'line': '12'}, {'value': '1987', 'line': '12'}, {'value': '1988', 'line': '12'}, {'value': '1989', 'line': '12'}, {'value': '1990', 'line': '12'}, {'value': '1991', 'line': '12'}, {'value': '1992', 'line': '12'}, {'value': '1993', 'line': '12'}, {'value': '1994', 'line': '12'}, {'value': '1995', 'line': '12'}, {'value': '1996', 'line': '12'}, {'value': '1997', 'line': '12'}, {'value': '1998', 'line': '12'}, {'value': '1999', 'line': '12'}, {'value': '2000', 'line': '12'}, {'value': '2001', 'line': '12'}, {'value': '2002', 'line': '12'}, {'value': '1', 'line': '34'}, {'value': '2', 'line': '34'}, {'value': '3', 'line': '34'}, {'value': '4', 'line': '34'}, {'value': '5', 'line': '34'}, {'value': '6', 'line': '34'}, {'value': '7', 'line': '34'}, {'value': '8', 'line': '34'}]}}, {'res': True, 'info': {'day': [{'value': '8', 'line': '6'}], 'year': [{'value': '1808', 'line': '6'}], 'month': [{'value': '8', 'line': '6'}], 'ans': [{'value': '0', 'line': '7'}, {'value': '145', 'line': '11'}, {'value': '511', 'line': '15'}, {'value': '876', 'line': '17'}, {'value': '1241', 'line': '17'}, {'value': '1606', 'line': '17'}, {'value': '1972', 'line': '15'}, {'value': '2337', 'line': '17'}, {'value': '2702', 'line': '17'}, {'value': '3067', 'line': '17'}, {'value': '3433', 'line': '15'}, {'value': '3798', 'line': '17'}, {'value': '4163', 'line': '17'}, {'value': '4528', 'line': '17'}, {'value': '4894', 'line': '15'}, {'value': '5259', 'line': '17'}, {'value': '5624', 'line': '17'}, {'value': '5989', 'line': '17'}, {'value': '6355', 'line': '15'}, {'value': '6720', 'line': '17'}, {'value': '7085', 'line': '17'}, {'value': '7450', 'line': '17'}, {'value': '7816', 'line': '15'}, {'value': '8181', 'line': '17'}, {'value': '8546', 'line': '17'}, {'value': '8911', 'line': '17'}, {'value': '9277', 'line': '15'}, {'value': '9642', 'line': '17'}, {'value': '10007', 'line': '17'}, {'value': '10372', 'line': '17'}, {'value': '10738', 'line': '15'}, {'value': '11103', 'line': '17'}, {'value': '11468', 'line': '17'}, {'value': '11833', 'line': '17'}, {'value': '12199', 'line': '15'}, {'value': '12564', 'line': '17'}, {'value': '12929', 'line': '17'}, {'value': '13294', 'line': '17'}, {'value': '13660', 'line': '15'}, {'value': '14025', 'line': '17'}, {'value': '14390', 'line': '17'}, {'value': '14755', 'line': '17'}, {'value': '15121', 'line': '15'}, {'value': '15486', 'line': '17'}, {'value': '15851', 'line': '17'}, {'value': '16216', 'line': '17'}, {'value': '16582', 'line': '15'}, {'value': '16947', 'line': '17'}, {'value': '17312', 'line': '17'}, {'value': '17677', 'line': '17'}, {'value': '18043', 'line': '15'}, {'value': '18408', 'line': '17'}, {'value': '18773', 'line': '17'}, {'value': '19138', 'line': '17'}, {'value': '19504', 'line': '15'}, {'value': '19869', 'line': '17'}, {'value': '20234', 'line': '17'}, {'value': '20599', 'line': '17'}, {'value': '20965', 'line': '15'}, {'value': '21330', 'line': '17'}, {'value': '21695', 'line': '17'}, {'value': '22060', 'line': '17'}, {'value': '22426', 'line': '15'}, {'value': '22791', 'line': '17'}, {'value': '23156', 'line': '17'}, {'value': '23521', 'line': '17'}, {'value': '23887', 'line': '15'}, {'value': '24252', 'line': '17'}, {'value': '24617', 'line': '17'}, {'value': '24982', 'line': '17'}, {'value': '25348', 'line': '15'}, {'value': '25713', 'line': '17'}, {'value': '26078', 'line': '17'}, {'value': '26443', 'line': '17'}, {'value': '26809', 'line': '15'}, {'value': '27174', 'line': '17'}, {'value': '27539', 'line': '17'}, {'value': '27904', 'line': '17'}, {'value': '28270', 'line': '15'}, {'value': '28635', 'line': '17'}, {'value': '29000', 'line': '17'}, {'value': '29365', 'line': '17'}, {'value': '29731', 'line': '15'}, {'value': '30096', 'line': '17'}, {'value': '30461', 'line': '17'}, {'value': '30826', 'line': '17'}, {'value': '31192', 'line': '15'}, {'value': '31557', 'line': '17'}, {'value': '31922', 'line': '17'}, {'value': '32287', 'line': '17'}, {'value': '32653', 'line': '15'}, {'value': '33018', 'line': '17'}, {'value': '33383', 'line': '17'}, {'value': '33748', 'line': '17'}, {'value': '34113', 'line': '17'}, {'value': '34478', 'line': '17'}, {'value': '34843', 'line': '17'}, {'value': '35208', 'line': '17'}, {'value': '35574', 'line': '15'}, {'value': '35939', 'line': '17'}, {'value': '36304', 'line': '17'}, {'value': '36669', 'line': '17'}, {'value': '37035', 'line': '15'}, {'value': '37400', 'line': '17'}, {'value': '37765', 'line': '17'}, {'value': '38130', 'line': '17'}, {'value': '38496', 'line': '15'}, {'value': '38861', 'line': '17'}, {'value': '39226', 'line': '17'}, {'value': '39591', 'line': '17'}, {'value': '39957', 'line': '15'}, {'value': '40322', 'line': '17'}, {'value': '40687', 'line': '17'}, {'value': '41052', 'line': '17'}, {'value': '41418', 'line': '15'}, {'value': '41783', 'line': '17'}, {'value': '42148', 'line': '17'}, {'value': '42513', 'line': '17'}, {'value': '42879', 'line': '15'}, {'value': '43244', 'line': '17'}, {'value': '43609', 'line': '17'}, {'value': '43974', 'line': '17'}, {'value': '44340', 'line': '15'}, {'value': '44705', 'line': '17'}, {'value': '45070', 'line': '17'}, {'value': '45435', 'line': '17'}, {'value': '45801', 'line': '15'}, {'value': '46166', 'line': '17'}, {'value': '46531', 'line': '17'}, {'value': '46896', 'line': '17'}, {'value': '47262', 'line': '15'}, {'value': '47627', 'line': '17'}, {'value': '47992', 'line': '17'}, {'value': '48357', 'line': '17'}, {'value': '48723', 'line': '15'}, {'value': '49088', 'line': '17'}, {'value': '49453', 'line': '17'}, {'value': '49818', 'line': '17'}, {'value': '50184', 'line': '15'}, {'value': '50549', 'line': '17'}, {'value': '50914', 'line': '17'}, {'value': '51279', 'line': '17'}, {'value': '51645', 'line': '15'}, {'value': '52010', 'line': '17'}, {'value': '52375', 'line': '17'}, {'value': '52740', 'line': '17'}, {'value': '53106', 'line': '15'}, {'value': '53471', 'line': '17'}, {'value': '53836', 'line': '17'}, {'value': '54201', 'line': '17'}, {'value': '54567', 'line': '15'}, {'value': '54932', 'line': '17'}, {'value': '55297', 'line': '17'}, {'value': '55662', 'line': '17'}, {'value': '56028', 'line': '15'}, {'value': '56393', 'line': '17'}, {'value': '56758', 'line': '17'}, {'value': '57123', 'line': '17'}, {'value': '57489', 'line': '15'}, {'value': '57854', 'line': '17'}, {'value': '58219', 'line': '17'}, {'value': '58584', 'line': '17'}, {'value': '58950', 'line': '15'}, {'value': '59315', 'line': '17'}, {'value': '59680', 'line': '17'}, {'value': '60045', 'line': '17'}, {'value': '60411', 'line': '15'}, {'value': '60776', 'line': '17'}, {'value': '61141', 'line': '17'}, {'value': '61506', 'line': '17'}, {'value': '61872', 'line': '15'}, {'value': '62237', 'line': '17'}, {'value': '62602', 'line': '17'}, {'value': '62967', 'line': '17'}, {'value': '63333', 'line': '15'}, {'value': '63698', 'line': '17'}, {'value': '64063', 'line': '17'}, {'value': '64428', 'line': '17'}, {'value': '64794', 'line': '15'}, {'value': '65159', 'line': '17'}, {'value': '65524', 'line': '17'}, {'value': '65889', 'line': '17'}, {'value': '66255', 'line': '15'}, {'value': '66620', 'line': '17'}, {'value': '66985', 'line': '17'}, {'value': '67350', 'line': '17'}, {'value': '67716', 'line': '15'}, {'value': '68081', 'line': '17'}, {'value': '68446', 'line': '17'}, {'value': '68811', 'line': '17'}, {'value': '69177', 'line': '15'}, {'value': '69542', 'line': '17'}, {'value': '69907', 'line': '17'}, {'value': '70272', 'line': '17'}, {'value': '70638', 'line': '15'}, {'value': '71003', 'line': '17'}, {'value': '71368', 'line': '17'}, {'value': '71147', 'line': '45'}], 'w': [{'value': '145', 'line': '7'}], 'x': [{'value': '0', 'line': '8'}, {'value': '31', 'line': '24'}, {'value': '60', 'line': '26'}, {'value': '91', 'line': '24'}, {'value': '121', 'line': '28'}, {'value': '152', 'line': '24'}, {'value': '182', 'line': '28'}, {'value': '213', 'line': '24'}, {'value': '221', 'line': '30'}], 'i': [{'value': '1808', 'line': '12'}, {'value': '1809', 'line': '12'}, {'value': '1810', 'line': '12'}, {'value': '1811', 'line': '12'}, {'value': '1812', 'line': '12'}, {'value': '1813', 'line': '12'}, {'value': '1814', 'line': '12'}, {'value': '1815', 'line': '12'}, {'value': '1816', 'line': '12'}, {'value': '1817', 'line': '12'}, {'value': '1818', 'line': '12'}, {'value': '1819', 'line': '12'}, {'value': '1820', 'line': '12'}, {'value': '1821', 'line': '12'}, {'value': '1822', 'line': '12'}, {'value': '1823', 'line': '12'}, {'value': '1824', 'line': '12'}, {'value': '1825', 'line': '12'}, {'value': '1826', 'line': '12'}, {'value': '1827', 'line': '12'}, {'value': '1828', 'line': '12'}, {'value': '1829', 'line': '12'}, {'value': '1830', 'line': '12'}, {'value': '1831', 'line': '12'}, {'value': '1832', 'line': '12'}, {'value': '1833', 'line': '12'}, {'value': '1834', 'line': '12'}, {'value': '1835', 'line': '12'}, {'value': '1836', 'line': '12'}, {'value': '1837', 'line': '12'}, {'value': '1838', 'line': '12'}, {'value': '1839', 'line': '12'}, {'value': '1840', 'line': '12'}, {'value': '1841', 'line': '12'}, {'value': '1842', 'line': '12'}, {'value': '1843', 'line': '12'}, {'value': '1844', 'line': '12'}, {'value': '1845', 'line': '12'}, {'value': '1846', 'line': '12'}, {'value': '1847', 'line': '12'}, {'value': '1848', 'line': '12'}, {'value': '1849', 'line': '12'}, {'value': '1850', 'line': '12'}, {'value': '1851', 'line': '12'}, {'value': '1852', 'line': '12'}, {'value': '1853', 'line': '12'}, {'value': '1854', 'line': '12'}, {'value': '1855', 'line': '12'}, {'value': '1856', 'line': '12'}, {'value': '1857', 'line': '12'}, {'value': '1858', 'line': '12'}, {'value': '1859', 'line': '12'}, {'value': '1860', 'line': '12'}, {'value': '1861', 'line': '12'}, {'value': '1862', 'line': '12'}, {'value': '1863', 'line': '12'}, {'value': '1864', 'line': '12'}, {'value': '1865', 'line': '12'}, {'value': '1866', 'line': '12'}, {'value': '1867', 'line': '12'}, {'value': '1868', 'line': '12'}, {'value': '1869', 'line': '12'}, {'value': '1870', 'line': '12'}, {'value': '1871', 'line': '12'}, {'value': '1872', 'line': '12'}, {'value': '1873', 'line': '12'}, {'value': '1874', 'line': '12'}, {'value': '1875', 'line': '12'}, {'value': '1876', 'line': '12'}, {'value': '1877', 'line': '12'}, {'value': '1878', 'line': '12'}, {'value': '1879', 'line': '12'}, {'value': '1880', 'line': '12'}, {'value': '1881', 'line': '12'}, {'value': '1882', 'line': '12'}, {'value': '1883', 'line': '12'}, {'value': '1884', 'line': '12'}, {'value': '1885', 'line': '12'}, {'value': '1886', 'line': '12'}, {'value': '1887', 'line': '12'}, {'value': '1888', 'line': '12'}, {'value': '1889', 'line': '12'}, {'value': '1890', 'line': '12'}, {'value': '1891', 'line': '12'}, {'value': '1892', 'line': '12'}, {'value': '1893', 'line': '12'}, {'value': '1894', 'line': '12'}, {'value': '1895', 'line': '12'}, {'value': '1896', 'line': '12'}, {'value': '1897', 'line': '12'}, {'value': '1898', 'line': '12'}, {'value': '1899', 'line': '12'}, {'value': '1900', 'line': '12'}, {'value': '1901', 'line': '12'}, {'value': '1902', 'line': '12'}, {'value': '1903', 'line': '12'}, {'value': '1904', 'line': '12'}, {'value': '1905', 'line': '12'}, {'value': '1906', 'line': '12'}, {'value': '1907', 'line': '12'}, {'value': '1908', 'line': '12'}, {'value': '1909', 'line': '12'}, {'value': '1910', 'line': '12'}, {'value': '1911', 'line': '12'}, {'value': '1912', 'line': '12'}, {'value': '1913', 'line': '12'}, {'value': '1914', 'line': '12'}, {'value': '1915', 'line': '12'}, {'value': '1916', 'line': '12'}, {'value': '1917', 'line': '12'}, {'value': '1918', 'line': '12'}, {'value': '1919', 'line': '12'}, {'value': '1920', 'line': '12'}, {'value': '1921', 'line': '12'}, {'value': '1922', 'line': '12'}, {'value': '1923', 'line': '12'}, {'value': '1924', 'line': '12'}, {'value': '1925', 'line': '12'}, {'value': '1926', 'line': '12'}, {'value': '1927', 'line': '12'}, {'value': '1928', 'line': '12'}, {'value': '1929', 'line': '12'}, {'value': '1930', 'line': '12'}, {'value': '1931', 'line': '12'}, {'value': '1932', 'line': '12'}, {'value': '1933', 'line': '12'}, {'value': '1934', 'line': '12'}, {'value': '1935', 'line': '12'}, {'value': '1936', 'line': '12'}, {'value': '1937', 'line': '12'}, {'value': '1938', 'line': '12'}, {'value': '1939', 'line': '12'}, {'value': '1940', 'line': '12'}, {'value': '1941', 'line': '12'}, {'value': '1942', 'line': '12'}, {'value': '1943', 'line': '12'}, {'value': '1944', 'line': '12'}, {'value': '1945', 'line': '12'}, {'value': '1946', 'line': '12'}, {'value': '1947', 'line': '12'}, {'value': '1948', 'line': '12'}, {'value': '1949', 'line': '12'}, {'value': '1950', 'line': '12'}, {'value': '1951', 'line': '12'}, {'value': '1952', 'line': '12'}, {'value': '1953', 'line': '12'}, {'value': '1954', 'line': '12'}, {'value': '1955', 'line': '12'}, {'value': '1956', 'line': '12'}, {'value': '1957', 'line': '12'}, {'value': '1958', 'line': '12'}, {'value': '1959', 'line': '12'}, {'value': '1960', 'line': '12'}, {'value': '1961', 'line': '12'}, {'value': '1962', 'line': '12'}, {'value': '1963', 'line': '12'}, {'value': '1964', 'line': '12'}, {'value': '1965', 'line': '12'}, {'value': '1966', 'line': '12'}, {'value': '1967', 'line': '12'}, {'value': '1968', 'line': '12'}, {'value': '1969', 'line': '12'}, {'value': '1970', 'line': '12'}, {'value': '1971', 'line': '12'}, {'value': '1972', 'line': '12'}, {'value': '1973', 'line': '12'}, {'value': '1974', 'line': '12'}, {'value': '1975', 'line': '12'}, {'value': '1976', 'line': '12'}, {'value': '1977', 'line': '12'}, {'value': '1978', 'line': '12'}, {'value': '1979', 'line': '12'}, {'value': '1980', 'line': '12'}, {'value': '1981', 'line': '12'}, {'value': '1982', 'line': '12'}, {'value': '1983', 'line': '12'}, {'value': '1984', 'line': '12'}, {'value': '1985', 'line': '12'}, {'value': '1986', 'line': '12'}, {'value': '1987', 'line': '12'}, {'value': '1988', 'line': '12'}, {'value': '1989', 'line': '12'}, {'value': '1990', 'line': '12'}, {'value': '1991', 'line': '12'}, {'value': '1992', 'line': '12'}, {'value': '1993', 'line': '12'}, {'value': '1994', 'line': '12'}, {'value': '1995', 'line': '12'}, {'value': '1996', 'line': '12'}, {'value': '1997', 'line': '12'}, {'value': '1998', 'line': '12'}, {'value': '1999', 'line': '12'}, {'value': '2000', 'line': '12'}, {'value': '2001', 'line': '12'}, {'value': '2002', 'line': '12'}, {'value': '1', 'line': '21'}, {'value': '2', 'line': '21'}, {'value': '3', 'line': '21'}, {'value': '4', 'line': '21'}, {'value': '5', 'line': '21'}, {'value': '6', 'line': '21'}, {'value': '7', 'line': '21'}]}}]