[{'res': False, 'info': {'y': [{'value': '2003', 'line': '6'}], 'm': [{'value': '5', 'line': '6'}], 'd': [{'value': '25', 'line': '6'}], 'res': [{'value': '7', 'line': '12'}, {'value': '6', 'line': '13'}]}}, {'res': False, 'info': {'y': [{'value': '1988', 'line': '6'}], 'm': [{'value': '6', 'line': '6'}], 'd': [{'value': '1', 'line': '6'}], 'res': [{'value': '3', 'line': '12'}, {'value': '2', 'line': '13'}]}}, {'res': False, 'info': {'y': [{'value': '2020', 'line': '6'}, {'value': '2019', 'line': '10'}], 'm': [{'value': '1', 'line': '6'}, {'value': '13', 'line': '9'}], 'd': [{'value': '5', 'line': '6'}], 'res': [{'value': '7', 'line': '12'}, {'value': '6', 'line': '13'}]}}, {'res': False, 'info': {'y': [{'value': '2000', 'line': '6'}, {'value': '1999', 'line': '10'}], 'm': [{'value': '1', 'line': '6'}, {'value': '13', 'line': '9'}], 'd': [{'value': '1', 'line': '6'}], 'res': [{'value': '6', 'line': '12'}, {'value': '5', 'line': '13'}]}}, {'res': False, 'info': {'y': [{'value': '2004', 'line': '6'}], 'm': [{'value': '3', 'line': '6'}], 'd': [{'value': '1', 'line': '6'}], 'res': [{'value': '1', 'line': '12'}, {'value': '0', 'line': '13'}]}}, {'res': False, 'info': {'y': [{'value': '2003', 'line': '6'}], 'm': [{'value': '3', 'line': '6'}], 'd': [{'value': '1', 'line': '6'}], 'res': [{'value': '6', 'line': '12'}, {'value': '5', 'line': '13'}]}}, {'res': False, 'info': {'y': [{'value': '1953', 'line': '6'}], 'm': [{'value': '8', 'line': '6'}], 'd': [{'value': '21', 'line': '6'}], 'res': [{'value': '5', 'line': '12'}, {'value': '4', 'line': '13'}]}}, {'res': False, 'info': {'y': [{'value': '1987', 'line': '6'}], 'm': [{'value': '4', 'line': '6'}], 'd': [{'value': '23', 'line': '6'}], 'res': [{'value': '4', 'line': '12'}, {'value': '3', 'line': '13'}]}}, {'res': False, 'info': {'y': [{'value': '1887', 'line': '6'}], 'm': [{'value': '9', 'line': '6'}], 'd': [{'value': '20', 'line': '6'}], 'res': [{'value': '2', 'line': '12'}, {'value': '1', 'line': '13'}]}}, {'res': False, 'info': {'y': [{'value': '1808', 'line': '6'}], 'm': [{'value': '8', 'line': '6'}], 'd': [{'value': '8', 'line': '6'}], 'res': [{'value': '1', 'line': '12'}, {'value': '0', 'line': '13'}]}}]