[{'res': True, 'info': {'count': [{'value': '0', 'line': '7'}, {'value': '1', 'line': '17'}, {'value': '2', 'line': '17'}, {'value': '3', 'line': '17'}, {'value': '4', 'line': '17'}, {'value': '5', 'line': '17'}, {'value': '6', 'line': '17'}, {'value': '7', 'line': '17'}, {'value': '8', 'line': '17'}, {'value': '9', 'line': '17'}, {'value': '10', 'line': '17'}, {'value': '11', 'line': '17'}, {'value': '12', 'line': '17'}, {'value': '13', 'line': '17'}], 'n': [{'value': '4', 'line': '8'}], 'c': [{'value': '1', 'line': '9'}, {'value': '2', 'line': '9'}, {'value': '3', 'line': '9'}, {'value': '4', 'line': '9'}], 'b': [{'value': '1', 'line': '11'}, {'value': '2', 'line': '11'}, {'value': '1', 'line': '11'}, {'value': '3', 'line': '11'}, {'value': '2', 'line': '11'}, {'value': '1', 'line': '11'}, {'value': '4', 'line': '11'}, {'value': '3', 'line': '11'}, {'value': '2', 'line': '11'}, {'value': '1', 'line': '11'}], 'a': [{'value': '1', 'line': '13'}, {'value': '2', 'line': '13'}, {'value': '1', 'line': '13'}, {'value': '1', 'line': '13'}, {'value': '3', 'line': '13'}, {'value': '2', 'line': '13'}, {'value': '1', 'line': '13'}, {'value': '2', 'line': '13'}, {'value': '1', 'line': '13'}, {'value': '1', 'line': '13'}, {'value': '4', 'line': '13'}, {'value': '3', 'line': '13'}, {'value': '2', 'line': '13'}, {'value': '1', 'line': '13'}, {'value': '3', 'line': '13'}, {'value': '2', 'line': '13'}, {'value': '1', 'line': '13'}, {'value': '2', 'line': '13'}, {'value': '1', 'line': '13'}, {'value': '1', 'line': '13'}]}}, {'res': True, 'info': {'count': [{'value': '0', 'line': '7'}, {'value': '1', 'line': '17'}], 'n': [{'value': '1', 'line': '8'}], 'c': [{'value': '1', 'line': '9'}], 'b': [{'value': '1', 'line': '11'}], 'a': [{'value': '1', 'line': '13'}]}}, {'res': True, 'info': {'count': [{'value': '0', 'line': '7'}, {'value': '1', 'line': '17'}, {'value': '2', 'line': '17'}, {'value': '3', 'line': '17'}, {'value': '4', 'line': '17'}, {'value': '5', 'line': '17'}, {'value': '6', 'line': '17'}, {'value': '7', 'line': '17'}], 'n': [{'value': '3', 'line': '8'}], 'c': [{'value': '1', 'line': '9'}, {'value': '2', 'line': '9'}, {'value': '3', 'line': '9'}], 'b': [{'value': '1', 'line': '11'}, {'value': '2', 'line': '11'}, {'value': '1', 'line': '11'}, {'value': '3', 'line': '11'}, {'value': '2', 'line': '11'}, {'value': '1', 'line': '11'}], 'a': [{'value': '1', 'line': '13'}, {'value': '2', 'line': '13'}, {'value': '1', 'line': '13'}, {'value': '1', 'line': '13'}, {'value': '3', 'line': '13'}, {'value': '2', 'line': '13'}, {'value': '1', 'line': '13'}, {'value': '2', 'line': '13'}, {'value': '1', 'line': '13'}, {'value': '1', 'line': '13'}]}}, {'res': True, 'info': {'count': [{'value': '0', 'line': '7'}, {'value': '1', 'line': '17'}, {'value': '2', 'line': '17'}, {'value': '3', 'line': '17'}, {'value': '4', 'line': '17'}, {'value': '5', 'line': '17'}, {'value': '6', 'line': '17'}, {'value': '7', 'line': '17'}, {'value': '8', 'line': '17'}, {'value': '9', 'line': '17'}, {'value': '10', 'line': '17'}, {'value': '11', 'line': '17'}, {'value': '12', 'line': '17'}, {'value': '13', 'line': '17'}, {'value': '14', 'line': '17'}, {'value': '15', 'line': '17'}, {'value': '16', 'line': '17'}, {'value': '17', 'line': '17'}, {'value': '18', 'line': '17'}, {'value': '19', 'line': '17'}, {'value': '20', 'line': '17'}, {'value': '21', 'line': '17'}, {'value': '22', 'line': '17'}], 'n': [{'value': '5', 'line': '8'}], 'c': [{'value': '1', 'line': '9'}, {'value': '2', 'line': '9'}, {'value': '3', 'line': '9'}, {'value': '4', 'line': '9'}, {'value': '5', 'line': '9'}], 'b': [{'value': '1', 'line': '11'}, {'value': '2', 'line': '11'}, {'value': '1', 'line': '11'}, {'value': '3', 'line': '11'}, {'value': '2', 'line': '11'}, {'value': '1', 'line': '11'}, {'value': '4', 'line': '11'}, {'value': '3', 'line': '11'}, {'value': '2', 'line': '11'}, {'value': '1', 'line': '11'}, {'value': '5', 'line': '11'}, {'value': '4', 'line': '11'}, {'value': '3', 'line': '11'}, {'value': '2', 'line': '11'}, {'value': '1', 'line': '11'}], 'a': [{'value': '1', 'line': '13'}, {'value': '2', 'line': '13'}, {'value': '1', 'line': '13'}, {'value': '1', 'line': '13'}, {'value': '3', 'line': '13'}, {'value': '2', 'line': '13'}, {'value': '1', 'line': '13'}, {'value': '2', 'line': '13'}, {'value': '1', 'line': '13'}, {'value': '1', 'line': '13'}, {'value': '4', 'line': '13'}, {'value': '3', 'line': '13'}, {'value': '2', 'line': '13'}, {'value': '1', 'line': '13'}, {'value': '3', 'line': '13'}, {'value': '2', 'line': '13'}, {'value': '1', 'line': '13'}, {'value': '2', 'line': '13'}, {'value': '1', 'line': '13'}, {'value': '1', 'line': '13'}, {'value': '5', 'line': '13'}, {'value': '4', 'line': '13'}, {'value': '3', 'line': '13'}, {'value': '2', 'line': '13'}, {'value': '1', 'line': '13'}, {'value': '4', 'line': '13'}, {'value': '3', 'line': '13'}, {'value': '2', 'line': '13'}, {'value': '1', 'line': '13'}, {'value': '3', 'line': '13'}, {'value': '2', 'line': '13'}, {'value': '1', 'line': '13'}, {'value': '2', 'line': '13'}, {'value': '1', 'line': '13'}, {'value': '1', 'line': '13'}]}}, {'res': True, 'info': {'count': [{'value': '0', 'line': '7'}, {'value': '1', 'line': '17'}, {'value': '2', 'line': '17'}, {'value': '3', 'line': '17'}, {'value': '4', 'line': '17'}, {'value': '5', 'line': '17'}, {'value': '6', 'line': '17'}, {'value': '7', 'line': '17'}, {'value': '8', 'line': '17'}, {'value': '9', 'line': '17'}, {'value': '10', 'line': '17'}, {'value': '11', 'line': '17'}, {'value': '12', 'line': '17'}, {'value': '13', 'line': '17'}, {'value': '14', 'line': '17'}, {'value': '15', 'line': '17'}, {'value': '16', 'line': '17'}, {'value': '17', 'line': '17'}, {'value': '18', 'line': '17'}, {'value': '19', 'line': '17'}, {'value': '20', 'line': '17'}, {'value': '21', 'line': '17'}, {'value': '22', 'line': '17'}, {'value': '23', 'line': '17'}, {'value': '24', 'line': '17'}, {'value': '25', 'line': '17'}, {'value': '26', 'line': '17'}, {'value': '27', 'line': '17'}, {'value': '28', 'line': '17'}, {'value': '29', 'line': '17'}, {'value': '30', 'line': '17'}, {'value': '31', 'line': '17'}, {'value': '32', 'line': '17'}, {'value': '33', 'line': '17'}, {'value': '34', 'line': '17'}, {'value': '35', 'line': '17'}, {'value': '36', 'line': '17'}, {'value': '37', 'line': '17'}, {'value': '38', 'line': '17'}, {'value': '39', 'line': '17'}, {'value': '40', 'line': '17'}, {'value': '41', 'line': '17'}, {'value': '42', 'line': '17'}, {'value': '43', 'line': '17'}, {'value': '44', 'line': '17'}, {'value': '45', 'line': '17'}, {'value': '46', 'line': '17'}, {'value': '47', 'line': '17'}, {'value': '48', 'line': '17'}, {'value': '49', 'line': '17'}, {'value': '50', 'line': '17'}], 'n': [{'value': '7', 'line': '8'}], 'c': [{'value': '1', 'line': '9'}, {'value': '2', 'line': '9'}, {'value': '3', 'line': '9'}, {'value': '4', 'line': '9'}, {'value': '5', 'line': '9'}, {'value': '6', 'line': '9'}, {'value': '7', 'line': '9'}], 'b': [{'value': '1', 'line': '11'}, {'value': '2', 'line': '11'}, {'value': '1', 'line': '11'}, {'value': '3', 'line': '11'}, {'value': '2', 'line': '11'}, {'value': '1', 'line': '11'}, {'value': '4', 'line': '11'}, {'value': '3', 'line': '11'}, {'value': '2', 'line': '11'}, {'value': '1', 'line': '11'}, {'value': '5', 'line': '11'}, {'value': '4', 'line': '11'}, {'value': '3', 'line': '11'}, {'value': '2', 'line': '11'}, {'value': '1', 'line': '11'}, {'value': '6', 'line': '11'}, {'value': '5', 'line': '11'}, {'value': '4', 'line': '11'}, {'value': '3', 'line': '11'}, {'value': '2', 'line': '11'}, {'value': '1', 'line': '11'}, {'value': '7', 'line': '11'}, {'value': '6', 'line': '11'}, {'value': '5', 'line': '11'}, {'value': '4', 'line': '11'}, {'value': '3', 'line': '11'}, {'value': '2', 'line': '11'}, {'value': '1', 'line': '11'}], 'a': [{'value': '1', 'line': '13'}, {'value': '2', 'line': '13'}, {'value': '1', 'line': '13'}, {'value': '1', 'line': '13'}, {'value': '3', 'line': '13'}, {'value': '2', 'line': '13'}, {'value': '1', 'line': '13'}, {'value': '2', 'line': '13'}, {'value': '1', 'line': '13'}, {'value': '1', 'line': '13'}, {'value': '4', 'line': '13'}, {'value': '3', 'line': '13'}, {'value': '2', 'line': '13'}, {'value': '1', 'line': '13'}, {'value': '3', 'line': '13'}, {'value': '2', 'line': '13'}, {'value': '1', 'line': '13'}, {'value': '2', 'line': '13'}, {'value': '1', 'line': '13'}, {'value': '1', 'line': '13'}, {'value': '5', 'line': '13'}, {'value': '4', 'line': '13'}, {'value': '3', 'line': '13'}, {'value': '2', 'line': '13'}, {'value': '1', 'line': '13'}, {'value': '4', 'line': '13'}, {'value': '3', 'line': '13'}, {'value': '2', 'line': '13'}, {'value': '1', 'line': '13'}, {'value': '3', 'line': '13'}, {'value': '2', 'line': '13'}, {'value': '1', 'line': '13'}, {'value': '2', 'line': '13'}, {'value': '1', 'line': '13'}, {'value': '1', 'line': '13'}, {'value': '6', 'line': '13'}, {'value': '5', 'line': '13'}, {'value': '4', 'line': '13'}, {'value': '3', 'line': '13'}, {'value': '2', 'line': '13'}, {'value': '1', 'line': '13'}, {'value': '5', 'line': '13'}, {'value': '4', 'line': '13'}, {'value': '3', 'line': '13'}, {'value': '2', 'line': '13'}, {'value': '1', 'line': '13'}, {'value': '4', 'line': '13'}, {'value': '3', 'line': '13'}, {'value': '2', 'line': '13'}, {'value': '1', 'line': '13'}, {'value': '3', 'line': '13'}, {'value': '2', 'line': '13'}, {'value': '1', 'line': '13'}, {'value': '2', 'line': '13'}, {'value': '1', 'line': '13'}, {'value': '1', 'line': '13'}, {'value': '7', 'line': '13'}, {'value': '6', 'line': '13'}, {'value': '5', 'line': '13'}, {'value': '4', 'line': '13'}, {'value': '3', 'line': '13'}, {'value': '2', 'line': '13'}, {'value': '1', 'line': '13'}, {'value': '6', 'line': '13'}, {'value': '5', 'line': '13'}, {'value': '4', 'line': '13'}, {'value': '3', 'line': '13'}, {'value': '2', 'line': '13'}, {'value': '1', 'line': '13'}, {'value': '5', 'line': '13'}, {'value': '4', 'line': '13'}, {'value': '3', 'line': '13'}, {'value': '2', 'line': '13'}, {'value': '1', 'line': '13'}, {'value': '4', 'line': '13'}, {'value': '3', 'line': '13'}, {'value': '2', 'line': '13'}, {'value': '1', 'line': '13'}, {'value': '3', 'line': '13'}, {'value': '2', 'line': '13'}, {'value': '1', 'line': '13'}, {'value': '2', 'line': '13'}, {'value': '1', 'line': '13'}, {'value': '1', 'line': '13'}]}}, {'res': True, 'info': {'count': [{'value': '0', 'line': '7'}, {'value': '1', 'line': '17'}, {'value': '2', 'line': '17'}, {'value': '3', 'line': '17'}], 'n': [{'value': '2', 'line': '8'}], 'c': [{'value': '1', 'line': '9'}, {'value': '2', 'line': '9'}], 'b': [{'value': '1', 'line': '11'}, {'value': '2', 'line': '11'}, {'value': '1', 'line': '11'}], 'a': [{'value': '1', 'line': '13'}, {'value': '2', 'line': '13'}, {'value': '1', 'line': '13'}, {'value': '1', 'line': '13'}]}}]