[{'res': False, 'info': {'i': [{'value': '0', 'line': '5'}, {'value': '0', 'line': '6'}, {'value': '1', 'line': '6'}, {'value': '2', 'line': '6'}], 'sum': [{'value': '0', 'line': '5'}, {'value': '0', 'line': '9'}, {'value': '1', 'line': '9'}, {'value': '3', 'line': '9'}], 'n': [{'value': '2', 'line': '8'}, {'value': '2', 'line': '8'}, {'value': '2', 'line': '8'}]}}, {'res': False, 'info': {'i': [{'value': '0', 'line': '5'}, {'value': '0', 'line': '6'}, {'value': '1', 'line': '6'}, {'value': '2', 'line': '6'}, {'value': '3', 'line': '6'}, {'value': '4', 'line': '6'}], 'sum': [{'value': '0', 'line': '5'}, {'value': '0', 'line': '9'}, {'value': '1', 'line': '9'}, {'value': '3', 'line': '9'}, {'value': '6', 'line': '9'}, {'value': '10', 'line': '9'}], 'n': [{'value': '4', 'line': '8'}, {'value': '4', 'line': '8'}, {'value': '4', 'line': '8'}, {'value': '4', 'line': '8'}, {'value': '4', 'line': '8'}]}}, {'res': False, 'info': {'i': [{'value': '0', 'line': '5'}, {'value': '0', 'line': '6'}, {'value': '1', 'line': '6'}, {'value': '2', 'line': '6'}, {'value': '3', 'line': '6'}, {'value': '4', 'line': '6'}, {'value': '5', 'line': '6'}, {'value': '6', 'line': '6'}, {'value': '7', 'line': '6'}, {'value': '8', 'line': '6'}, {'value': '9', 'line': '6'}, {'value': '10', 'line': '6'}], 'sum': [{'value': '0', 'line': '5'}, {'value': '0', 'line': '9'}, {'value': '1', 'line': '9'}, {'value': '3', 'line': '9'}, {'value': '6', 'line': '9'}, {'value': '10', 'line': '9'}, {'value': '15', 'line': '9'}, {'value': '21', 'line': '9'}, {'value': '28', 'line': '9'}, {'value': '36', 'line': '9'}, {'value': '45', 'line': '9'}, {'value': '55', 'line': '9'}], 'n': [{'value': '10', 'line': '8'}, {'value': '10', 'line': '8'}, {'value': '10', 'line': '8'}, {'value': '10', 'line': '8'}, {'value': '10', 'line': '8'}, {'value': '10', 'line': '8'}, {'value': '10', 'line': '8'}, {'value': '10', 'line': '8'}, {'value': '10', 'line': '8'}, {'value': '10', 'line': '8'}, {'value': '10', 'line': '8'}]}}, {'res': False, 'info': {'i': [{'value': '0', 'line': '5'}, {'value': '0', 'line': '6'}, {'value': '1', 'line': '6'}, {'value': '2', 'line': '6'}, {'value': '3', 'line': '6'}], 'sum': [{'value': '0', 'line': '5'}, {'value': '0', 'line': '9'}, {'value': '1', 'line': '9'}, {'value': '3', 'line': '9'}, {'value': '6', 'line': '9'}], 'n': [{'value': '3', 'line': '8'}, {'value': '3', 'line': '8'}, {'value': '3', 'line': '8'}, {'value': '3', 'line': '8'}]}}, {'res': True, 'info': {'i': [{'value': '0', 'line': '5'}, {'value': '0', 'line': '6'}, {'value': '1', 'line': '6'}], 'sum': [{'value': '0', 'line': '5'}, {'value': '0', 'line': '9'}, {'value': '1', 'line': '9'}], 'n': [{'value': '1', 'line': '8'}, {'value': '1', 'line': '8'}]}}, {'res': False, 'info': {'i': [{'value': '0', 'line': '5'}, {'value': '0', 'line': '6'}, {'value': '1', 'line': '6'}, {'value': '2', 'line': '6'}, {'value': '3', 'line': '6'}, {'value': '4', 'line': '6'}, {'value': '5', 'line': '6'}, {'value': '6', 'line': '6'}, {'value': '7', 'line': '6'}, {'value': '8', 'line': '6'}, {'value': '9', 'line': '6'}, {'value': '10', 'line': '6'}, {'value': '11', 'line': '6'}, {'value': '12', 'line': '6'}, {'value': '13', 'line': '6'}, {'value': '14', 'line': '6'}, {'value': '15', 'line': '6'}, {'value': '16', 'line': '6'}, {'value': '17', 'line': '6'}, {'value': '18', 'line': '6'}, {'value': '19', 'line': '6'}, {'value': '20', 'line': '6'}], 'sum': [{'value': '0', 'line': '5'}, {'value': '0', 'line': '9'}, {'value': '1', 'line': '9'}, {'value': '3', 'line': '9'}, {'value': '6', 'line': '9'}, {'value': '10', 'line': '9'}, {'value': '15', 'line': '9'}, {'value': '21', 'line': '9'}, {'value': '28', 'line': '9'}, {'value': '36', 'line': '9'}, {'value': '45', 'line': '9'}, {'value': '55', 'line': '9'}, {'value': '66', 'line': '9'}, {'value': '78', 'line': '9'}, {'value': '91', 'line': '9'}, {'value': '105', 'line': '9'}, {'value': '120', 'line': '9'}, {'value': '136', 'line': '9'}, {'value': '153', 'line': '9'}, {'value': '171', 'line': '9'}, {'value': '190', 'line': '9'}, {'value': '210', 'line': '9'}], 'n': [{'value': '20', 'line': '8'}, {'value': '20', 'line': '8'}, {'value': '20', 'line': '8'}, {'value': '20', 'line': '8'}, {'value': '20', 'line': '8'}, {'value': '20', 'line': '8'}, {'value': '20', 'line': '8'}, {'value': '20', 'line': '8'}, {'value': '20', 'line': '8'}, {'value': '20', 'line': '8'}, {'value': '20', 'line': '8'}, {'value': '20', 'line': '8'}, {'value': '20', 'line': '8'}, {'value': '20', 'line': '8'}, {'value': '20', 'line': '8'}, {'value': '20', 'line': '8'}, {'value': '20', 'line': '8'}, {'value': '20', 'line': '8'}, {'value': '20', 'line': '8'}, {'value': '20', 'line': '8'}, {'value': '20', 'line': '8'}]}}]