[{'res': False, 'info': {'sum': [{'value': '0', 'line': '5'}, {'value': '2', 'line': '10'}, {'value': '5', 'line': '10'}], 'j': [{'value': '2', 'line': '6'}], 'i': [{'value': '1', 'line': '7'}, {'value': '2', 'line': '7'}], 'k': [{'value': '2', 'line': '9'}, {'value': '3', 'line': '9'}]}}, {'res': False, 'info': {'sum': [{'value': '0', 'line': '5'}, {'value': '2', 'line': '10'}, {'value': '5', 'line': '10'}, {'value': '9', 'line': '10'}, {'value': '14', 'line': '10'}], 'j': [{'value': '4', 'line': '6'}], 'i': [{'value': '1', 'line': '7'}, {'value': '2', 'line': '7'}, {'value': '3', 'line': '7'}, {'value': '4', 'line': '7'}], 'k': [{'value': '2', 'line': '9'}, {'value': '3', 'line': '9'}, {'value': '4', 'line': '9'}, {'value': '5', 'line': '9'}]}}, {'res': False, 'info': {'sum': [{'value': '0', 'line': '5'}, {'value': '2', 'line': '10'}, {'value': '5', 'line': '10'}, {'value': '9', 'line': '10'}, {'value': '14', 'line': '10'}, {'value': '20', 'line': '10'}, {'value': '27', 'line': '10'}, {'value': '35', 'line': '10'}, {'value': '44', 'line': '10'}, {'value': '54', 'line': '10'}, {'value': '65', 'line': '10'}], 'j': [{'value': '10', 'line': '6'}], 'i': [{'value': '1', 'line': '7'}, {'value': '2', 'line': '7'}, {'value': '3', 'line': '7'}, {'value': '4', 'line': '7'}, {'value': '5', 'line': '7'}, {'value': '6', 'line': '7'}, {'value': '7', 'line': '7'}, {'value': '8', 'line': '7'}, {'value': '9', 'line': '7'}, {'value': '10', 'line': '7'}], 'k': [{'value': '2', 'line': '9'}, {'value': '3', 'line': '9'}, {'value': '4', 'line': '9'}, {'value': '5', 'line': '9'}, {'value': '6', 'line': '9'}, {'value': '7', 'line': '9'}, {'value': '8', 'line': '9'}, {'value': '9', 'line': '9'}, {'value': '10', 'line': '9'}, {'value': '11', 'line': '9'}]}}, {'res': False, 'info': {'sum': [{'value': '0', 'line': '5'}, {'value': '2', 'line': '10'}, {'value': '5', 'line': '10'}, {'value': '9', 'line': '10'}], 'j': [{'value': '3', 'line': '6'}], 'i': [{'value': '1', 'line': '7'}, {'value': '2', 'line': '7'}, {'value': '3', 'line': '7'}], 'k': [{'value': '2', 'line': '9'}, {'value': '3', 'line': '9'}, {'value': '4', 'line': '9'}]}}, {'res': False, 'info': {'sum': [{'value': '0', 'line': '5'}, {'value': '2', 'line': '10'}], 'j': [{'value': '1', 'line': '6'}], 'i': [{'value': '1', 'line': '7'}], 'k': [{'value': '2', 'line': '9'}]}}, {'res': False, 'info': {'sum': [{'value': '0', 'line': '5'}, {'value': '2', 'line': '10'}, {'value': '5', 'line': '10'}, {'value': '9', 'line': '10'}, {'value': '14', 'line': '10'}, {'value': '20', 'line': '10'}, {'value': '27', 'line': '10'}, {'value': '35', 'line': '10'}, {'value': '44', 'line': '10'}, {'value': '54', 'line': '10'}, {'value': '65', 'line': '10'}, {'value': '77', 'line': '10'}, {'value': '90', 'line': '10'}, {'value': '104', 'line': '10'}, {'value': '119', 'line': '10'}, {'value': '135', 'line': '10'}, {'value': '152', 'line': '10'}, {'value': '170', 'line': '10'}, {'value': '189', 'line': '10'}, {'value': '209', 'line': '10'}, {'value': '230', 'line': '10'}], 'j': [{'value': '20', 'line': '6'}], 'i': [{'value': '1', 'line': '7'}, {'value': '2', 'line': '7'}, {'value': '3', 'line': '7'}, {'value': '4', 'line': '7'}, {'value': '5', 'line': '7'}, {'value': '6', 'line': '7'}, {'value': '7', 'line': '7'}, {'value': '8', 'line': '7'}, {'value': '9', 'line': '7'}, {'value': '10', 'line': '7'}, {'value': '11', 'line': '7'}, {'value': '12', 'line': '7'}, {'value': '13', 'line': '7'}, {'value': '14', 'line': '7'}, {'value': '15', 'line': '7'}, {'value': '16', 'line': '7'}, {'value': '17', 'line': '7'}, {'value': '18', 'line': '7'}, {'value': '19', 'line': '7'}, {'value': '20', 'line': '7'}], 'k': [{'value': '2', 'line': '9'}, {'value': '3', 'line': '9'}, {'value': '4', 'line': '9'}, {'value': '5', 'line': '9'}, {'value': '6', 'line': '9'}, {'value': '7', 'line': '9'}, {'value': '8', 'line': '9'}, {'value': '9', 'line': '9'}, {'value': '10', 'line': '9'}, {'value': '11', 'line': '9'}, {'value': '12', 'line': '9'}, {'value': '13', 'line': '9'}, {'value': '14', 'line': '9'}, {'value': '15', 'line': '9'}, {'value': '16', 'line': '9'}, {'value': '17', 'line': '9'}, {'value': '18', 'line': '9'}, {'value': '19', 'line': '9'}, {'value': '20', 'line': '9'}, {'value': '21', 'line': '9'}]}}]