[{'res': False, 'info': {'v': [{'value': '0', 'line': '6'}, {'value': '0', 'line': '11'}, {'value': '1', 'line': '11'}], 'N': [{'value': '2', 'line': '7'}], 'i': [{'value': '0', 'line': '8'}, {'value': '1', 'line': '8'}], 's': [{'value': '0', 'line': '10'}, {'value': '1', 'line': '10'}]}}, {'res': False, 'info': {'v': [{'value': '0', 'line': '6'}, {'value': '0', 'line': '11'}, {'value': '1', 'line': '11'}, {'value': '4', 'line': '11'}, {'value': '10', 'line': '11'}], 'N': [{'value': '4', 'line': '7'}], 'i': [{'value': '0', 'line': '8'}, {'value': '1', 'line': '8'}, {'value': '2', 'line': '8'}, {'value': '3', 'line': '8'}], 's': [{'value': '0', 'line': '10'}, {'value': '1', 'line': '10'}, {'value': '3', 'line': '10'}, {'value': '6', 'line': '10'}]}}, {'res': False, 'info': {'v': [{'value': '0', 'line': '6'}, {'value': '0', 'line': '11'}, {'value': '1', 'line': '11'}, {'value': '4', 'line': '11'}, {'value': '10', 'line': '11'}, {'value': '20', 'line': '11'}, {'value': '35', 'line': '11'}, {'value': '56', 'line': '11'}, {'value': '84', 'line': '11'}, {'value': '120', 'line': '11'}, {'value': '165', 'line': '11'}], 'N': [{'value': '10', 'line': '7'}], 'i': [{'value': '0', 'line': '8'}, {'value': '1', 'line': '8'}, {'value': '2', 'line': '8'}, {'value': '3', 'line': '8'}, {'value': '4', 'line': '8'}, {'value': '5', 'line': '8'}, {'value': '6', 'line': '8'}, {'value': '7', 'line': '8'}, {'value': '8', 'line': '8'}, {'value': '9', 'line': '8'}], 's': [{'value': '0', 'line': '10'}, {'value': '1', 'line': '10'}, {'value': '3', 'line': '10'}, {'value': '6', 'line': '10'}, {'value': '10', 'line': '10'}, {'value': '15', 'line': '10'}, {'value': '21', 'line': '10'}, {'value': '28', 'line': '10'}, {'value': '36', 'line': '10'}, {'value': '45', 'line': '10'}]}}, {'res': False, 'info': {'v': [{'value': '0', 'line': '6'}, {'value': '0', 'line': '11'}, {'value': '1', 'line': '11'}, {'value': '4', 'line': '11'}], 'N': [{'value': '3', 'line': '7'}], 'i': [{'value': '0', 'line': '8'}, {'value': '1', 'line': '8'}, {'value': '2', 'line': '8'}], 's': [{'value': '0', 'line': '10'}, {'value': '1', 'line': '10'}, {'value': '3', 'line': '10'}]}}, {'res': False, 'info': {'v': [{'value': '0', 'line': '6'}, {'value': '0', 'line': '11'}], 'N': [{'value': '1', 'line': '7'}], 'i': [{'value': '0', 'line': '8'}], 's': [{'value': '0', 'line': '10'}]}}, {'res': False, 'info': {'v': [{'value': '0', 'line': '6'}, {'value': '0', 'line': '11'}, {'value': '1', 'line': '11'}, {'value': '4', 'line': '11'}, {'value': '10', 'line': '11'}, {'value': '20', 'line': '11'}, {'value': '35', 'line': '11'}, {'value': '56', 'line': '11'}, {'value': '84', 'line': '11'}, {'value': '120', 'line': '11'}, {'value': '165', 'line': '11'}, {'value': '220', 'line': '11'}, {'value': '286', 'line': '11'}, {'value': '364', 'line': '11'}, {'value': '455', 'line': '11'}, {'value': '560', 'line': '11'}, {'value': '680', 'line': '11'}, {'value': '816', 'line': '11'}, {'value': '969', 'line': '11'}, {'value': '1140', 'line': '11'}, {'value': '1330', 'line': '11'}], 'N': [{'value': '20', 'line': '7'}], 'i': [{'value': '0', 'line': '8'}, {'value': '1', 'line': '8'}, {'value': '2', 'line': '8'}, {'value': '3', 'line': '8'}, {'value': '4', 'line': '8'}, {'value': '5', 'line': '8'}, {'value': '6', 'line': '8'}, {'value': '7', 'line': '8'}, {'value': '8', 'line': '8'}, {'value': '9', 'line': '8'}, {'value': '10', 'line': '8'}, {'value': '11', 'line': '8'}, {'value': '12', 'line': '8'}, {'value': '13', 'line': '8'}, {'value': '14', 'line': '8'}, {'value': '15', 'line': '8'}, {'value': '16', 'line': '8'}, {'value': '17', 'line': '8'}, {'value': '18', 'line': '8'}, {'value': '19', 'line': '8'}], 's': [{'value': '0', 'line': '10'}, {'value': '1', 'line': '10'}, {'value': '3', 'line': '10'}, {'value': '6', 'line': '10'}, {'value': '10', 'line': '10'}, {'value': '15', 'line': '10'}, {'value': '21', 'line': '10'}, {'value': '28', 'line': '10'}, {'value': '36', 'line': '10'}, {'value': '45', 'line': '10'}, {'value': '55', 'line': '10'}, {'value': '66', 'line': '10'}, {'value': '78', 'line': '10'}, {'value': '91', 'line': '10'}, {'value': '105', 'line': '10'}, {'value': '120', 'line': '10'}, {'value': '136', 'line': '10'}, {'value': '153', 'line': '10'}, {'value': '171', 'line': '10'}, {'value': '190', 'line': '10'}]}}]