[{'res': False, 'info': {'t': [{'value': '10', 'line': '12'}, {'value': '9', 'line': '13'}, {'value': '8', 'line': '13'}, {'value': '7', 'line': '13'}, {'value': '6', 'line': '13'}, {'value': '5', 'line': '13'}, {'value': '4', 'line': '13'}, {'value': '3', 'line': '13'}, {'value': '2', 'line': '13'}, {'value': '1', 'line': '13'}, {'value': '0', 'line': '13'}], 'm': [{'value': '120', 'line': '15'}, {'value': '120', 'line': '15'}, {'value': '60', 'line': '15'}, {'value': '1', 'line': '15'}, {'value': '100', 'line': '15'}, {'value': '96', 'line': '15'}, {'value': '23922', 'line': '15'}, {'value': '29961', 'line': '15'}, {'value': '19034', 'line': '15'}, {'value': '9721', 'line': '15'}], 'n': [{'value': '60', 'line': '15'}, {'value': '96', 'line': '15'}, {'value': '120', 'line': '15'}, {'value': '100', 'line': '15'}, {'value': '1', 'line': '15'}, {'value': '120', 'line': '15'}, {'value': '109', 'line': '15'}, {'value': '25283', 'line': '15'}, {'value': '1780', 'line': '15'}, {'value': '2161', 'line': '15'}], 'k': [{'value': '61', 'line': '16'}, {'value': '25', 'line': '16'}, {'value': '61', 'line': '16'}, {'value': '2', 'line': '16'}, {'value': '2', 'line': '16'}, {'value': '25', 'line': '16'}, {'value': '2', 'line': '16'}, {'value': '2', 'line': '16'}, {'value': '3', 'line': '16'}, {'value': '2', 'line': '16'}]}}, {'res': False, 'info': {'t': [{'value': '10', 'line': '12'}, {'value': '9', 'line': '13'}, {'value': '8', 'line': '13'}, {'value': '7', 'line': '13'}, {'value': '6', 'line': '13'}, {'value': '5', 'line': '13'}, {'value': '4', 'line': '13'}, {'value': '3', 'line': '13'}, {'value': '2', 'line': '13'}, {'value': '1', 'line': '13'}, {'value': '0', 'line': '13'}], 'm': [{'value': '27461', 'line': '15'}, {'value': '29622', 'line': '15'}, {'value': '15563', 'line': '15'}, {'value': '22254', 'line': '15'}, {'value': '17464', 'line': '15'}, {'value': '6428', 'line': '15'}, {'value': '15181', 'line': '15'}, {'value': '912', 'line': '15'}, {'value': '16394', 'line': '15'}, {'value': '19560', 'line': '15'}], 'n': [{'value': '8787', 'line': '15'}, {'value': '26134', 'line': '15'}, {'value': '19169', 'line': '15'}, {'value': '2321', 'line': '15'}, {'value': '24769', 'line': '15'}, {'value': '7762', 'line': '15'}, {'value': '779', 'line': '15'}, {'value': '14451', 'line': '15'}, {'value': '180', 'line': '15'}, {'value': '1744', 'line': '15'}], 'k': [{'value': '2', 'line': '16'}, {'value': '3', 'line': '16'}, {'value': '2', 'line': '16'}, {'value': '2', 'line': '16'}, {'value': '2', 'line': '16'}, {'value': '3', 'line': '16'}, {'value': '20', 'line': '16'}, {'value': '4', 'line': '16'}, {'value': '3', 'line': '16'}, {'value': '9', 'line': '16'}]}}, {'res': False, 'info': {'t': [{'value': '6', 'line': '12'}, {'value': '5', 'line': '13'}, {'value': '4', 'line': '13'}, {'value': '3', 'line': '13'}, {'value': '2', 'line': '13'}, {'value': '1', 'line': '13'}, {'value': '0', 'line': '13'}], 'm': [{'value': '27436', 'line': '15'}, {'value': '28002', 'line': '15'}, {'value': '12276', 'line': '15'}, {'value': '13715', 'line': '15'}, {'value': '26922', 'line': '15'}, {'value': '5287', 'line': '15'}], 'n': [{'value': '23314', 'line': '15'}, {'value': '9625', 'line': '15'}, {'value': '13971', 'line': '15'}, {'value': '13349', 'line': '15'}, {'value': '3487', 'line': '15'}, {'value': '9609', 'line': '15'}], 'k': [{'value': '3', 'line': '16'}, {'value': '2', 'line': '16'}, {'value': '4', 'line': '16'}, {'value': '2', 'line': '16'}, {'value': '2', 'line': '16'}, {'value': '2', 'line': '16'}]}}, {'res': False, 'info': {'t': [{'value': '10', 'line': '12'}, {'value': '9', 'line': '13'}, {'value': '8', 'line': '13'}, {'value': '7', 'line': '13'}, {'value': '6', 'line': '13'}, {'value': '5', 'line': '13'}, {'value': '4', 'line': '13'}, {'value': '3', 'line': '13'}, {'value': '2', 'line': '13'}, {'value': '1', 'line': '13'}, {'value': '0', 'line': '13'}], 'm': [{'value': '2498', 'line': '15'}, {'value': '24002', 'line': '15'}, {'value': '20450', 'line': '15'}, {'value': '14561', 'line': '15'}, {'value': '29987', 'line': '15'}, {'value': '9150', 'line': '15'}, {'value': '22535', 'line': '15'}, {'value': '14547', 'line': '15'}, {'value': '634', 'line': '15'}, {'value': '18961', 'line': '15'}], 'n': [{'value': '11982', 'line': '15'}, {'value': '18305', 'line': '15'}, {'value': '10646', 'line': '15'}, {'value': '5885', 'line': '15'}, {'value': '23535', 'line': '15'}, {'value': '6123', 'line': '15'}, {'value': '886', 'line': '15'}, {'value': '16621', 'line': '15'}, {'value': '965', 'line': '15'}, {'value': '18244', 'line': '15'}], 'k': [{'value': '3', 'line': '16'}, {'value': '2', 'line': '16'}, {'value': '3', 'line': '16'}, {'value': '2', 'line': '16'}, {'value': '2', 'line': '16'}, {'value': '4', 'line': '16'}, {'value': '2', 'line': '16'}, {'value': '2', 'line': '16'}, {'value': '2', 'line': '16'}, {'value': '2', 'line': '16'}]}}, {'res': False, 'info': {'t': [{'value': '10', 'line': '12'}, {'value': '9', 'line': '13'}, {'value': '8', 'line': '13'}, {'value': '7', 'line': '13'}, {'value': '6', 'line': '13'}, {'value': '5', 'line': '13'}, {'value': '4', 'line': '13'}, {'value': '3', 'line': '13'}, {'value': '2', 'line': '13'}, {'value': '1', 'line': '13'}, {'value': '0', 'line': '13'}], 'm': [{'value': '4999', 'line': '15'}, {'value': '6527', 'line': '15'}, {'value': '23838', 'line': '15'}, {'value': '1317', 'line': '15'}, {'value': '3860', 'line': '15'}, {'value': '10792', 'line': '15'}, {'value': '4971', 'line': '15'}, {'value': '17206', 'line': '15'}, {'value': '2724', 'line': '15'}, {'value': '17956', 'line': '15'}], 'n': [{'value': '25306', 'line': '15'}, {'value': '1253', 'line': '15'}, {'value': '27623', 'line': '15'}, {'value': '1231', 'line': '15'}, {'value': '21034', 'line': '15'}, {'value': '10651', 'line': '15'}, {'value': '25136', 'line': '15'}, {'value': '8789', 'line': '15'}, {'value': '12918', 'line': '15'}, {'value': '8586', 'line': '15'}], 'k': [{'value': '2', 'line': '16'}, {'value': '2', 'line': '16'}, {'value': '2', 'line': '16'}, {'value': '2', 'line': '16'}, {'value': '3', 'line': '16'}, {'value': '2', 'line': '16'}, {'value': '2', 'line': '16'}, {'value': '2', 'line': '16'}, {'value': '7', 'line': '16'}, {'value': '3', 'line': '16'}]}}, {'res': False, 'info': {'t': [{'value': '10', 'line': '12'}, {'value': '9', 'line': '13'}, {'value': '8', 'line': '13'}, {'value': '7', 'line': '13'}, {'value': '6', 'line': '13'}, {'value': '5', 'line': '13'}, {'value': '4', 'line': '13'}, {'value': '3', 'line': '13'}, {'value': '2', 'line': '13'}, {'value': '1', 'line': '13'}, {'value': '0', 'line': '13'}], 'm': [{'value': '16498', 'line': '15'}, {'value': '1238', 'line': '15'}, {'value': '24545', 'line': '15'}, {'value': '21856', 'line': '15'}, {'value': '4215', 'line': '15'}, {'value': '1386', 'line': '15'}, {'value': '23241', 'line': '15'}, {'value': '7385', 'line': '15'}, {'value': '5489', 'line': '15'}, {'value': '13228', 'line': '15'}], 'n': [{'value': '13088', 'line': '15'}, {'value': '2722', 'line': '15'}, {'value': '26093', 'line': '15'}, {'value': '2416', 'line': '15'}, {'value': '21099', 'line': '15'}, {'value': '18440', 'line': '15'}, {'value': '2663', 'line': '15'}, {'value': '14033', 'line': '15'}, {'value': '21160', 'line': '15'}, {'value': '6875', 'line': '15'}], 'k': [{'value': '3', 'line': '16'}, {'value': '3', 'line': '16'}, {'value': '2', 'line': '16'}, {'value': '17', 'line': '16'}, {'value': '4', 'line': '16'}, {'value': '3', 'line': '16'}, {'value': '2', 'line': '16'}, {'value': '2', 'line': '16'}, {'value': '2', 'line': '16'}, {'value': '2', 'line': '16'}]}}, {'res': False, 'info': {'t': [{'value': '10', 'line': '12'}, {'value': '9', 'line': '13'}, {'value': '8', 'line': '13'}, {'value': '7', 'line': '13'}, {'value': '6', 'line': '13'}, {'value': '5', 'line': '13'}, {'value': '4', 'line': '13'}, {'value': '3', 'line': '13'}, {'value': '2', 'line': '13'}, {'value': '1', 'line': '13'}, {'value': '0', 'line': '13'}], 'm': [{'value': '2575', 'line': '15'}, {'value': '24355', 'line': '15'}, {'value': '27534', 'line': '15'}, {'value': '1271', 'line': '15'}, {'value': '425', 'line': '15'}, {'value': '19686', 'line': '15'}, {'value': '11693', 'line': '15'}, {'value': '22462', 'line': '15'}, {'value': '11392', 'line': '15'}, {'value': '17756', 'line': '15'}], 'n': [{'value': '17373', 'line': '15'}, {'value': '22130', 'line': '15'}, {'value': '675', 'line': '15'}, {'value': '8179', 'line': '15'}, {'value': '5867', 'line': '15'}, {'value': '6878', 'line': '15'}, {'value': '22988', 'line': '15'}, {'value': '1837', 'line': '15'}, {'value': '21333', 'line': '15'}, {'value': '1460', 'line': '15'}], 'k': [{'value': '2', 'line': '16'}, {'value': '6', 'line': '16'}, {'value': '4', 'line': '16'}, {'value': '2', 'line': '16'}, {'value': '2', 'line': '16'}, {'value': '3', 'line': '16'}, {'value': '2', 'line': '16'}, {'value': '12', 'line': '16'}, {'value': '2', 'line': '16'}, {'value': '5', 'line': '16'}]}}, {'res': False, 'info': {'t': [{'value': '10', 'line': '12'}, {'value': '9', 'line': '13'}, {'value': '8', 'line': '13'}, {'value': '7', 'line': '13'}, {'value': '6', 'line': '13'}, {'value': '5', 'line': '13'}, {'value': '4', 'line': '13'}, {'value': '3', 'line': '13'}, {'value': '2', 'line': '13'}, {'value': '1', 'line': '13'}, {'value': '0', 'line': '13'}], 'm': [{'value': '14818', 'line': '15'}, {'value': '18469', 'line': '15'}, {'value': '963', 'line': '15'}, {'value': '26324', 'line': '15'}, {'value': '17909', 'line': '15'}, {'value': '1845', 'line': '15'}, {'value': '21844', 'line': '15'}, {'value': '28467', 'line': '15'}, {'value': '17379', 'line': '15'}, {'value': '25437', 'line': '15'}], 'n': [{'value': '5845', 'line': '15'}, {'value': '23018', 'line': '15'}, {'value': '3711', 'line': '15'}, {'value': '23', 'line': '15'}, {'value': '5656', 'line': '15'}, {'value': '20878', 'line': '15'}, {'value': '11763', 'line': '15'}, {'value': '9549', 'line': '15'}, {'value': '23071', 'line': '15'}, {'value': '15874', 'line': '15'}], 'k': [{'value': '2', 'line': '16'}, {'value': '2', 'line': '16'}, {'value': '4', 'line': '16'}, {'value': '2', 'line': '16'}, {'value': '2', 'line': '16'}, {'value': '2', 'line': '16'}, {'value': '2', 'line': '16'}, {'value': '10', 'line': '16'}, {'value': '2', 'line': '16'}, {'value': '2', 'line': '16'}]}}, {'res': False, 'info': {'t': [{'value': '10', 'line': '12'}, {'value': '9', 'line': '13'}, {'value': '8', 'line': '13'}, {'value': '7', 'line': '13'}, {'value': '6', 'line': '13'}, {'value': '5', 'line': '13'}, {'value': '4', 'line': '13'}, {'value': '3', 'line': '13'}, {'value': '2', 'line': '13'}, {'value': '1', 'line': '13'}, {'value': '0', 'line': '13'}], 'm': [{'value': '1849', 'line': '15'}, {'value': '27757', 'line': '15'}, {'value': '5724', 'line': '15'}, {'value': '572', 'line': '15'}, {'value': '4588', 'line': '15'}, {'value': '15632', 'line': '15'}, {'value': '5444', 'line': '15'}, {'value': '7432', 'line': '15'}, {'value': '3852', 'line': '15'}, {'value': '24762', 'line': '15'}], 'n': [{'value': '479', 'line': '15'}, {'value': '17696', 'line': '15'}, {'value': '25434', 'line': '15'}, {'value': '1795', 'line': '15'}, {'value': '28564', 'line': '15'}, {'value': '6257', 'line': '15'}, {'value': '8861', 'line': '15'}, {'value': '1889', 'line': '15'}, {'value': '11273', 'line': '15'}, {'value': '17632', 'line': '15'}], 'k': [{'value': '2', 'line': '16'}, {'value': '2', 'line': '16'}, {'value': '55', 'line': '16'}, {'value': '2', 'line': '16'}, {'value': '149', 'line': '16'}, {'value': '2', 'line': '16'}, {'value': '2', 'line': '16'}, {'value': '2', 'line': '16'}, {'value': '2', 'line': '16'}, {'value': '3', 'line': '16'}]}}, {'res': False, 'info': {'t': [{'value': '10', 'line': '12'}, {'value': '9', 'line': '13'}, {'value': '8', 'line': '13'}, {'value': '7', 'line': '13'}, {'value': '6', 'line': '13'}, {'value': '5', 'line': '13'}, {'value': '4', 'line': '13'}, {'value': '3', 'line': '13'}, {'value': '2', 'line': '13'}, {'value': '1', 'line': '13'}, {'value': '0', 'line': '13'}], 'm': [{'value': '25138', 'line': '15'}, {'value': '12058', 'line': '15'}, {'value': '2490', 'line': '15'}, {'value': '6302', 'line': '15'}, {'value': '3315', 'line': '15'}, {'value': '13215', 'line': '15'}, {'value': '2844', 'line': '15'}, {'value': '22531', 'line': '15'}, {'value': '2056', 'line': '15'}, {'value': '15897', 'line': '15'}], 'n': [{'value': '1647', 'line': '15'}, {'value': '22929', 'line': '15'}, {'value': '1622', 'line': '15'}, {'value': '1572', 'line': '15'}, {'value': '22397', 'line': '15'}, {'value': '2299', 'line': '15'}, {'value': '16953', 'line': '15'}, {'value': '9849', 'line': '15'}, {'value': '18228', 'line': '15'}, {'value': '23644', 'line': '15'}], 'k': [{'value': '2', 'line': '16'}, {'value': '2', 'line': '16'}, {'value': '3', 'line': '16'}, {'value': '3', 'line': '16'}, {'value': '2', 'line': '16'}, {'value': '2', 'line': '16'}, {'value': '4', 'line': '16'}, {'value': '2', 'line': '16'}, {'value': '5', 'line': '16'}, {'value': '2', 'line': '16'}]}}, {'res': False, 'info': {'t': [{'value': '10', 'line': '12'}, {'value': '9', 'line': '13'}, {'value': '8', 'line': '13'}, {'value': '7', 'line': '13'}, {'value': '6', 'line': '13'}, {'value': '5', 'line': '13'}, {'value': '4', 'line': '13'}, {'value': '3', 'line': '13'}, {'value': '2', 'line': '13'}, {'value': '1', 'line': '13'}, {'value': '0', 'line': '13'}], 'm': [{'value': '22574', 'line': '15'}, {'value': '1220', 'line': '15'}, {'value': '27939', 'line': '15'}, {'value': '25308', 'line': '15'}, {'value': '12828', 'line': '15'}, {'value': '2001', 'line': '15'}, {'value': '4527', 'line': '15'}, {'value': '28561', 'line': '15'}, {'value': '2265', 'line': '15'}, {'value': '11692', 'line': '15'}], 'n': [{'value': '660', 'line': '15'}, {'value': '10557', 'line': '15'}, {'value': '13866', 'line': '15'}, {'value': '13222', 'line': '15'}, {'value': '17388', 'line': '15'}, {'value': '11603', 'line': '15'}, {'value': '11430', 'line': '15'}, {'value': '26507', 'line': '15'}, {'value': '26348', 'line': '15'}, {'value': '433', 'line': '15'}], 'k': [{'value': '3', 'line': '16'}, {'value': '2', 'line': '16'}, {'value': '4', 'line': '16'}, {'value': '3', 'line': '16'}, {'value': '13', 'line': '16'}, {'value': '2', 'line': '16'}, {'value': '10', 'line': '16'}, {'value': '14', 'line': '16'}, {'value': '2', 'line': '16'}, {'value': '2', 'line': '16'}]}}]