[{'res': False, 'info': {'a1': [{'value': '1', 'line': '6'}], 'a2': [{'value': '0', 'line': '6'}], 'b1': [{'value': '0', 'line': '6'}], 'b2': [{'value': '1', 'line': '6'}], 'X': [{'value': '0', 'line': '7'}], 'Y': [{'value': '0', 'line': '8'}]}}, {'res': False, 'info': {'a1': [{'value': '1', 'line': '6'}], 'a2': [{'value': '0', 'line': '6'}], 'b1': [{'value': '1', 'line': '6'}], 'b2': [{'value': '0', 'line': '6'}], 'X': [{'value': 'nan', 'line': '7'}], 'Y': [{'value': 'nan', 'line': '8'}]}}, {'res': False, 'info': {'a1': [{'value': '100', 'line': '6'}], 'a2': [{'value': '100', 'line': '6'}], 'b1': [{'value': '-1', 'line': '6'}], 'b2': [{'value': '-101', 'line': '6'}], 'X': [{'value': '100', 'line': '7'}], 'Y': [{'value': '-0', 'line': '8'}]}}, {'res': False, 'info': {'a1': [{'value': '1000', 'line': '6'}], 'a2': [{'value': '0', 'line': '6'}], 'b1': [{'value': '1', 'line': '6'}], 'b2': [{'value': '-1', 'line': '6'}], 'X': [{'value': '0', 'line': '7'}], 'Y': [{'value': '1', 'line': '8'}]}}, {'res': False, 'info': {'a1': [{'value': '-1', 'line': '6'}], 'a2': [{'value': '-2', 'line': '6'}], 'b1': [{'value': '-3', 'line': '6'}], 'b2': [{'value': '-4', 'line': '6'}], 'X': [{'value': '1', 'line': '7'}], 'Y': [{'value': '-6', 'line': '8'}]}}, {'res': False, 'info': {'a1': [{'value': '0', 'line': '6'}], 'a2': [{'value': '0', 'line': '6'}], 'b1': [{'value': '0', 'line': '6'}], 'b2': [{'value': '0', 'line': '6'}], 'X': [{'value': 'nan', 'line': '7'}], 'Y': [{'value': 'nan', 'line': '8'}]}}]