[{'res': False, 'info': {'a1': [{'value': '1', 'line': '6'}], 'a2': [{'value': '0', 'line': '7'}], 'b1': [{'value': '0', 'line': '8'}], 'b2': [{'value': '1', 'line': '9'}], 'x': [{'value': '0', 'line': '10'}], 'y': [{'value': '0', 'line': '11'}]}}, {'res': False, 'info': {'a1': [{'value': '1', 'line': '6'}], 'a2': [{'value': '0', 'line': '7'}], 'b1': [{'value': '1', 'line': '8'}], 'b2': [{'value': '0', 'line': '9'}], 'x': [{'value': 'nan', 'line': '10'}], 'y': [{'value': 'nan', 'line': '11'}]}}, {'res': False, 'info': {'a1': [{'value': '100', 'line': '6'}], 'a2': [{'value': '100', 'line': '7'}], 'b1': [{'value': '-1', 'line': '8'}], 'b2': [{'value': '-101', 'line': '9'}], 'x': [{'value': '100', 'line': '10'}], 'y': [{'value': '-0', 'line': '11'}]}}, {'res': False, 'info': {'a1': [{'value': '1000', 'line': '6'}], 'a2': [{'value': '0', 'line': '7'}], 'b1': [{'value': '1', 'line': '8'}], 'b2': [{'value': '-1', 'line': '9'}], 'x': [{'value': '0', 'line': '10'}], 'y': [{'value': '1', 'line': '11'}]}}, {'res': False, 'info': {'a1': [{'value': '-1', 'line': '6'}], 'a2': [{'value': '-2', 'line': '7'}], 'b1': [{'value': '-3', 'line': '8'}], 'b2': [{'value': '-4', 'line': '9'}], 'x': [{'value': '1', 'line': '10'}], 'y': [{'value': '-6', 'line': '11'}]}}, {'res': False, 'info': {'a1': [{'value': '0', 'line': '6'}], 'a2': [{'value': '0', 'line': '7'}], 'b1': [{'value': '0', 'line': '8'}], 'b2': [{'value': '0', 'line': '9'}], 'x': [{'value': 'nan', 'line': '10'}], 'y': [{'value': 'nan', 'line': '11'}]}}]