[{'res': False, 'info': {'a1': [{'value': '1', 'line': '5'}], 'b1': [{'value': '4.34828e+032', 'line': '5'}], 'a2': [{'value': '8.99953e-039', 'line': '5'}], 'b2': [{'value': 'nan', 'line': '5'}], 'x': [{'value': 'nan', 'line': '6'}], 'y': [{'value': 'nan', 'line': '7'}]}}, {'res': False, 'info': {'a1': [{'value': '1', 'line': '5'}], 'b1': [{'value': '4.34828e+032', 'line': '5'}], 'a2': [{'value': '8.99953e-039', 'line': '5'}], 'b2': [{'value': 'nan', 'line': '5'}], 'x': [{'value': 'nan', 'line': '6'}], 'y': [{'value': 'nan', 'line': '7'}]}}, {'res': False, 'info': {'a1': [{'value': '100', 'line': '5'}], 'b1': [{'value': '4.34828e+032', 'line': '5'}], 'a2': [{'value': '8.99953e-039', 'line': '5'}], 'b2': [{'value': 'nan', 'line': '5'}], 'x': [{'value': 'nan', 'line': '6'}], 'y': [{'value': 'nan', 'line': '7'}]}}, {'res': False, 'info': {'a1': [{'value': '1000', 'line': '5'}], 'b1': [{'value': '4.34828e+032', 'line': '5'}], 'a2': [{'value': '8.99953e-039', 'line': '5'}], 'b2': [{'value': 'nan', 'line': '5'}], 'x': [{'value': 'nan', 'line': '6'}], 'y': [{'value': 'nan', 'line': '7'}]}}, {'res': False, 'info': {'a1': [{'value': '-1', 'line': '5'}], 'b1': [{'value': '4.34828e+032', 'line': '5'}], 'a2': [{'value': '8.99953e-039', 'line': '5'}], 'b2': [{'value': 'nan', 'line': '5'}], 'x': [{'value': 'nan', 'line': '6'}], 'y': [{'value': 'nan', 'line': '7'}]}}, {'res': False, 'info': {'a1': [{'value': '0', 'line': '5'}], 'b1': [{'value': '4.34828e+032', 'line': '5'}], 'a2': [{'value': '8.99953e-039', 'line': '5'}], 'b2': [{'value': 'nan', 'line': '5'}], 'x': [{'value': 'nan', 'line': '6'}], 'y': [{'value': 'nan', 'line': '7'}]}}]