[{'res': False, 'info': {'flag': [{'value': '0', 'line': '6'}, {'value': '1', 'line': '28'}, {'value': '3', 'line': '32'}, {'value': '2', 'line': '30'}, {'value': '3', 'line': '32'}, {'value': '1', 'line': '28'}, {'value': '3', 'line': '32'}, {'value': '2', 'line': '30'}, {'value': '3', 'line': '32'}, {'value': '2', 'line': '30'}, {'value': '3', 'line': '32'}, {'value': '3', 'line': '16'}, {'value': '3', 'line': '32'}, {'value': '3', 'line': '16'}, {'value': '3', 'line': '32'}, {'value': '2', 'line': '22'}, {'value': '3', 'line': '32'}]}}, {'res': False, 'info': {'flag': [{'value': '0', 'line': '6'}, {'value': '1', 'line': '28'}, {'value': '3', 'line': '32'}, {'value': '2', 'line': '30'}, {'value': '3', 'line': '32'}, {'value': '3', 'line': '10'}, {'value': '3', 'line': '32'}]}}]