[{'res': False, 'info': {'s': [{'value': '4201644', 'line': '29'}, {'value': '1', 'line': '30'}, {'value': '2', 'line': '29'}, {'value': '2', 'line': '30'}, {'value': '3', 'line': '29'}, {'value': '8', 'line': '30'}, {'value': '9', 'line': '29'}, {'value': '15', 'line': '30'}, {'value': '16', 'line': '29'}, {'value': '15', 'line': '30'}, {'value': '7', 'line': '20'}]}}, {'res': False, 'info': {'s': [{'value': '4201644', 'line': '29'}, {'value': '0', 'line': '30'}, {'value': '1', 'line': '29'}, {'value': '2', 'line': '30'}]}}]