[{'res': True, 'info': {'a': [{'value': '12345', 'line': '7'}], 'b': [{'value': '0', 'line': '8'}, {'value': '5', 'line': '13'}, {'value': '54', 'line': '13'}, {'value': '543', 'line': '13'}, {'value': '5432', 'line': '13'}, {'value': '54321', 'line': '13'}], 'i': [{'value': '12345', 'line': '10'}, {'value': '1234', 'line': '10'}, {'value': '123', 'line': '10'}, {'value': '12', 'line': '10'}, {'value': '1', 'line': '10'}], 'rem': [{'value': '5', 'line': '12'}, {'value': '4', 'line': '12'}, {'value': '3', 'line': '12'}, {'value': '2', 'line': '12'}, {'value': '1', 'line': '12'}]}}, {'res': True, 'info': {'a': [{'value': '1331', 'line': '7'}], 'b': [{'value': '0', 'line': '8'}, {'value': '1', 'line': '13'}, {'value': '13', 'line': '13'}, {'value': '133', 'line': '13'}, {'value': '1331', 'line': '13'}], 'i': [{'value': '1331', 'line': '10'}, {'value': '133', 'line': '10'}, {'value': '13', 'line': '10'}, {'value': '1', 'line': '10'}], 'rem': [{'value': '1', 'line': '12'}, {'value': '3', 'line': '12'}, {'value': '3', 'line': '12'}, {'value': '1', 'line': '12'}]}}, {'res': True, 'info': {'a': [{'value': '100', 'line': '7'}], 'b': [{'value': '0', 'line': '8'}, {'value': '0', 'line': '13'}, {'value': '0', 'line': '13'}, {'value': '1', 'line': '13'}], 'i': [{'value': '100', 'line': '10'}, {'value': '10', 'line': '10'}, {'value': '1', 'line': '10'}], 'rem': [{'value': '0', 'line': '12'}, {'value': '0', 'line': '12'}, {'value': '1', 'line': '12'}]}}, {'res': True, 'info': {'a': [{'value': '0', 'line': '7'}], 'b': [{'value': '0', 'line': '8'}]}}, {'res': True, 'info': {'a': [{'value': '10', 'line': '7'}], 'b': [{'value': '0', 'line': '8'}, {'value': '0', 'line': '13'}, {'value': '1', 'line': '13'}], 'i': [{'value': '10', 'line': '10'}, {'value': '1', 'line': '10'}], 'rem': [{'value': '0', 'line': '12'}, {'value': '1', 'line': '12'}]}}]