[{'res': True, 'info': {'b': [{'value': '0', 'line': '5'}, {'value': '0', 'line': '8'}, {'value': '1', 'line': '11'}, {'value': '0', 'line': '8'}, {'value': '3', 'line': '11'}, {'value': '4', 'line': '11'}, {'value': '0', 'line': '8'}, {'value': '27', 'line': '11'}, {'value': '36', 'line': '11'}, {'value': '39', 'line': '11'}, {'value': '40', 'line': '11'}], 'n': [{'value': '3', 'line': '6'}, {'value': '1', 'line': '12'}, {'value': '10', 'line': '6'}, {'value': '4', 'line': '12'}, {'value': '2', 'line': '12'}, {'value': '81', 'line': '6'}, {'value': '27', 'line': '12'}, {'value': '9', 'line': '12'}, {'value': '3', 'line': '12'}, {'value': '1', 'line': '12'}]}}, {'res': True, 'info': {'b': [{'value': '0', 'line': '5'}, {'value': '0', 'line': '8'}, {'value': '22', 'line': '11'}, {'value': '30', 'line': '11'}, {'value': '32', 'line': '11'}, {'value': '33', 'line': '11'}, {'value': '0', 'line': '8'}, {'value': '17', 'line': '11'}, {'value': '23', 'line': '11'}, {'value': '25', 'line': '11'}, {'value': '0', 'line': '8'}, {'value': '20', 'line': '11'}, {'value': '27', 'line': '11'}, {'value': '29', 'line': '11'}, {'value': '30', 'line': '11'}, {'value': '0', 'line': '8'}, {'value': '27', 'line': '11'}, {'value': '36', 'line': '11'}, {'value': '39', 'line': '11'}, {'value': '40', 'line': '11'}, {'value': '0', 'line': '8'}, {'value': '17', 'line': '11'}, {'value': '22', 'line': '11'}, {'value': '24', 'line': '11'}, {'value': '25', 'line': '11'}, {'value': '0', 'line': '8'}, {'value': '23', 'line': '11'}, {'value': '30', 'line': '11'}, {'value': '33', 'line': '11'}, {'value': '34', 'line': '11'}, {'value': '0', 'line': '8'}, {'value': '19', 'line': '11'}, {'value': '26', 'line': '11'}, {'value': '28', 'line': '11'}, {'value': '29', 'line': '11'}, {'value': '0', 'line': '8'}, {'value': '31', 'line': '11'}, {'value': '42', 'line': '11'}, {'value': '45', 'line': '11'}, {'value': '46', 'line': '11'}, {'value': '47', 'line': '11'}, {'value': '0', 'line': '8'}, {'value': '31', 'line': '11'}, {'value': '41', 'line': '11'}, {'value': '45', 'line': '11'}, {'value': '46', 'line': '11'}, {'value': '0', 'line': '8'}, {'value': '3', 'line': '11'}, {'value': '4', 'line': '11'}], 'n': [{'value': '68', 'line': '6'}, {'value': '24', 'line': '12'}, {'value': '8', 'line': '12'}, {'value': '4', 'line': '12'}, {'value': '2', 'line': '12'}, {'value': '52', 'line': '6'}, {'value': '18', 'line': '12'}, {'value': '6', 'line': '12'}, {'value': '2', 'line': '12'}, {'value': '61', 'line': '6'}, {'value': '21', 'line': '12'}, {'value': '7', 'line': '12'}, {'value': '3', 'line': '12'}, {'value': '1', 'line': '12'}, {'value': '81', 'line': '6'}, {'value': '27', 'line': '12'}, {'value': '9', 'line': '12'}, {'value': '3', 'line': '12'}, {'value': '1', 'line': '12'}, {'value': '51', 'line': '6'}, {'value': '17', 'line': '12'}, {'value': '7', 'line': '12'}, {'value': '3', 'line': '12'}, {'value': '1', 'line': '12'}, {'value': '69', 'line': '6'}, {'value': '23', 'line': '12'}, {'value': '9', 'line': '12'}, {'value': '3', 'line': '12'}, {'value': '1', 'line': '12'}, {'value': '59', 'line': '6'}, {'value': '21', 'line': '12'}, {'value': '7', 'line': '12'}, {'value': '3', 'line': '12'}, {'value': '1', 'line': '12'}, {'value': '95', 'line': '6'}, {'value': '33', 'line': '12'}, {'value': '11', 'line': '12'}, {'value': '5', 'line': '12'}, {'value': '3', 'line': '12'}, {'value': '1', 'line': '12'}, {'value': '94', 'line': '6'}, {'value': '32', 'line': '12'}, {'value': '12', 'line': '12'}, {'value': '4', 'line': '12'}, {'value': '2', 'line': '12'}, {'value': '10', 'line': '6'}, {'value': '4', 'line': '12'}, {'value': '2', 'line': '12'}]}}]