[{'res': True, 'info': {'a': [{'value': '3', 'line': '9'}], 'b': [{'value': '4', 'line': '9'}], 'c': [{'value': '5', 'line': '9'}], 'max': [{'value': '5', 'line': '18'}]}}, {'res': True, 'info': {'a': [{'value': '3', 'line': '9'}], 'b': [{'value': '4', 'line': '9'}], 'c': [{'value': '3', 'line': '9'}], 'max': [{'value': '4', 'line': '14'}]}}, {'res': True, 'info': {'a': [{'value': '3', 'line': '9'}], 'b': [{'value': '3', 'line': '9'}], 'c': [{'value': '7', 'line': '9'}], 'max': [{'value': '7', 'line': '18'}]}}, {'res': True, 'info': {'a': [{'value': '3', 'line': '9'}], 'b': [{'value': '3', 'line': '9'}], 'c': [{'value': '5', 'line': '9'}], 'max': [{'value': '5', 'line': '18'}]}}, {'res': False, 'info': {'a': [{'value': '1', 'line': '9'}], 'b': [{'value': '2', 'line': '9'}], 'c': [{'value': '3', 'line': '9'}], 'max': [{'value': '3', 'line': '18'}]}}, {'res': True, 'info': {'a': [{'value': '3', 'line': '9'}], 'b': [{'value': '6', 'line': '9'}], 'c': [{'value': '2', 'line': '9'}], 'max': [{'value': '6', 'line': '14'}]}}, {'res': True, 'info': {'a': [{'value': '12', 'line': '9'}], 'b': [{'value': '13', 'line': '9'}], 'c': [{'value': '5', 'line': '9'}], 'max': [{'value': '13', 'line': '14'}]}}]