[{'res': False, 'info': {'x': [{'value': '1.2', 'line': '5'}], 'y': [{'value': '2.3', 'line': '5'}], 'r': [{'value': '2.7', 'line': '5'}], 'x1': [{'value': '5.3', 'line': '5'}], 'y1': [{'value': '7.6', 'line': '5'}], 'A': [{'value': '44.9', 'line': '6'}]}}, {'res': False, 'info': {'x': [{'value': '0', 'line': '5'}], 'y': [{'value': '0', 'line': '5'}], 'r': [{'value': '5', 'line': '5'}], 'x1': [{'value': '3', 'line': '5'}], 'y1': [{'value': '7', 'line': '5'}], 'A': [{'value': '58', 'line': '6'}]}}, {'res': False, 'info': {'x': [{'value': '3', 'line': '5'}], 'y': [{'value': '4', 'line': '5'}], 'r': [{'value': '5', 'line': '5'}], 'x1': [{'value': '7', 'line': '5'}], 'y1': [{'value': '7', 'line': '5'}], 'A': [{'value': '25', 'line': '6'}]}}, {'res': False, 'info': {'x': [{'value': '3', 'line': '5'}], 'y': [{'value': '4', 'line': '5'}], 'r': [{'value': '5', 'line': '5'}], 'x1': [{'value': '5.6', 'line': '5'}], 'y1': [{'value': '6.2', 'line': '5'}], 'A': [{'value': '11.6', 'line': '6'}]}}, {'res': False, 'info': {'x': [{'value': '-1', 'line': '5'}], 'y': [{'value': '-2', 'line': '5'}], 'r': [{'value': '5', 'line': '5'}], 'x1': [{'value': '1.5', 'line': '5'}], 'y1': [{'value': '2', 'line': '5'}], 'A': [{'value': '22.25', 'line': '6'}]}}, {'res': False, 'info': {'x': [{'value': '0', 'line': '5'}], 'y': [{'value': '0', 'line': '5'}], 'r': [{'value': '5', 'line': '5'}], 'x1': [{'value': '3', 'line': '5'}], 'y1': [{'value': '4', 'line': '5'}], 'A': [{'value': '25', 'line': '6'}]}}, {'res': False, 'info': {'x': [{'value': '0', 'line': '5'}], 'y': [{'value': '0', 'line': '5'}], 'r': [{'value': '5', 'line': '5'}], 'x1': [{'value': '3', 'line': '5'}], 'y1': [{'value': '5', 'line': '5'}], 'A': [{'value': '34', 'line': '6'}]}}]