[{'res': True, 'info': {'x': [{'value': '1.2', 'line': '8'}], 'y': [{'value': '2.3', 'line': '8'}], 'r': [{'value': '2.7', 'line': '8'}], 'x1': [{'value': '5.3', 'line': '8'}], 'y1': [{'value': '7.6', 'line': '8'}], 'a': [{'value': '16.81', 'line': '9'}], 'b': [{'value': '28.09', 'line': '10'}], 'c': [{'value': '44.9', 'line': '11'}], 'd': [{'value': '6.70075', 'line': '12'}]}}, {'res': True, 'info': {'x': [{'value': '0', 'line': '8'}], 'y': [{'value': '0', 'line': '8'}], 'r': [{'value': '5', 'line': '8'}], 'x1': [{'value': '3', 'line': '8'}], 'y1': [{'value': '7', 'line': '8'}], 'a': [{'value': '9', 'line': '9'}], 'b': [{'value': '49', 'line': '10'}], 'c': [{'value': '58', 'line': '11'}], 'd': [{'value': '7.61577', 'line': '12'}]}}, {'res': False, 'info': {'x': [{'value': '3', 'line': '8'}], 'y': [{'value': '4', 'line': '8'}], 'r': [{'value': '5', 'line': '8'}], 'x1': [{'value': '7', 'line': '8'}], 'y1': [{'value': '7', 'line': '8'}], 'a': [{'value': '16', 'line': '9'}], 'b': [{'value': '9', 'line': '10'}], 'c': [{'value': '25', 'line': '11'}], 'd': [{'value': '5', 'line': '12'}]}}, {'res': False, 'info': {'x': [{'value': '3', 'line': '8'}], 'y': [{'value': '4', 'line': '8'}], 'r': [{'value': '5', 'line': '8'}], 'x1': [{'value': '5.6', 'line': '8'}], 'y1': [{'value': '6.2', 'line': '8'}], 'a': [{'value': '6.76', 'line': '9'}], 'b': [{'value': '4.84', 'line': '10'}], 'c': [{'value': '11.6', 'line': '11'}], 'd': [{'value': '3.40588', 'line': '12'}]}}, {'res': False, 'info': {'x': [{'value': '-1', 'line': '8'}], 'y': [{'value': '-2', 'line': '8'}], 'r': [{'value': '5', 'line': '8'}], 'x1': [{'value': '1.5', 'line': '8'}], 'y1': [{'value': '2', 'line': '8'}], 'a': [{'value': '6.25', 'line': '9'}], 'b': [{'value': '16', 'line': '10'}], 'c': [{'value': '22.25', 'line': '11'}], 'd': [{'value': '4.71699', 'line': '12'}]}}, {'res': False, 'info': {'x': [{'value': '0', 'line': '8'}], 'y': [{'value': '0', 'line': '8'}], 'r': [{'value': '5', 'line': '8'}], 'x1': [{'value': '3', 'line': '8'}], 'y1': [{'value': '4', 'line': '8'}], 'a': [{'value': '9', 'line': '9'}], 'b': [{'value': '16', 'line': '10'}], 'c': [{'value': '25', 'line': '11'}], 'd': [{'value': '5', 'line': '12'}]}}, {'res': True, 'info': {'x': [{'value': '0', 'line': '8'}], 'y': [{'value': '0', 'line': '8'}], 'r': [{'value': '5', 'line': '8'}], 'x1': [{'value': '3', 'line': '8'}], 'y1': [{'value': '5', 'line': '8'}], 'a': [{'value': '9', 'line': '9'}], 'b': [{'value': '25', 'line': '10'}], 'c': [{'value': '34', 'line': '11'}], 'd': [{'value': '5.83095', 'line': '12'}]}}]