[{'res': True, 'info': {'N': [{'value': '2', 'line': '7'}], 'j': [{'value': '1', 'line': '8'}, {'value': '2', 'line': '8'}], 'i': [{'value': '2', 'line': '10'}, {'value': '1', 'line': '10'}, {'value': '2', 'line': '10'}, {'value': '1', 'line': '10'}]}}, {'res': True, 'info': {'N': [{'value': '4', 'line': '7'}], 'j': [{'value': '1', 'line': '8'}, {'value': '2', 'line': '8'}, {'value': '3', 'line': '8'}, {'value': '4', 'line': '8'}], 'i': [{'value': '4', 'line': '10'}, {'value': '3', 'line': '10'}, {'value': '2', 'line': '10'}, {'value': '1', 'line': '10'}, {'value': '4', 'line': '10'}, {'value': '3', 'line': '10'}, {'value': '2', 'line': '10'}, {'value': '1', 'line': '10'}, {'value': '4', 'line': '10'}, {'value': '3', 'line': '10'}, {'value': '2', 'line': '10'}, {'value': '1', 'line': '10'}, {'value': '4', 'line': '10'}, {'value': '3', 'line': '10'}, {'value': '2', 'line': '10'}, {'value': '1', 'line': '10'}]}}, {'res': True, 'info': {'N': [{'value': '5', 'line': '7'}], 'j': [{'value': '1', 'line': '8'}, {'value': '2', 'line': '8'}, {'value': '3', 'line': '8'}, {'value': '4', 'line': '8'}, {'value': '5', 'line': '8'}], 'i': [{'value': '5', 'line': '10'}, {'value': '4', 'line': '10'}, {'value': '3', 'line': '10'}, {'value': '2', 'line': '10'}, {'value': '1', 'line': '10'}, {'value': '5', 'line': '10'}, {'value': '4', 'line': '10'}, {'value': '3', 'line': '10'}, {'value': '2', 'line': '10'}, {'value': '1', 'line': '10'}, {'value': '5', 'line': '10'}, {'value': '4', 'line': '10'}, {'value': '3', 'line': '10'}, {'value': '2', 'line': '10'}, {'value': '1', 'line': '10'}, {'value': '5', 'line': '10'}, {'value': '4', 'line': '10'}, {'value': '3', 'line': '10'}, {'value': '2', 'line': '10'}, {'value': '1', 'line': '10'}, {'value': '5', 'line': '10'}, {'value': '4', 'line': '10'}, {'value': '3', 'line': '10'}, {'value': '2', 'line': '10'}, {'value': '1', 'line': '10'}]}}, {'res': True, 'info': {'N': [{'value': '1', 'line': '7'}], 'j': [{'value': '1', 'line': '8'}], 'i': [{'value': '1', 'line': '10'}]}}, {'res': True, 'info': {'N': [{'value': '10', 'line': '7'}], 'j': [{'value': '1', 'line': '8'}, {'value': '2', 'line': '8'}, {'value': '3', 'line': '8'}, {'value': '4', 'line': '8'}, {'value': '5', 'line': '8'}, {'value': '6', 'line': '8'}, {'value': '7', 'line': '8'}, {'value': '8', 'line': '8'}, {'value': '9', 'line': '8'}, {'value': '10', 'line': '8'}], 'i': [{'value': '10', 'line': '10'}, {'value': '9', 'line': '10'}, {'value': '8', 'line': '10'}, {'value': '7', 'line': '10'}, {'value': '6', 'line': '10'}, {'value': '5', 'line': '10'}, {'value': '4', 'line': '10'}, {'value': '3', 'line': '10'}, {'value': '2', 'line': '10'}, {'value': '1', 'line': '10'}, {'value': '10', 'line': '10'}, {'value': '9', 'line': '10'}, {'value': '8', 'line': '10'}, {'value': '7', 'line': '10'}, {'value': '6', 'line': '10'}, {'value': '5', 'line': '10'}, {'value': '4', 'line': '10'}, {'value': '3', 'line': '10'}, {'value': '2', 'line': '10'}, {'value': '1', 'line': '10'}, {'value': '10', 'line': '10'}, {'value': '9', 'line': '10'}, {'value': '8', 'line': '10'}, {'value': '7', 'line': '10'}, {'value': '6', 'line': '10'}, {'value': '5', 'line': '10'}, {'value': '4', 'line': '10'}, {'value': '3', 'line': '10'}, {'value': '2', 'line': '10'}, {'value': '1', 'line': '10'}, {'value': '10', 'line': '10'}, {'value': '9', 'line': '10'}, {'value': '8', 'line': '10'}, {'value': '7', 'line': '10'}, {'value': '6', 'line': '10'}, {'value': '5', 'line': '10'}, {'value': '4', 'line': '10'}, {'value': '3', 'line': '10'}, {'value': '2', 'line': '10'}, {'value': '1', 'line': '10'}, {'value': '10', 'line': '10'}, {'value': '9', 'line': '10'}, {'value': '8', 'line': '10'}, {'value': '7', 'line': '10'}, {'value': '6', 'line': '10'}, {'value': '5', 'line': '10'}, {'value': '4', 'line': '10'}, {'value': '3', 'line': '10'}, {'value': '2', 'line': '10'}, {'value': '1', 'line': '10'}, {'value': '10', 'line': '10'}, {'value': '9', 'line': '10'}, {'value': '8', 'line': '10'}, {'value': '7', 'line': '10'}, {'value': '6', 'line': '10'}, {'value': '5', 'line': '10'}, {'value': '4', 'line': '10'}, {'value': '3', 'line': '10'}, {'value': '2', 'line': '10'}, {'value': '1', 'line': '10'}, {'value': '10', 'line': '10'}, {'value': '9', 'line': '10'}, {'value': '8', 'line': '10'}, {'value': '7', 'line': '10'}, {'value': '6', 'line': '10'}, {'value': '5', 'line': '10'}, {'value': '4', 'line': '10'}, {'value': '3', 'line': '10'}, {'value': '2', 'line': '10'}, {'value': '1', 'line': '10'}, {'value': '10', 'line': '10'}, {'value': '9', 'line': '10'}, {'value': '8', 'line': '10'}, {'value': '7', 'line': '10'}, {'value': '6', 'line': '10'}, {'value': '5', 'line': '10'}, {'value': '4', 'line': '10'}, {'value': '3', 'line': '10'}, {'value': '2', 'line': '10'}, {'value': '1', 'line': '10'}, {'value': '10', 'line': '10'}, {'value': '9', 'line': '10'}, {'value': '8', 'line': '10'}, {'value': '7', 'line': '10'}, {'value': '6', 'line': '10'}, {'value': '5', 'line': '10'}, {'value': '4', 'line': '10'}, {'value': '3', 'line': '10'}, {'value': '2', 'line': '10'}, {'value': '1', 'line': '10'}, {'value': '10', 'line': '10'}, {'value': '9', 'line': '10'}, {'value': '8', 'line': '10'}, {'value': '7', 'line': '10'}, {'value': '6', 'line': '10'}, {'value': '5', 'line': '10'}, {'value': '4', 'line': '10'}, {'value': '3', 'line': '10'}, {'value': '2', 'line': '10'}, {'value': '1', 'line': '10'}]}}]