[{'res': False, 'info': {'count': [{'value': '0', 'line': '5'}, {'value': '1', 'line': '16'}, {'value': '2', 'line': '16'}, {'value': '3', 'line': '16'}, {'value': '4', 'line': '16'}, {'value': '5', 'line': '16'}, {'value': '6', 'line': '16'}, {'value': '7', 'line': '16'}, {'value': '8', 'line': '16'}, {'value': '9', 'line': '16'}, {'value': '10', 'line': '16'}, {'value': '11', 'line': '16'}, {'value': '12', 'line': '16'}, {'value': '13', 'line': '16'}, {'value': '14', 'line': '16'}, {'value': '15', 'line': '16'}, {'value': '16', 'line': '16'}, {'value': '17', 'line': '16'}, {'value': '18', 'line': '16'}, {'value': '19', 'line': '16'}, {'value': '20', 'line': '16'}], 'i': [{'value': '1', 'line': '6'}, {'value': '1', 'line': '8'}, {'value': '2', 'line': '8'}, {'value': '3', 'line': '8'}, {'value': '4', 'line': '8'}], 'j': [{'value': '1', 'line': '6'}, {'value': '1', 'line': '10'}, {'value': '1', 'line': '10'}, {'value': '2', 'line': '10'}, {'value': '1', 'line': '10'}, {'value': '2', 'line': '10'}, {'value': '3', 'line': '10'}, {'value': '1', 'line': '10'}, {'value': '2', 'line': '10'}, {'value': '3', 'line': '10'}, {'value': '4', 'line': '10'}], 'k': [{'value': '1', 'line': '6'}, {'value': '1', 'line': '12'}, {'value': '1', 'line': '12'}, {'value': '1', 'line': '12'}, {'value': '2', 'line': '12'}, {'value': '1', 'line': '12'}, {'value': '1', 'line': '12'}, {'value': '2', 'line': '12'}, {'value': '1', 'line': '12'}, {'value': '2', 'line': '12'}, {'value': '3', 'line': '12'}, {'value': '1', 'line': '12'}, {'value': '1', 'line': '12'}, {'value': '2', 'line': '12'}, {'value': '1', 'line': '12'}, {'value': '2', 'line': '12'}, {'value': '3', 'line': '12'}, {'value': '1', 'line': '12'}, {'value': '2', 'line': '12'}, {'value': '3', 'line': '12'}, {'value': '4', 'line': '12'}], 'N': [{'value': '4', 'line': '7'}]}}, {'res': True, 'info': {'count': [{'value': '0', 'line': '5'}, {'value': '1', 'line': '16'}], 'i': [{'value': '1', 'line': '6'}, {'value': '1', 'line': '8'}], 'j': [{'value': '1', 'line': '6'}, {'value': '1', 'line': '10'}], 'k': [{'value': '1', 'line': '6'}, {'value': '1', 'line': '12'}], 'N': [{'value': '1', 'line': '7'}]}}, {'res': False, 'info': {'count': [{'value': '0', 'line': '5'}, {'value': '1', 'line': '16'}, {'value': '2', 'line': '16'}, {'value': '3', 'line': '16'}, {'value': '4', 'line': '16'}, {'value': '5', 'line': '16'}, {'value': '6', 'line': '16'}, {'value': '7', 'line': '16'}, {'value': '8', 'line': '16'}, {'value': '9', 'line': '16'}, {'value': '10', 'line': '16'}], 'i': [{'value': '1', 'line': '6'}, {'value': '1', 'line': '8'}, {'value': '2', 'line': '8'}, {'value': '3', 'line': '8'}], 'j': [{'value': '1', 'line': '6'}, {'value': '1', 'line': '10'}, {'value': '1', 'line': '10'}, {'value': '2', 'line': '10'}, {'value': '1', 'line': '10'}, {'value': '2', 'line': '10'}, {'value': '3', 'line': '10'}], 'k': [{'value': '1', 'line': '6'}, {'value': '1', 'line': '12'}, {'value': '1', 'line': '12'}, {'value': '1', 'line': '12'}, {'value': '2', 'line': '12'}, {'value': '1', 'line': '12'}, {'value': '1', 'line': '12'}, {'value': '2', 'line': '12'}, {'value': '1', 'line': '12'}, {'value': '2', 'line': '12'}, {'value': '3', 'line': '12'}], 'N': [{'value': '3', 'line': '7'}]}}, {'res': False, 'info': {'count': [{'value': '0', 'line': '5'}, {'value': '1', 'line': '16'}, {'value': '2', 'line': '16'}, {'value': '3', 'line': '16'}, {'value': '4', 'line': '16'}, {'value': '5', 'line': '16'}, {'value': '6', 'line': '16'}, {'value': '7', 'line': '16'}, {'value': '8', 'line': '16'}, {'value': '9', 'line': '16'}, {'value': '10', 'line': '16'}, {'value': '11', 'line': '16'}, {'value': '12', 'line': '16'}, {'value': '13', 'line': '16'}, {'value': '14', 'line': '16'}, {'value': '15', 'line': '16'}, {'value': '16', 'line': '16'}, {'value': '17', 'line': '16'}, {'value': '18', 'line': '16'}, {'value': '19', 'line': '16'}, {'value': '20', 'line': '16'}, {'value': '21', 'line': '16'}, {'value': '22', 'line': '16'}, {'value': '23', 'line': '16'}, {'value': '24', 'line': '16'}, {'value': '25', 'line': '16'}, {'value': '26', 'line': '16'}, {'value': '27', 'line': '16'}, {'value': '28', 'line': '16'}, {'value': '29', 'line': '16'}, {'value': '30', 'line': '16'}, {'value': '31', 'line': '16'}, {'value': '32', 'line': '16'}, {'value': '33', 'line': '16'}, {'value': '34', 'line': '16'}, {'value': '35', 'line': '16'}], 'i': [{'value': '1', 'line': '6'}, {'value': '1', 'line': '8'}, {'value': '2', 'line': '8'}, {'value': '3', 'line': '8'}, {'value': '4', 'line': '8'}, {'value': '5', 'line': '8'}], 'j': [{'value': '1', 'line': '6'}, {'value': '1', 'line': '10'}, {'value': '1', 'line': '10'}, {'value': '2', 'line': '10'}, {'value': '1', 'line': '10'}, {'value': '2', 'line': '10'}, {'value': '3', 'line': '10'}, {'value': '1', 'line': '10'}, {'value': '2', 'line': '10'}, {'value': '3', 'line': '10'}, {'value': '4', 'line': '10'}, {'value': '1', 'line': '10'}, {'value': '2', 'line': '10'}, {'value': '3', 'line': '10'}, {'value': '4', 'line': '10'}, {'value': '5', 'line': '10'}], 'k': [{'value': '1', 'line': '6'}, {'value': '1', 'line': '12'}, {'value': '1', 'line': '12'}, {'value': '1', 'line': '12'}, {'value': '2', 'line': '12'}, {'value': '1', 'line': '12'}, {'value': '1', 'line': '12'}, {'value': '2', 'line': '12'}, {'value': '1', 'line': '12'}, {'value': '2', 'line': '12'}, {'value': '3', 'line': '12'}, {'value': '1', 'line': '12'}, {'value': '1', 'line': '12'}, {'value': '2', 'line': '12'}, {'value': '1', 'line': '12'}, {'value': '2', 'line': '12'}, {'value': '3', 'line': '12'}, {'value': '1', 'line': '12'}, {'value': '2', 'line': '12'}, {'value': '3', 'line': '12'}, {'value': '4', 'line': '12'}, {'value': '1', 'line': '12'}, {'value': '1', 'line': '12'}, {'value': '2', 'line': '12'}, {'value': '1', 'line': '12'}, {'value': '2', 'line': '12'}, {'value': '3', 'line': '12'}, {'value': '1', 'line': '12'}, {'value': '2', 'line': '12'}, {'value': '3', 'line': '12'}, {'value': '4', 'line': '12'}, {'value': '1', 'line': '12'}, {'value': '2', 'line': '12'}, {'value': '3', 'line': '12'}, {'value': '4', 'line': '12'}, {'value': '5', 'line': '12'}], 'N': [{'value': '5', 'line': '7'}]}}, {'res': False, 'info': {'count': [{'value': '0', 'line': '5'}, {'value': '1', 'line': '16'}, {'value': '2', 'line': '16'}, {'value': '3', 'line': '16'}, {'value': '4', 'line': '16'}, {'value': '5', 'line': '16'}, {'value': '6', 'line': '16'}, {'value': '7', 'line': '16'}, {'value': '8', 'line': '16'}, {'value': '9', 'line': '16'}, {'value': '10', 'line': '16'}, {'value': '11', 'line': '16'}, {'value': '12', 'line': '16'}, {'value': '13', 'line': '16'}, {'value': '14', 'line': '16'}, {'value': '15', 'line': '16'}, {'value': '16', 'line': '16'}, {'value': '17', 'line': '16'}, {'value': '18', 'line': '16'}, {'value': '19', 'line': '16'}, {'value': '20', 'line': '16'}, {'value': '21', 'line': '16'}, {'value': '22', 'line': '16'}, {'value': '23', 'line': '16'}, {'value': '24', 'line': '16'}, {'value': '25', 'line': '16'}, {'value': '26', 'line': '16'}, {'value': '27', 'line': '16'}, {'value': '28', 'line': '16'}, {'value': '29', 'line': '16'}, {'value': '30', 'line': '16'}, {'value': '31', 'line': '16'}, {'value': '32', 'line': '16'}, {'value': '33', 'line': '16'}, {'value': '34', 'line': '16'}, {'value': '35', 'line': '16'}, {'value': '36', 'line': '16'}, {'value': '37', 'line': '16'}, {'value': '38', 'line': '16'}, {'value': '39', 'line': '16'}, {'value': '40', 'line': '16'}, {'value': '41', 'line': '16'}, {'value': '42', 'line': '16'}, {'value': '43', 'line': '16'}, {'value': '44', 'line': '16'}, {'value': '45', 'line': '16'}, {'value': '46', 'line': '16'}, {'value': '47', 'line': '16'}, {'value': '48', 'line': '16'}, {'value': '49', 'line': '16'}, {'value': '50', 'line': '16'}, {'value': '51', 'line': '16'}, {'value': '52', 'line': '16'}, {'value': '53', 'line': '16'}, {'value': '54', 'line': '16'}, {'value': '55', 'line': '16'}, {'value': '56', 'line': '16'}, {'value': '57', 'line': '16'}, {'value': '58', 'line': '16'}, {'value': '59', 'line': '16'}, {'value': '60', 'line': '16'}, {'value': '61', 'line': '16'}, {'value': '62', 'line': '16'}, {'value': '63', 'line': '16'}, {'value': '64', 'line': '16'}, {'value': '65', 'line': '16'}, {'value': '66', 'line': '16'}, {'value': '67', 'line': '16'}, {'value': '68', 'line': '16'}, {'value': '69', 'line': '16'}, {'value': '70', 'line': '16'}, {'value': '71', 'line': '16'}, {'value': '72', 'line': '16'}, {'value': '73', 'line': '16'}, {'value': '74', 'line': '16'}, {'value': '75', 'line': '16'}, {'value': '76', 'line': '16'}, {'value': '77', 'line': '16'}, {'value': '78', 'line': '16'}, {'value': '79', 'line': '16'}, {'value': '80', 'line': '16'}, {'value': '81', 'line': '16'}, {'value': '82', 'line': '16'}, {'value': '83', 'line': '16'}, {'value': '84', 'line': '16'}], 'i': [{'value': '1', 'line': '6'}, {'value': '1', 'line': '8'}, {'value': '2', 'line': '8'}, {'value': '3', 'line': '8'}, {'value': '4', 'line': '8'}, {'value': '5', 'line': '8'}, {'value': '6', 'line': '8'}, {'value': '7', 'line': '8'}], 'j': [{'value': '1', 'line': '6'}, {'value': '1', 'line': '10'}, {'value': '1', 'line': '10'}, {'value': '2', 'line': '10'}, {'value': '1', 'line': '10'}, {'value': '2', 'line': '10'}, {'value': '3', 'line': '10'}, {'value': '1', 'line': '10'}, {'value': '2', 'line': '10'}, {'value': '3', 'line': '10'}, {'value': '4', 'line': '10'}, {'value': '1', 'line': '10'}, {'value': '2', 'line': '10'}, {'value': '3', 'line': '10'}, {'value': '4', 'line': '10'}, {'value': '5', 'line': '10'}, {'value': '1', 'line': '10'}, {'value': '2', 'line': '10'}, {'value': '3', 'line': '10'}, {'value': '4', 'line': '10'}, {'value': '5', 'line': '10'}, {'value': '6', 'line': '10'}, {'value': '1', 'line': '10'}, {'value': '2', 'line': '10'}, {'value': '3', 'line': '10'}, {'value': '4', 'line': '10'}, {'value': '5', 'line': '10'}, {'value': '6', 'line': '10'}, {'value': '7', 'line': '10'}], 'k': [{'value': '1', 'line': '6'}, {'value': '1', 'line': '12'}, {'value': '1', 'line': '12'}, {'value': '1', 'line': '12'}, {'value': '2', 'line': '12'}, {'value': '1', 'line': '12'}, {'value': '1', 'line': '12'}, {'value': '2', 'line': '12'}, {'value': '1', 'line': '12'}, {'value': '2', 'line': '12'}, {'value': '3', 'line': '12'}, {'value': '1', 'line': '12'}, {'value': '1', 'line': '12'}, {'value': '2', 'line': '12'}, {'value': '1', 'line': '12'}, {'value': '2', 'line': '12'}, {'value': '3', 'line': '12'}, {'value': '1', 'line': '12'}, {'value': '2', 'line': '12'}, {'value': '3', 'line': '12'}, {'value': '4', 'line': '12'}, {'value': '1', 'line': '12'}, {'value': '1', 'line': '12'}, {'value': '2', 'line': '12'}, {'value': '1', 'line': '12'}, {'value': '2', 'line': '12'}, {'value': '3', 'line': '12'}, {'value': '1', 'line': '12'}, {'value': '2', 'line': '12'}, {'value': '3', 'line': '12'}, {'value': '4', 'line': '12'}, {'value': '1', 'line': '12'}, {'value': '2', 'line': '12'}, {'value': '3', 'line': '12'}, {'value': '4', 'line': '12'}, {'value': '5', 'line': '12'}, {'value': '1', 'line': '12'}, {'value': '1', 'line': '12'}, {'value': '2', 'line': '12'}, {'value': '1', 'line': '12'}, {'value': '2', 'line': '12'}, {'value': '3', 'line': '12'}, {'value': '1', 'line': '12'}, {'value': '2', 'line': '12'}, {'value': '3', 'line': '12'}, {'value': '4', 'line': '12'}, {'value': '1', 'line': '12'}, {'value': '2', 'line': '12'}, {'value': '3', 'line': '12'}, {'value': '4', 'line': '12'}, {'value': '5', 'line': '12'}, {'value': '1', 'line': '12'}, {'value': '2', 'line': '12'}, {'value': '3', 'line': '12'}, {'value': '4', 'line': '12'}, {'value': '5', 'line': '12'}, {'value': '6', 'line': '12'}, {'value': '1', 'line': '12'}, {'value': '1', 'line': '12'}, {'value': '2', 'line': '12'}, {'value': '1', 'line': '12'}, {'value': '2', 'line': '12'}, {'value': '3', 'line': '12'}, {'value': '1', 'line': '12'}, {'value': '2', 'line': '12'}, {'value': '3', 'line': '12'}, {'value': '4', 'line': '12'}, {'value': '1', 'line': '12'}, {'value': '2', 'line': '12'}, {'value': '3', 'line': '12'}, {'value': '4', 'line': '12'}, {'value': '5', 'line': '12'}, {'value': '1', 'line': '12'}, {'value': '2', 'line': '12'}, {'value': '3', 'line': '12'}, {'value': '4', 'line': '12'}, {'value': '5', 'line': '12'}, {'value': '6', 'line': '12'}, {'value': '1', 'line': '12'}, {'value': '2', 'line': '12'}, {'value': '3', 'line': '12'}, {'value': '4', 'line': '12'}, {'value': '5', 'line': '12'}, {'value': '6', 'line': '12'}, {'value': '7', 'line': '12'}], 'N': [{'value': '7', 'line': '7'}]}}, {'res': False, 'info': {'count': [{'value': '0', 'line': '5'}, {'value': '1', 'line': '16'}, {'value': '2', 'line': '16'}, {'value': '3', 'line': '16'}, {'value': '4', 'line': '16'}], 'i': [{'value': '1', 'line': '6'}, {'value': '1', 'line': '8'}, {'value': '2', 'line': '8'}], 'j': [{'value': '1', 'line': '6'}, {'value': '1', 'line': '10'}, {'value': '1', 'line': '10'}, {'value': '2', 'line': '10'}], 'k': [{'value': '1', 'line': '6'}, {'value': '1', 'line': '12'}, {'value': '1', 'line': '12'}, {'value': '1', 'line': '12'}, {'value': '2', 'line': '12'}], 'N': [{'value': '2', 'line': '7'}]}}]