[{'res': True, 'info': {'n1': [{'value': '3', 'line': '22'}], 'n2': [{'value': '23', 'line': '22'}], 'a': [{'value': '3', 'line': '24'}, {'value': '4', 'line': '24'}, {'value': '5', 'line': '24'}, {'value': '6', 'line': '24'}, {'value': '7', 'line': '24'}, {'value': '8', 'line': '24'}, {'value': '9', 'line': '24'}, {'value': '10', 'line': '24'}, {'value': '11', 'line': '24'}, {'value': '12', 'line': '24'}, {'value': '13', 'line': '24'}, {'value': '14', 'line': '24'}, {'value': '15', 'line': '24'}, {'value': '16', 'line': '24'}, {'value': '17', 'line': '24'}, {'value': '18', 'line': '24'}, {'value': '19', 'line': '24'}, {'value': '20', 'line': '24'}, {'value': '21', 'line': '24'}, {'value': '22', 'line': '24'}, {'value': '23', 'line': '24'}], 'k': [{'value': '2', 'line': '7'}, {'value': '2', 'line': '7'}, {'value': '2', 'line': '7'}, {'value': '2', 'line': '7'}, {'value': '2', 'line': '7'}, {'value': '2', 'line': '7'}, {'value': '3', 'line': '7'}, {'value': '2', 'line': '7'}, {'value': '2', 'line': '7'}, {'value': '3', 'line': '7'}, {'value': '2', 'line': '7'}, {'value': '2', 'line': '7'}, {'value': '3', 'line': '7'}, {'value': '2', 'line': '7'}, {'value': '2', 'line': '7'}, {'value': '3', 'line': '7'}, {'value': '2', 'line': '7'}, {'value': '2', 'line': '7'}, {'value': '3', 'line': '7'}, {'value': '4', 'line': '7'}, {'value': '2', 'line': '7'}, {'value': '2', 'line': '7'}, {'value': '3', 'line': '7'}, {'value': '4', 'line': '7'}, {'value': '2', 'line': '7'}, {'value': '2', 'line': '7'}, {'value': '3', 'line': '7'}, {'value': '2', 'line': '7'}, {'value': '2', 'line': '7'}, {'value': '3', 'line': '7'}, {'value': '4', 'line': '7'}]}}, {'res': True, 'info': {'n1': [{'value': '5', 'line': '22'}], 'n2': [{'value': '31', 'line': '22'}], 'a': [{'value': '5', 'line': '24'}, {'value': '6', 'line': '24'}, {'value': '7', 'line': '24'}, {'value': '8', 'line': '24'}, {'value': '9', 'line': '24'}, {'value': '10', 'line': '24'}, {'value': '11', 'line': '24'}, {'value': '12', 'line': '24'}, {'value': '13', 'line': '24'}, {'value': '14', 'line': '24'}, {'value': '15', 'line': '24'}, {'value': '16', 'line': '24'}, {'value': '17', 'line': '24'}, {'value': '18', 'line': '24'}, {'value': '19', 'line': '24'}, {'value': '20', 'line': '24'}, {'value': '21', 'line': '24'}, {'value': '22', 'line': '24'}, {'value': '23', 'line': '24'}, {'value': '24', 'line': '24'}, {'value': '25', 'line': '24'}, {'value': '26', 'line': '24'}, {'value': '27', 'line': '24'}, {'value': '28', 'line': '24'}, {'value': '29', 'line': '24'}, {'value': '30', 'line': '24'}, {'value': '31', 'line': '24'}], 'k': [{'value': '2', 'line': '7'}, {'value': '2', 'line': '7'}, {'value': '2', 'line': '7'}, {'value': '2', 'line': '7'}, {'value': '2', 'line': '7'}, {'value': '3', 'line': '7'}, {'value': '2', 'line': '7'}, {'value': '2', 'line': '7'}, {'value': '3', 'line': '7'}, {'value': '2', 'line': '7'}, {'value': '2', 'line': '7'}, {'value': '3', 'line': '7'}, {'value': '2', 'line': '7'}, {'value': '2', 'line': '7'}, {'value': '3', 'line': '7'}, {'value': '2', 'line': '7'}, {'value': '2', 'line': '7'}, {'value': '3', 'line': '7'}, {'value': '4', 'line': '7'}, {'value': '2', 'line': '7'}, {'value': '2', 'line': '7'}, {'value': '3', 'line': '7'}, {'value': '4', 'line': '7'}, {'value': '2', 'line': '7'}, {'value': '2', 'line': '7'}, {'value': '3', 'line': '7'}, {'value': '2', 'line': '7'}, {'value': '2', 'line': '7'}, {'value': '3', 'line': '7'}, {'value': '4', 'line': '7'}, {'value': '2', 'line': '7'}, {'value': '2', 'line': '7'}, {'value': '3', 'line': '7'}, {'value': '4', 'line': '7'}, {'value': '5', 'line': '7'}, {'value': '2', 'line': '7'}, {'value': '2', 'line': '7'}, {'value': '3', 'line': '7'}, {'value': '2', 'line': '7'}, {'value': '2', 'line': '7'}, {'value': '3', 'line': '7'}, {'value': '4', 'line': '7'}, {'value': '5', 'line': '7'}, {'value': '2', 'line': '7'}, {'value': '2', 'line': '7'}, {'value': '3', 'line': '7'}, {'value': '4', 'line': '7'}, {'value': '5', 'line': '7'}]}}, {'res': True, 'info': {'n1': [{'value': '1', 'line': '22'}], 'n2': [{'value': '20', 'line': '22'}], 'a': [{'value': '1', 'line': '24'}, {'value': '2', 'line': '24'}, {'value': '3', 'line': '24'}, {'value': '4', 'line': '24'}, {'value': '5', 'line': '24'}, {'value': '6', 'line': '24'}, {'value': '7', 'line': '24'}, {'value': '8', 'line': '24'}, {'value': '9', 'line': '24'}, {'value': '10', 'line': '24'}, {'value': '11', 'line': '24'}, {'value': '12', 'line': '24'}, {'value': '13', 'line': '24'}, {'value': '14', 'line': '24'}, {'value': '15', 'line': '24'}, {'value': '16', 'line': '24'}, {'value': '17', 'line': '24'}, {'value': '18', 'line': '24'}, {'value': '19', 'line': '24'}, {'value': '20', 'line': '24'}], 'k': [{'value': '2', 'line': '7'}, {'value': '2', 'line': '7'}, {'value': '2', 'line': '7'}, {'value': '2', 'line': '7'}, {'value': '2', 'line': '7'}, {'value': '2', 'line': '7'}, {'value': '3', 'line': '7'}, {'value': '2', 'line': '7'}, {'value': '2', 'line': '7'}, {'value': '3', 'line': '7'}, {'value': '2', 'line': '7'}, {'value': '2', 'line': '7'}, {'value': '3', 'line': '7'}, {'value': '2', 'line': '7'}, {'value': '2', 'line': '7'}, {'value': '3', 'line': '7'}, {'value': '2', 'line': '7'}, {'value': '2', 'line': '7'}, {'value': '3', 'line': '7'}, {'value': '4', 'line': '7'}, {'value': '2', 'line': '7'}, {'value': '2', 'line': '7'}, {'value': '3', 'line': '7'}, {'value': '4', 'line': '7'}, {'value': '2', 'line': '7'}]}}, {'res': True, 'info': {'n1': [{'value': '23', 'line': '22'}], 'n2': [{'value': '57', 'line': '22'}], 'a': [{'value': '23', 'line': '24'}, {'value': '24', 'line': '24'}, {'value': '25', 'line': '24'}, {'value': '26', 'line': '24'}, {'value': '27', 'line': '24'}, {'value': '28', 'line': '24'}, {'value': '29', 'line': '24'}, {'value': '30', 'line': '24'}, {'value': '31', 'line': '24'}, {'value': '32', 'line': '24'}, {'value': '33', 'line': '24'}, {'value': '34', 'line': '24'}, {'value': '35', 'line': '24'}, {'value': '36', 'line': '24'}, {'value': '37', 'line': '24'}, {'value': '38', 'line': '24'}, {'value': '39', 'line': '24'}, {'value': '40', 'line': '24'}, {'value': '41', 'line': '24'}, {'value': '42', 'line': '24'}, {'value': '43', 'line': '24'}, {'value': '44', 'line': '24'}, {'value': '45', 'line': '24'}, {'value': '46', 'line': '24'}, {'value': '47', 'line': '24'}, {'value': '48', 'line': '24'}, {'value': '49', 'line': '24'}, {'value': '50', 'line': '24'}, {'value': '51', 'line': '24'}, {'value': '52', 'line': '24'}, {'value': '53', 'line': '24'}, {'value': '54', 'line': '24'}, {'value': '55', 'line': '24'}, {'value': '56', 'line': '24'}, {'value': '57', 'line': '24'}], 'k': [{'value': '2', 'line': '7'}, {'value': '3', 'line': '7'}, {'value': '4', 'line': '7'}, {'value': '2', 'line': '7'}, {'value': '2', 'line': '7'}, {'value': '3', 'line': '7'}, {'value': '4', 'line': '7'}, {'value': '5', 'line': '7'}, {'value': '2', 'line': '7'}, {'value': '2', 'line': '7'}, {'value': '3', 'line': '7'}, {'value': '2', 'line': '7'}, {'value': '2', 'line': '7'}, {'value': '3', 'line': '7'}, {'value': '4', 'line': '7'}, {'value': '5', 'line': '7'}, {'value': '2', 'line': '7'}, {'value': '2', 'line': '7'}, {'value': '3', 'line': '7'}, {'value': '4', 'line': '7'}, {'value': '5', 'line': '7'}, {'value': '2', 'line': '7'}, {'value': '2', 'line': '7'}, {'value': '3', 'line': '7'}, {'value': '2', 'line': '7'}, {'value': '2', 'line': '7'}, {'value': '3', 'line': '7'}, {'value': '4', 'line': '7'}, {'value': '5', 'line': '7'}, {'value': '2', 'line': '7'}, {'value': '2', 'line': '7'}, {'value': '3', 'line': '7'}, {'value': '4', 'line': '7'}, {'value': '5', 'line': '7'}, {'value': '6', 'line': '7'}, {'value': '2', 'line': '7'}, {'value': '2', 'line': '7'}, {'value': '3', 'line': '7'}, {'value': '2', 'line': '7'}, {'value': '2', 'line': '7'}, {'value': '3', 'line': '7'}, {'value': '4', 'line': '7'}, {'value': '5', 'line': '7'}, {'value': '6', 'line': '7'}, {'value': '2', 'line': '7'}, {'value': '2', 'line': '7'}, {'value': '3', 'line': '7'}, {'value': '4', 'line': '7'}, {'value': '5', 'line': '7'}, {'value': '6', 'line': '7'}, {'value': '2', 'line': '7'}, {'value': '2', 'line': '7'}, {'value': '3', 'line': '7'}, {'value': '2', 'line': '7'}, {'value': '2', 'line': '7'}, {'value': '3', 'line': '7'}, {'value': '4', 'line': '7'}, {'value': '5', 'line': '7'}, {'value': '6', 'line': '7'}, {'value': '2', 'line': '7'}, {'value': '2', 'line': '7'}, {'value': '3', 'line': '7'}, {'value': '4', 'line': '7'}, {'value': '5', 'line': '7'}, {'value': '6', 'line': '7'}, {'value': '7', 'line': '7'}, {'value': '2', 'line': '7'}, {'value': '2', 'line': '7'}, {'value': '3', 'line': '7'}, {'value': '2', 'line': '7'}, {'value': '2', 'line': '7'}, {'value': '3', 'line': '7'}, {'value': '4', 'line': '7'}, {'value': '5', 'line': '7'}, {'value': '6', 'line': '7'}, {'value': '7', 'line': '7'}, {'value': '2', 'line': '7'}, {'value': '2', 'line': '7'}, {'value': '3', 'line': '7'}, {'value': '4', 'line': '7'}, {'value': '5', 'line': '7'}, {'value': '2', 'line': '7'}, {'value': '2', 'line': '7'}, {'value': '3', 'line': '7'}]}}, {'res': True, 'info': {'n1': [{'value': '31', 'line': '22'}], 'n2': [{'value': '47', 'line': '22'}], 'a': [{'value': '31', 'line': '24'}, {'value': '32', 'line': '24'}, {'value': '33', 'line': '24'}, {'value': '34', 'line': '24'}, {'value': '35', 'line': '24'}, {'value': '36', 'line': '24'}, {'value': '37', 'line': '24'}, {'value': '38', 'line': '24'}, {'value': '39', 'line': '24'}, {'value': '40', 'line': '24'}, {'value': '41', 'line': '24'}, {'value': '42', 'line': '24'}, {'value': '43', 'line': '24'}, {'value': '44', 'line': '24'}, {'value': '45', 'line': '24'}, {'value': '46', 'line': '24'}, {'value': '47', 'line': '24'}], 'k': [{'value': '2', 'line': '7'}, {'value': '3', 'line': '7'}, {'value': '4', 'line': '7'}, {'value': '5', 'line': '7'}, {'value': '2', 'line': '7'}, {'value': '2', 'line': '7'}, {'value': '3', 'line': '7'}, {'value': '2', 'line': '7'}, {'value': '2', 'line': '7'}, {'value': '3', 'line': '7'}, {'value': '4', 'line': '7'}, {'value': '5', 'line': '7'}, {'value': '2', 'line': '7'}, {'value': '2', 'line': '7'}, {'value': '3', 'line': '7'}, {'value': '4', 'line': '7'}, {'value': '5', 'line': '7'}, {'value': '6', 'line': '7'}, {'value': '2', 'line': '7'}, {'value': '2', 'line': '7'}, {'value': '3', 'line': '7'}, {'value': '2', 'line': '7'}, {'value': '2', 'line': '7'}, {'value': '3', 'line': '7'}, {'value': '4', 'line': '7'}, {'value': '5', 'line': '7'}, {'value': '6', 'line': '7'}, {'value': '2', 'line': '7'}, {'value': '2', 'line': '7'}, {'value': '3', 'line': '7'}, {'value': '4', 'line': '7'}, {'value': '5', 'line': '7'}, {'value': '6', 'line': '7'}, {'value': '2', 'line': '7'}, {'value': '2', 'line': '7'}, {'value': '3', 'line': '7'}, {'value': '2', 'line': '7'}, {'value': '2', 'line': '7'}, {'value': '3', 'line': '7'}, {'value': '4', 'line': '7'}, {'value': '5', 'line': '7'}, {'value': '6', 'line': '7'}]}}]