[{'res': False, 'info': {'n': [{'value': '2', 'line': '10'}, {'value': '7', 'line': '10'}], 'i': [{'value': '1', 'line': '12'}, {'value': '2', 'line': '12'}], 'now': [{'value': '1', 'line': '13'}, {'value': '3', 'line': '13'}], 'x': [{'value': '0', 'line': '33'}, {'value': '1', 'line': '16'}, {'value': '2', 'line': '17'}], 'y': [{'value': '0', 'line': '33'}, {'value': '0', 'line': '16'}]}}, {'res': False, 'info': {'n': [{'value': '2', 'line': '10'}, {'value': '3', 'line': '10'}, {'value': '7', 'line': '10'}, {'value': '17', 'line': '10'}, {'value': '24', 'line': '10'}, {'value': '830', 'line': '10'}, {'value': '765409', 'line': '10'}, {'value': '3577', 'line': '10'}, {'value': '1241', 'line': '10'}, {'value': '5393', 'line': '10'}, {'value': '9575', 'line': '10'}, {'value': '6319', 'line': '10'}, {'value': '8738', 'line': '10'}, {'value': '9724', 'line': '10'}, {'value': '7803', 'line': '10'}, {'value': '1354389', 'line': '10'}, {'value': '1197879', 'line': '10'}, {'value': '1051382', 'line': '10'}, {'value': '1694284', 'line': '10'}, {'value': '1765429', 'line': '10'}, {'value': '1746739269', 'line': '10'}, {'value': '1581653398', 'line': '10'}, {'value': '1504049281', 'line': '10'}, {'value': '1335708714', 'line': '10'}, {'value': '1988569709', 'line': '10'}, {'value': '1089242603', 'line': '10'}, {'value': '1643347426', 'line': '10'}, {'value': '1981814007', 'line': '10'}, {'value': '1880603329', 'line': '10'}, {'value': '1882376233', 'line': '10'}, {'value': '2147483638', 'line': '10'}, {'value': '2147483639', 'line': '10'}, {'value': '2147483640', 'line': '10'}, {'value': '2147483641', 'line': '10'}, {'value': '2147483642', 'line': '10'}, {'value': '2147483643', 'line': '10'}, {'value': '2147483644', 'line': '10'}, {'value': '2147483645', 'line': '10'}, {'value': '2147483646', 'line': '10'}, {'value': '2147483647', 'line': '10'}, {'value': '1156340025', 'line': '10'}, {'value': '1247573041', 'line': '10'}, {'value': '647549809', 'line': '10'}, {'value': '667033929', 'line': '10'}, {'value': '968018769', 'line': '10'}, {'value': '3886', 'line': '10'}, {'value': '5630', 'line': '10'}, {'value': '7221', 'line': '10'}, {'value': '15489', 'line': '10'}, {'value': '9983', 'line': '10'}, {'value': '14712', 'line': '10'}, {'value': '18894', 'line': '10'}, {'value': '11455', 'line': '10'}, {'value': '18431', 'line': '10'}, {'value': '18830', 'line': '10'}, {'value': '3421', 'line': '10'}, {'value': '12534', 'line': '10'}, {'value': '19978', 'line': '10'}, {'value': '1406', 'line': '10'}, {'value': '12831', 'line': '10'}, {'value': '1403228077', 'line': '10'}, {'value': '1176144492', 'line': '10'}, {'value': '742077057', 'line': '10'}, {'value': '1487275698', 'line': '10'}, {'value': '1982325633', 'line': '10'}, {'value': '1091291954', 'line': '10'}, {'value': '822976965', 'line': '10'}, {'value': '2000000001', 'line': '10'}, {'value': '1595633577', 'line': '10'}, {'value': '1924141339', 'line': '10'}, {'value': '1723303803', 'line': '10'}, {'value': '1935569301', 'line': '10'}, {'value': '1752361901', 'line': '10'}, {'value': '1817007465', 'line': '10'}, {'value': '1927261228', 'line': '10'}, {'value': '2000000001', 'line': '10'}, {'value': '1713054241', 'line': '10'}, {'value': '1424967331', 'line': '10'}, {'value': '1137762248', 'line': '10'}, {'value': '937619661', 'line': '10'}, {'value': '1', 'line': '10'}, {'value': '3157729', 'line': '10'}, {'value': '2147483646', 'line': '10'}, {'value': '999999', 'line': '10'}, {'value': '2147483647', 'line': '10'}, {'value': '1', 'line': '10'}, {'value': '2147483000', 'line': '10'}, {'value': '2000000000', 'line': '10'}, {'value': '3158128', 'line': '10'}, {'value': '2', 'line': '10'}, {'value': '765409', 'line': '10'}, {'value': '1000000000', 'line': '10'}, {'value': '10000000', 'line': '10'}, {'value': '2100000000', 'line': '10'}, {'value': '9', 'line': '10'}, {'value': '2147483631', 'line': '10'}, {'value': '2147483640', 'line': '10'}], 'i': [{'value': '1', 'line': '12'}, {'value': '1', 'line': '12'}, {'value': '2', 'line': '12'}, {'value': '4', 'line': '12'}, {'value': '4', 'line': '12'}, {'value': '28', 'line': '12'}, {'value': '874', 'line': '12'}, {'value': '59', 'line': '12'}, {'value': '35', 'line': '12'}, {'value': '73', 'line': '12'}, {'value': '97', 'line': '12'}, {'value': '79', 'line': '12'}, {'value': '93', 'line': '12'}, {'value': '98', 'line': '12'}, {'value': '88', 'line': '12'}, {'value': '1163', 'line': '12'}, {'value': '1094', 'line': '12'}, {'value': '1025', 'line': '12'}, {'value': '1301', 'line': '12'}, {'value': '1328', 'line': '12'}, {'value': '41794', 'line': '12'}, {'value': '39770', 'line': '12'}, {'value': '38782', 'line': '12'}, {'value': '36547', 'line': '12'}, {'value': '44593', 'line': '12'}, {'value': '33003', 'line': '12'}, {'value': '40538', 'line': '12'}, {'value': '44517', 'line': '12'}, {'value': '43365', 'line': '12'}, {'value': '43386', 'line': '12'}, {'value': '46340', 'line': '12'}, {'value': '46340', 'line': '12'}, {'value': '46340', 'line': '12'}, {'value': '46340', 'line': '12'}, {'value': '46340', 'line': '12'}, {'value': '46340', 'line': '12'}, {'value': '46340', 'line': '12'}, {'value': '46340', 'line': '12'}, {'value': '46340', 'line': '12'}, {'value': '46340', 'line': '12'}, {'value': '34005', 'line': '12'}, {'value': '35321', 'line': '12'}, {'value': '25447', 'line': '12'}, {'value': '25827', 'line': '12'}, {'value': '31113', 'line': '12'}, {'value': '62', 'line': '12'}, {'value': '75', 'line': '12'}, {'value': '84', 'line': '12'}, {'value': '124', 'line': '12'}, {'value': '99', 'line': '12'}, {'value': '121', 'line': '12'}, {'value': '137', 'line': '12'}, {'value': '107', 'line': '12'}, {'value': '135', 'line': '12'}, {'value': '137', 'line': '12'}, {'value': '58', 'line': '12'}, {'value': '111', 'line': '12'}, {'value': '141', 'line': '12'}, {'value': '37', 'line': '12'}, {'value': '113', 'line': '12'}, {'value': '37459', 'line': '12'}, {'value': '34294', 'line': '12'}, {'value': '27241', 'line': '12'}, {'value': '38565', 'line': '12'}, {'value': '44523', 'line': '12'}, {'value': '33034', 'line': '12'}, {'value': '28687', 'line': '12'}, {'value': '44721', 'line': '12'}, {'value': '39945', 'line': '12'}, {'value': '43865', 'line': '12'}, {'value': '41512', 'line': '12'}, {'value': '43995', 'line': '12'}, {'value': '41861', 'line': '12'}, {'value': '42626', 'line': '12'}, {'value': '43900', 'line': '12'}, {'value': '44721', 'line': '12'}, {'value': '41389', 'line': '12'}, {'value': '37748', 'line': '12'}, {'value': '33730', 'line': '12'}, {'value': '30620', 'line': '12'}, {'value': '1', 'line': '12'}, {'value': '1777', 'line': '12'}, {'value': '46340', 'line': '12'}, {'value': '999', 'line': '12'}, {'value': '46340', 'line': '12'}, {'value': '1', 'line': '12'}, {'value': '46340', 'line': '12'}, {'value': '44721', 'line': '12'}, {'value': '1777', 'line': '12'}, {'value': '1', 'line': '12'}, {'value': '874', 'line': '12'}, {'value': '31622', 'line': '12'}, {'value': '3162', 'line': '12'}, {'value': '45825', 'line': '12'}, {'value': '3', 'line': '12'}, {'value': '46340', 'line': '12'}, {'value': '46340', 'line': '12'}], 'now': [{'value': '1', 'line': '13'}, {'value': '2', 'line': '13'}, {'value': '3', 'line': '13'}, {'value': '1', 'line': '13'}, {'value': '8', 'line': '13'}, {'value': '46', 'line': '13'}, {'value': '1533', 'line': '13'}, {'value': '96', 'line': '13'}, {'value': '16', 'line': '13'}, {'value': '64', 'line': '13'}, {'value': '166', 'line': '13'}, {'value': '78', 'line': '13'}, {'value': '89', 'line': '13'}, {'value': '120', 'line': '13'}, {'value': '59', 'line': '13'}, {'value': '1820', 'line': '13'}, {'value': '1043', 'line': '13'}, {'value': '757', 'line': '13'}, {'value': '1683', 'line': '13'}, {'value': '1845', 'line': '13'}, {'value': '833', 'line': '13'}, {'value': '498', 'line': '13'}, {'value': '5757', 'line': '13'}, {'value': '25505', 'line': '13'}, {'value': '34060', 'line': '13'}, {'value': '44594', 'line': '13'}, {'value': '17982', 'line': '13'}, {'value': '50718', 'line': '13'}, {'value': '80104', 'line': '13'}, {'value': '31237', 'line': '13'}, {'value': '88038', 'line': '13'}, {'value': '88039', 'line': '13'}, {'value': '88040', 'line': '13'}, {'value': '88041', 'line': '13'}, {'value': '88042', 'line': '13'}, {'value': '88043', 'line': '13'}, {'value': '88044', 'line': '13'}, {'value': '88045', 'line': '13'}, {'value': '88046', 'line': '13'}, {'value': '88047', 'line': '13'}, {'value': '0', 'line': '13'}, {'value': '0', 'line': '13'}, {'value': '0', 'line': '13'}, {'value': '0', 'line': '13'}, {'value': '0', 'line': '13'}, {'value': '42', 'line': '13'}, {'value': '5', 'line': '13'}, {'value': '165', 'line': '13'}, {'value': '113', 'line': '13'}, {'value': '182', 'line': '13'}, {'value': '71', 'line': '13'}, {'value': '125', 'line': '13'}, {'value': '6', 'line': '13'}, {'value': '206', 'line': '13'}, {'value': '61', 'line': '13'}, {'value': '57', 'line': '13'}, {'value': '213', 'line': '13'}, {'value': '97', 'line': '13'}, {'value': '37', 'line': '13'}, {'value': '62', 'line': '13'}, {'value': '51396', 'line': '13'}, {'value': '66056', 'line': '13'}, {'value': '4976', 'line': '13'}, {'value': '16473', 'line': '13'}, {'value': '28104', 'line': '13'}, {'value': '46798', 'line': '13'}, {'value': '32996', 'line': '13'}, {'value': '32160', 'line': '13'}, {'value': '30552', 'line': '13'}, {'value': '3114', 'line': '13'}, {'value': '57659', 'line': '13'}, {'value': '9276', 'line': '13'}, {'value': '18580', 'line': '13'}, {'value': '31589', 'line': '13'}, {'value': '51228', 'line': '13'}, {'value': '32160', 'line': '13'}, {'value': '4920', 'line': '13'}, {'value': '55827', 'line': '13'}, {'value': '49348', 'line': '13'}, {'value': '35261', 'line': '13'}, {'value': '0', 'line': '13'}, {'value': '0', 'line': '13'}, {'value': '88046', 'line': '13'}, {'value': '1998', 'line': '13'}, {'value': '88047', 'line': '13'}, {'value': '0', 'line': '13'}, {'value': '87400', 'line': '13'}, {'value': '32159', 'line': '13'}, {'value': '399', 'line': '13'}, {'value': '1', 'line': '13'}, {'value': '1533', 'line': '13'}, {'value': '49116', 'line': '13'}, {'value': '1756', 'line': '13'}, {'value': '69375', 'line': '13'}, {'value': '0', 'line': '13'}, {'value': '88031', 'line': '13'}, {'value': '88040', 'line': '13'}], 'x': [{'value': '0', 'line': '33'}, {'value': '0', 'line': '33'}, {'value': '1', 'line': '16'}, {'value': '2', 'line': '17'}, {'value': '2', 'line': '16'}, {'value': '3', 'line': '17'}, {'value': '2', 'line': '16'}, {'value': '3', 'line': '17'}, {'value': '14', 'line': '16'}, {'value': '15', 'line': '17'}, {'value': '437', 'line': '16'}, {'value': '438', 'line': '17'}, {'value': '-29', 'line': '33'}, {'value': '-17', 'line': '33'}, {'value': '-36', 'line': '33'}, {'value': '-48', 'line': '33'}, {'value': '-39', 'line': '33'}, {'value': '-46', 'line': '33'}, {'value': '49', 'line': '16'}, {'value': '50', 'line': '17'}, {'value': '44', 'line': '16'}, {'value': '45', 'line': '17'}, {'value': '-581', 'line': '33'}, {'value': '547', 'line': '16'}, {'value': '548', 'line': '17'}, {'value': '-512', 'line': '33'}, {'value': '-650', 'line': '33'}, {'value': '664', 'line': '16'}, {'value': '665', 'line': '17'}, {'value': '20897', 'line': '16'}, {'value': '20898', 'line': '17'}, {'value': '19885', 'line': '16'}, {'value': '19886', 'line': '17'}, {'value': '19391', 'line': '16'}, {'value': '19392', 'line': '17'}, {'value': '-18273', 'line': '33'}, {'value': '-22296', 'line': '33'}, {'value': '-16501', 'line': '33'}, {'value': '20269', 'line': '16'}, {'value': '20270', 'line': '17'}, {'value': '-22258', 'line': '33'}, {'value': '-21682', 'line': '33'}, {'value': '21693', 'line': '16'}, {'value': '21694', 'line': '17'}, {'value': '23170', 'line': '16'}, {'value': '23171', 'line': '17'}, {'value': '23170', 'line': '16'}, {'value': '23171', 'line': '17'}, {'value': '23170', 'line': '16'}, {'value': '23171', 'line': '17'}, {'value': '23170', 'line': '16'}, {'value': '23171', 'line': '17'}, {'value': '23170', 'line': '16'}, {'value': '23171', 'line': '17'}, {'value': '23170', 'line': '16'}, {'value': '23171', 'line': '17'}, {'value': '23170', 'line': '16'}, {'value': '23171', 'line': '17'}, {'value': '23170', 'line': '16'}, {'value': '23171', 'line': '17'}, {'value': '23170', 'line': '16'}, {'value': '23171', 'line': '17'}, {'value': '23170', 'line': '16'}, {'value': '23171', 'line': '17'}, {'value': '-17002', 'line': '33'}, {'value': '-17660', 'line': '33'}, {'value': '-12723', 'line': '33'}, {'value': '-12913', 'line': '33'}, {'value': '-15556', 'line': '33'}, {'value': '31', 'line': '16'}, {'value': '32', 'line': '17'}, {'value': '-37', 'line': '33'}, {'value': '42', 'line': '16'}, {'value': '43', 'line': '17'}, {'value': '62', 'line': '16'}, {'value': '63', 'line': '17'}, {'value': '-49', 'line': '33'}, {'value': '-60', 'line': '33'}, {'value': '-68', 'line': '33'}, {'value': '-53', 'line': '33'}, {'value': '-67', 'line': '33'}, {'value': '-68', 'line': '33'}, {'value': '29', 'line': '16'}, {'value': '30', 'line': '17'}, {'value': '-55', 'line': '33'}, {'value': '-70', 'line': '33'}, {'value': '-18', 'line': '33'}, {'value': '-56', 'line': '33'}, {'value': '-18729', 'line': '33'}, {'value': '17147', 'line': '16'}, {'value': '17148', 'line': '17'}, {'value': '-13620', 'line': '33'}, {'value': '-19282', 'line': '33'}, {'value': '-22261', 'line': '33'}, {'value': '16517', 'line': '16'}, {'value': '16518', 'line': '17'}, {'value': '-14343', 'line': '33'}, {'value': '-22360', 'line': '33'}, {'value': '-19972', 'line': '33'}, {'value': '-21932', 'line': '33'}, {'value': '20756', 'line': '16'}, {'value': '20757', 'line': '17'}, {'value': '-21997', 'line': '33'}, {'value': '-20930', 'line': '33'}, {'value': '21313', 'line': '16'}, {'value': '21314', 'line': '17'}, {'value': '21950', 'line': '16'}, {'value': '21951', 'line': '17'}, {'value': '-22360', 'line': '33'}, {'value': '-20694', 'line': '33'}, {'value': '18874', 'line': '16'}, {'value': '18875', 'line': '17'}, {'value': '16865', 'line': '16'}, {'value': '16866', 'line': '17'}, {'value': '15310', 'line': '16'}, {'value': '15311', 'line': '17'}, {'value': '0', 'line': '33'}, {'value': '-888', 'line': '33'}, {'value': '23170', 'line': '16'}, {'value': '23171', 'line': '17'}, {'value': '-499', 'line': '33'}, {'value': '23170', 'line': '16'}, {'value': '23171', 'line': '17'}, {'value': '0', 'line': '33'}, {'value': '23170', 'line': '16'}, {'value': '23171', 'line': '17'}, {'value': '-22360', 'line': '33'}, {'value': '-888', 'line': '33'}, {'value': '0', 'line': '33'}, {'value': '437', 'line': '16'}, {'value': '438', 'line': '17'}, {'value': '15811', 'line': '16'}, {'value': '15812', 'line': '17'}, {'value': '1581', 'line': '16'}, {'value': '1582', 'line': '17'}, {'value': '-22912', 'line': '33'}, {'value': '-1', 'line': '33'}, {'value': '23170', 'line': '16'}, {'value': '23171', 'line': '17'}, {'value': '23170', 'line': '16'}, {'value': '23171', 'line': '17'}], 'y': [{'value': '0', 'line': '33'}, {'value': '0', 'line': '33'}, {'value': '0', 'line': '16'}, {'value': '-1', 'line': '16'}, {'value': '-1', 'line': '16'}, {'value': '-13', 'line': '16'}, {'value': '-436', 'line': '16'}, {'value': '29', 'line': '33'}, {'value': '17', 'line': '33'}, {'value': '36', 'line': '33'}, {'value': '48', 'line': '33'}, {'value': '39', 'line': '33'}, {'value': '46', 'line': '33'}, {'value': '-48', 'line': '16'}, {'value': '-43', 'line': '16'}, {'value': '581', 'line': '33'}, {'value': '-546', 'line': '16'}, {'value': '512', 'line': '33'}, {'value': '650', 'line': '33'}, {'value': '-663', 'line': '16'}, {'value': '-20896', 'line': '16'}, {'value': '-19884', 'line': '16'}, {'value': '-19390', 'line': '16'}, {'value': '18273', 'line': '33'}, {'value': '22296', 'line': '33'}, {'value': '16501', 'line': '33'}, {'value': '-20268', 'line': '16'}, {'value': '22258', 'line': '33'}, {'value': '21682', 'line': '33'}, {'value': '-21692', 'line': '16'}, {'value': '-23169', 'line': '16'}, {'value': '-23169', 'line': '16'}, {'value': '-23169', 'line': '16'}, {'value': '-23169', 'line': '16'}, {'value': '-23169', 'line': '16'}, {'value': '-23169', 'line': '16'}, {'value': '-23169', 'line': '16'}, {'value': '-23169', 'line': '16'}, {'value': '-23169', 'line': '16'}, {'value': '-23169', 'line': '16'}, {'value': '17002', 'line': '33'}, {'value': '17660', 'line': '33'}, {'value': '12723', 'line': '33'}, {'value': '12913', 'line': '33'}, {'value': '15556', 'line': '33'}, {'value': '-30', 'line': '16'}, {'value': '37', 'line': '33'}, {'value': '-41', 'line': '16'}, {'value': '-61', 'line': '16'}, {'value': '49', 'line': '33'}, {'value': '60', 'line': '33'}, {'value': '68', 'line': '33'}, {'value': '53', 'line': '33'}, {'value': '67', 'line': '33'}, {'value': '68', 'line': '33'}, {'value': '-28', 'line': '16'}, {'value': '55', 'line': '33'}, {'value': '70', 'line': '33'}, {'value': '18', 'line': '33'}, {'value': '56', 'line': '33'}, {'value': '18729', 'line': '33'}, {'value': '-17146', 'line': '16'}, {'value': '13620', 'line': '33'}, {'value': '19282', 'line': '33'}, {'value': '22261', 'line': '33'}, {'value': '-16516', 'line': '16'}, {'value': '14343', 'line': '33'}, {'value': '22360', 'line': '33'}, {'value': '19972', 'line': '33'}, {'value': '21932', 'line': '33'}, {'value': '-20755', 'line': '16'}, {'value': '21997', 'line': '33'}, {'value': '20930', 'line': '33'}, {'value': '-21312', 'line': '16'}, {'value': '-21949', 'line': '16'}, {'value': '22360', 'line': '33'}, {'value': '20694', 'line': '33'}, {'value': '-18873', 'line': '16'}, {'value': '-16864', 'line': '16'}, {'value': '-15309', 'line': '16'}, {'value': '0', 'line': '33'}, {'value': '888', 'line': '33'}, {'value': '-23169', 'line': '16'}, {'value': '499', 'line': '33'}, {'value': '-23169', 'line': '16'}, {'value': '0', 'line': '33'}, {'value': '-23169', 'line': '16'}, {'value': '22360', 'line': '33'}, {'value': '888', 'line': '33'}, {'value': '0', 'line': '33'}, {'value': '-436', 'line': '16'}, {'value': '-15810', 'line': '16'}, {'value': '-1580', 'line': '16'}, {'value': '22912', 'line': '33'}, {'value': '1', 'line': '33'}, {'value': '-23169', 'line': '16'}, {'value': '-23169', 'line': '16'}]}}]