[{'res': False, 'info': {'Y': [{'value': '1004', 'line': '6'}]}}, {'res': True, 'info': {'Y': [{'value': '2009', 'line': '6'}]}}, {'res': False, 'info': {'Y': [{'value': '2012', 'line': '6'}]}}, {'res': True, 'info': {'Y': [{'value': '2115', 'line': '6'}]}}, {'res': True, 'info': {'Y': [{'value': '1000', 'line': '6'}]}}, {'res': True, 'info': {'Y': [{'value': '1700', 'line': '6'}]}}, {'res': True, 'info': {'Y': [{'value': '1900', 'line': '6'}]}}, {'res': True, 'info': {'Y': [{'value': '2000', 'line': '6'}]}}]