[{'res': False, 'info': {'a1': [{'value': '1', 'line': '5'}], 'b1': [{'value': '0', 'line': '5'}], 'a2': [{'value': '0', 'line': '5'}], 'b2': [{'value': '1', 'line': '5'}], 'x': [{'value': '0', 'line': '6'}], 'y': [{'value': '0', 'line': '7'}]}}, {'res': False, 'info': {'a1': [{'value': '1', 'line': '5'}], 'b1': [{'value': '0', 'line': '5'}], 'a2': [{'value': '1', 'line': '5'}], 'b2': [{'value': '0', 'line': '5'}], 'x': [{'value': 'nan', 'line': '6'}], 'y': [{'value': 'nan', 'line': '7'}]}}, {'res': False, 'info': {'a1': [{'value': '100', 'line': '5'}], 'b1': [{'value': '100', 'line': '5'}], 'a2': [{'value': '-1', 'line': '5'}], 'b2': [{'value': '-101', 'line': '5'}], 'x': [{'value': '-2.01', 'line': '6'}], 'y': [{'value': '102.01', 'line': '7'}]}}, {'res': False, 'info': {'a1': [{'value': '1000', 'line': '5'}], 'b1': [{'value': '0', 'line': '5'}], 'a2': [{'value': '1', 'line': '5'}], 'b2': [{'value': '-1', 'line': '5'}], 'x': [{'value': '1', 'line': '6'}], 'y': [{'value': '0', 'line': '7'}]}}, {'res': False, 'info': {'a1': [{'value': '-1', 'line': '5'}], 'b1': [{'value': '-2', 'line': '5'}], 'a2': [{'value': '-3', 'line': '5'}], 'b2': [{'value': '-4', 'line': '5'}], 'x': [{'value': '3', 'line': '6'}], 'y': [{'value': '-8', 'line': '7'}]}}, {'res': False, 'info': {'a1': [{'value': '0', 'line': '5'}], 'b1': [{'value': '0', 'line': '5'}], 'a2': [{'value': '0', 'line': '5'}], 'b2': [{'value': '0', 'line': '5'}], 'x': [{'value': 'nan', 'line': '6'}], 'y': [{'value': 'nan', 'line': '7'}]}}]