[{'res': True, 'info': {'ch': [{'value': '\x00', 'line': '6'}, {'value': 'H', 'line': '7'}]}}, {'res': True, 'info': {'ch': [{'value': '\x00', 'line': '6'}, {'value': '6', 'line': '7'}]}}, {'res': True, 'info': {'ch': [{'value': '\x00', 'line': '6'}, {'value': 'l', 'line': '7'}]}}, {'res': True, 'info': {'ch': [{'value': '\x00', 'line': '6'}, {'value': '3', 'line': '7'}]}}, {'res': True, 'info': {'ch': [{'value': '\x00', 'line': '6'}, {'value': 'A', 'line': '7'}]}}, {'res': True, 'info': {'ch': [{'value': '\x00', 'line': '6'}, {'value': '9', 'line': '7'}]}}, {'res': True, 'info': {'ch': [{'value': '\x00', 'line': '6'}, {'value': 'z', 'line': '7'}]}}]