[{'res': True, 'info': {'i': [{'value': '0', 'line': '9'}, {'value': '1', 'line': '9'}, {'value': '0', 'line': '9'}, {'value': '1', 'line': '9'}, {'value': '2', 'line': '9'}, {'value': '3', 'line': '9'}, {'value': '4', 'line': '9'}, {'value': '5', 'line': '9'}, {'value': '0', 'line': '9'}, {'value': '1', 'line': '9'}, {'value': '2', 'line': '9'}, {'value': '3', 'line': '9'}, {'value': '4', 'line': '9'}, {'value': '5', 'line': '9'}, {'value': '6', 'line': '9'}, {'value': '0', 'line': '9'}], 'j': [{'value': '0', 'line': '11'}, {'value': '0', 'line': '11'}, {'value': '1', 'line': '11'}, {'value': '0', 'line': '11'}, {'value': '0', 'line': '11'}, {'value': '1', 'line': '11'}, {'value': '0', 'line': '11'}, {'value': '1', 'line': '11'}, {'value': '2', 'line': '11'}, {'value': '0', 'line': '11'}, {'value': '1', 'line': '11'}, {'value': '2', 'line': '11'}, {'value': '3', 'line': '11'}, {'value': '0', 'line': '11'}, {'value': '1', 'line': '11'}, {'value': '2', 'line': '11'}, {'value': '3', 'line': '11'}, {'value': '4', 'line': '11'}, {'value': '0', 'line': '11'}, {'value': '1', 'line': '11'}, {'value': '2', 'line': '11'}, {'value': '3', 'line': '11'}, {'value': '4', 'line': '11'}, {'value': '5', 'line': '11'}, {'value': '0', 'line': '11'}, {'value': '0', 'line': '11'}, {'value': '1', 'line': '11'}, {'value': '0', 'line': '11'}, {'value': '1', 'line': '11'}, {'value': '2', 'line': '11'}, {'value': '0', 'line': '11'}, {'value': '1', 'line': '11'}, {'value': '2', 'line': '11'}, {'value': '3', 'line': '11'}, {'value': '0', 'line': '11'}, {'value': '1', 'line': '11'}, {'value': '2', 'line': '11'}, {'value': '3', 'line': '11'}, {'value': '4', 'line': '11'}, {'value': '0', 'line': '11'}, {'value': '1', 'line': '11'}, {'value': '2', 'line': '11'}, {'value': '3', 'line': '11'}, {'value': '4', 'line': '11'}, {'value': '5', 'line': '11'}, {'value': '0', 'line': '11'}, {'value': '1', 'line': '11'}, {'value': '2', 'line': '11'}, {'value': '3', 'line': '11'}, {'value': '4', 'line': '11'}, {'value': '5', 'line': '11'}, {'value': '6', 'line': '11'}, {'value': '0', 'line': '11'}], 'tmp': [{'value': 'B', 'line': '13'}, {'value': 'B', 'line': '13'}, {'value': 'A', 'line': '13'}, {'value': 'F', 'line': '13'}, {'value': 'F', 'line': '13'}, {'value': 'E', 'line': '13'}, {'value': 'F', 'line': '13'}, {'value': 'E', 'line': '13'}, {'value': 'D', 'line': '13'}, {'value': 'F', 'line': '13'}, {'value': 'E', 'line': '13'}, {'value': 'D', 'line': '13'}, {'value': 'C', 'line': '13'}, {'value': 'F', 'line': '13'}, {'value': 'E', 'line': '13'}, {'value': 'D', 'line': '13'}, {'value': 'C', 'line': '13'}, {'value': 'B', 'line': '13'}, {'value': 'F', 'line': '13'}, {'value': 'E', 'line': '13'}, {'value': 'D', 'line': '13'}, {'value': 'C', 'line': '13'}, {'value': 'B', 'line': '13'}, {'value': 'A', 'line': '13'}, {'value': 'G', 'line': '13'}, {'value': 'G', 'line': '13'}, {'value': 'F', 'line': '13'}, {'value': 'G', 'line': '13'}, {'value': 'F', 'line': '13'}, {'value': 'E', 'line': '13'}, {'value': 'G', 'line': '13'}, {'value': 'F', 'line': '13'}, {'value': 'E', 'line': '13'}, {'value': 'D', 'line': '13'}, {'value': 'G', 'line': '13'}, {'value': 'F', 'line': '13'}, {'value': 'E', 'line': '13'}, {'value': 'D', 'line': '13'}, {'value': 'C', 'line': '13'}, {'value': 'G', 'line': '13'}, {'value': 'F', 'line': '13'}, {'value': 'E', 'line': '13'}, {'value': 'D', 'line': '13'}, {'value': 'C', 'line': '13'}, {'value': 'B', 'line': '13'}, {'value': 'G', 'line': '13'}, {'value': 'F', 'line': '13'}, {'value': 'E', 'line': '13'}, {'value': 'D', 'line': '13'}, {'value': 'C', 'line': '13'}, {'value': 'B', 'line': '13'}, {'value': 'A', 'line': '13'}, {'value': 'A', 'line': '13'}]}}, {'res': True, 'info': {'i': [{'value': '0', 'line': '9'}, {'value': '1', 'line': '9'}, {'value': '0', 'line': '9'}, {'value': '1', 'line': '9'}, {'value': '2', 'line': '9'}, {'value': '3', 'line': '9'}, {'value': '4', 'line': '9'}, {'value': '5', 'line': '9'}, {'value': '0', 'line': '9'}, {'value': '1', 'line': '9'}, {'value': '2', 'line': '9'}, {'value': '3', 'line': '9'}, {'value': '4', 'line': '9'}, {'value': '5', 'line': '9'}, {'value': '6', 'line': '9'}, {'value': '0', 'line': '9'}], 'j': [{'value': '0', 'line': '11'}, {'value': '0', 'line': '11'}, {'value': '1', 'line': '11'}, {'value': '0', 'line': '11'}, {'value': '0', 'line': '11'}, {'value': '1', 'line': '11'}, {'value': '0', 'line': '11'}, {'value': '1', 'line': '11'}, {'value': '2', 'line': '11'}, {'value': '0', 'line': '11'}, {'value': '1', 'line': '11'}, {'value': '2', 'line': '11'}, {'value': '3', 'line': '11'}, {'value': '0', 'line': '11'}, {'value': '1', 'line': '11'}, {'value': '2', 'line': '11'}, {'value': '3', 'line': '11'}, {'value': '4', 'line': '11'}, {'value': '0', 'line': '11'}, {'value': '1', 'line': '11'}, {'value': '2', 'line': '11'}, {'value': '3', 'line': '11'}, {'value': '4', 'line': '11'}, {'value': '5', 'line': '11'}, {'value': '0', 'line': '11'}, {'value': '0', 'line': '11'}, {'value': '1', 'line': '11'}, {'value': '0', 'line': '11'}, {'value': '1', 'line': '11'}, {'value': '2', 'line': '11'}, {'value': '0', 'line': '11'}, {'value': '1', 'line': '11'}, {'value': '2', 'line': '11'}, {'value': '3', 'line': '11'}, {'value': '0', 'line': '11'}, {'value': '1', 'line': '11'}, {'value': '2', 'line': '11'}, {'value': '3', 'line': '11'}, {'value': '4', 'line': '11'}, {'value': '0', 'line': '11'}, {'value': '1', 'line': '11'}, {'value': '2', 'line': '11'}, {'value': '3', 'line': '11'}, {'value': '4', 'line': '11'}, {'value': '5', 'line': '11'}, {'value': '0', 'line': '11'}, {'value': '1', 'line': '11'}, {'value': '2', 'line': '11'}, {'value': '3', 'line': '11'}, {'value': '4', 'line': '11'}, {'value': '5', 'line': '11'}, {'value': '6', 'line': '11'}, {'value': '0', 'line': '11'}], 'tmp': [{'value': 'B', 'line': '13'}, {'value': 'B', 'line': '13'}, {'value': 'A', 'line': '13'}, {'value': 'F', 'line': '13'}, {'value': 'F', 'line': '13'}, {'value': 'E', 'line': '13'}, {'value': 'F', 'line': '13'}, {'value': 'E', 'line': '13'}, {'value': 'D', 'line': '13'}, {'value': 'F', 'line': '13'}, {'value': 'E', 'line': '13'}, {'value': 'D', 'line': '13'}, {'value': 'C', 'line': '13'}, {'value': 'F', 'line': '13'}, {'value': 'E', 'line': '13'}, {'value': 'D', 'line': '13'}, {'value': 'C', 'line': '13'}, {'value': 'B', 'line': '13'}, {'value': 'F', 'line': '13'}, {'value': 'E', 'line': '13'}, {'value': 'D', 'line': '13'}, {'value': 'C', 'line': '13'}, {'value': 'B', 'line': '13'}, {'value': 'A', 'line': '13'}, {'value': 'G', 'line': '13'}, {'value': 'G', 'line': '13'}, {'value': 'F', 'line': '13'}, {'value': 'G', 'line': '13'}, {'value': 'F', 'line': '13'}, {'value': 'E', 'line': '13'}, {'value': 'G', 'line': '13'}, {'value': 'F', 'line': '13'}, {'value': 'E', 'line': '13'}, {'value': 'D', 'line': '13'}, {'value': 'G', 'line': '13'}, {'value': 'F', 'line': '13'}, {'value': 'E', 'line': '13'}, {'value': 'D', 'line': '13'}, {'value': 'C', 'line': '13'}, {'value': 'G', 'line': '13'}, {'value': 'F', 'line': '13'}, {'value': 'E', 'line': '13'}, {'value': 'D', 'line': '13'}, {'value': 'C', 'line': '13'}, {'value': 'B', 'line': '13'}, {'value': 'G', 'line': '13'}, {'value': 'F', 'line': '13'}, {'value': 'E', 'line': '13'}, {'value': 'D', 'line': '13'}, {'value': 'C', 'line': '13'}, {'value': 'B', 'line': '13'}, {'value': 'A', 'line': '13'}, {'value': 'A', 'line': '13'}]}}, {'res': True, 'info': {'i': [{'value': '0', 'line': '9'}, {'value': '1', 'line': '9'}, {'value': '0', 'line': '9'}, {'value': '1', 'line': '9'}, {'value': '2', 'line': '9'}, {'value': '3', 'line': '9'}, {'value': '4', 'line': '9'}, {'value': '5', 'line': '9'}, {'value': '0', 'line': '9'}, {'value': '1', 'line': '9'}, {'value': '2', 'line': '9'}, {'value': '3', 'line': '9'}, {'value': '4', 'line': '9'}, {'value': '5', 'line': '9'}, {'value': '6', 'line': '9'}, {'value': '0', 'line': '9'}], 'j': [{'value': '0', 'line': '11'}, {'value': '0', 'line': '11'}, {'value': '1', 'line': '11'}, {'value': '0', 'line': '11'}, {'value': '0', 'line': '11'}, {'value': '1', 'line': '11'}, {'value': '0', 'line': '11'}, {'value': '1', 'line': '11'}, {'value': '2', 'line': '11'}, {'value': '0', 'line': '11'}, {'value': '1', 'line': '11'}, {'value': '2', 'line': '11'}, {'value': '3', 'line': '11'}, {'value': '0', 'line': '11'}, {'value': '1', 'line': '11'}, {'value': '2', 'line': '11'}, {'value': '3', 'line': '11'}, {'value': '4', 'line': '11'}, {'value': '0', 'line': '11'}, {'value': '1', 'line': '11'}, {'value': '2', 'line': '11'}, {'value': '3', 'line': '11'}, {'value': '4', 'line': '11'}, {'value': '5', 'line': '11'}, {'value': '0', 'line': '11'}, {'value': '0', 'line': '11'}, {'value': '1', 'line': '11'}, {'value': '0', 'line': '11'}, {'value': '1', 'line': '11'}, {'value': '2', 'line': '11'}, {'value': '0', 'line': '11'}, {'value': '1', 'line': '11'}, {'value': '2', 'line': '11'}, {'value': '3', 'line': '11'}, {'value': '0', 'line': '11'}, {'value': '1', 'line': '11'}, {'value': '2', 'line': '11'}, {'value': '3', 'line': '11'}, {'value': '4', 'line': '11'}, {'value': '0', 'line': '11'}, {'value': '1', 'line': '11'}, {'value': '2', 'line': '11'}, {'value': '3', 'line': '11'}, {'value': '4', 'line': '11'}, {'value': '5', 'line': '11'}, {'value': '0', 'line': '11'}, {'value': '1', 'line': '11'}, {'value': '2', 'line': '11'}, {'value': '3', 'line': '11'}, {'value': '4', 'line': '11'}, {'value': '5', 'line': '11'}, {'value': '6', 'line': '11'}, {'value': '0', 'line': '11'}], 'tmp': [{'value': 'B', 'line': '13'}, {'value': 'B', 'line': '13'}, {'value': 'A', 'line': '13'}, {'value': 'F', 'line': '13'}, {'value': 'F', 'line': '13'}, {'value': 'E', 'line': '13'}, {'value': 'F', 'line': '13'}, {'value': 'E', 'line': '13'}, {'value': 'D', 'line': '13'}, {'value': 'F', 'line': '13'}, {'value': 'E', 'line': '13'}, {'value': 'D', 'line': '13'}, {'value': 'C', 'line': '13'}, {'value': 'F', 'line': '13'}, {'value': 'E', 'line': '13'}, {'value': 'D', 'line': '13'}, {'value': 'C', 'line': '13'}, {'value': 'B', 'line': '13'}, {'value': 'F', 'line': '13'}, {'value': 'E', 'line': '13'}, {'value': 'D', 'line': '13'}, {'value': 'C', 'line': '13'}, {'value': 'B', 'line': '13'}, {'value': 'A', 'line': '13'}, {'value': 'G', 'line': '13'}, {'value': 'G', 'line': '13'}, {'value': 'F', 'line': '13'}, {'value': 'G', 'line': '13'}, {'value': 'F', 'line': '13'}, {'value': 'E', 'line': '13'}, {'value': 'G', 'line': '13'}, {'value': 'F', 'line': '13'}, {'value': 'E', 'line': '13'}, {'value': 'D', 'line': '13'}, {'value': 'G', 'line': '13'}, {'value': 'F', 'line': '13'}, {'value': 'E', 'line': '13'}, {'value': 'D', 'line': '13'}, {'value': 'C', 'line': '13'}, {'value': 'G', 'line': '13'}, {'value': 'F', 'line': '13'}, {'value': 'E', 'line': '13'}, {'value': 'D', 'line': '13'}, {'value': 'C', 'line': '13'}, {'value': 'B', 'line': '13'}, {'value': 'G', 'line': '13'}, {'value': 'F', 'line': '13'}, {'value': 'E', 'line': '13'}, {'value': 'D', 'line': '13'}, {'value': 'C', 'line': '13'}, {'value': 'B', 'line': '13'}, {'value': 'A', 'line': '13'}, {'value': 'A', 'line': '13'}]}}, {'res': True, 'info': {'i': [{'value': '0', 'line': '9'}, {'value': '1', 'line': '9'}, {'value': '0', 'line': '9'}, {'value': '1', 'line': '9'}, {'value': '2', 'line': '9'}, {'value': '3', 'line': '9'}, {'value': '4', 'line': '9'}, {'value': '5', 'line': '9'}, {'value': '0', 'line': '9'}, {'value': '1', 'line': '9'}, {'value': '2', 'line': '9'}, {'value': '3', 'line': '9'}, {'value': '4', 'line': '9'}, {'value': '5', 'line': '9'}, {'value': '6', 'line': '9'}, {'value': '0', 'line': '9'}], 'j': [{'value': '0', 'line': '11'}, {'value': '0', 'line': '11'}, {'value': '1', 'line': '11'}, {'value': '0', 'line': '11'}, {'value': '0', 'line': '11'}, {'value': '1', 'line': '11'}, {'value': '0', 'line': '11'}, {'value': '1', 'line': '11'}, {'value': '2', 'line': '11'}, {'value': '0', 'line': '11'}, {'value': '1', 'line': '11'}, {'value': '2', 'line': '11'}, {'value': '3', 'line': '11'}, {'value': '0', 'line': '11'}, {'value': '1', 'line': '11'}, {'value': '2', 'line': '11'}, {'value': '3', 'line': '11'}, {'value': '4', 'line': '11'}, {'value': '0', 'line': '11'}, {'value': '1', 'line': '11'}, {'value': '2', 'line': '11'}, {'value': '3', 'line': '11'}, {'value': '4', 'line': '11'}, {'value': '5', 'line': '11'}, {'value': '0', 'line': '11'}, {'value': '0', 'line': '11'}, {'value': '1', 'line': '11'}, {'value': '0', 'line': '11'}, {'value': '1', 'line': '11'}, {'value': '2', 'line': '11'}, {'value': '0', 'line': '11'}, {'value': '1', 'line': '11'}, {'value': '2', 'line': '11'}, {'value': '3', 'line': '11'}, {'value': '0', 'line': '11'}, {'value': '1', 'line': '11'}, {'value': '2', 'line': '11'}, {'value': '3', 'line': '11'}, {'value': '4', 'line': '11'}, {'value': '0', 'line': '11'}, {'value': '1', 'line': '11'}, {'value': '2', 'line': '11'}, {'value': '3', 'line': '11'}, {'value': '4', 'line': '11'}, {'value': '5', 'line': '11'}, {'value': '0', 'line': '11'}, {'value': '1', 'line': '11'}, {'value': '2', 'line': '11'}, {'value': '3', 'line': '11'}, {'value': '4', 'line': '11'}, {'value': '5', 'line': '11'}, {'value': '6', 'line': '11'}, {'value': '0', 'line': '11'}], 'tmp': [{'value': 'B', 'line': '13'}, {'value': 'B', 'line': '13'}, {'value': 'A', 'line': '13'}, {'value': 'F', 'line': '13'}, {'value': 'F', 'line': '13'}, {'value': 'E', 'line': '13'}, {'value': 'F', 'line': '13'}, {'value': 'E', 'line': '13'}, {'value': 'D', 'line': '13'}, {'value': 'F', 'line': '13'}, {'value': 'E', 'line': '13'}, {'value': 'D', 'line': '13'}, {'value': 'C', 'line': '13'}, {'value': 'F', 'line': '13'}, {'value': 'E', 'line': '13'}, {'value': 'D', 'line': '13'}, {'value': 'C', 'line': '13'}, {'value': 'B', 'line': '13'}, {'value': 'F', 'line': '13'}, {'value': 'E', 'line': '13'}, {'value': 'D', 'line': '13'}, {'value': 'C', 'line': '13'}, {'value': 'B', 'line': '13'}, {'value': 'A', 'line': '13'}, {'value': 'G', 'line': '13'}, {'value': 'G', 'line': '13'}, {'value': 'F', 'line': '13'}, {'value': 'G', 'line': '13'}, {'value': 'F', 'line': '13'}, {'value': 'E', 'line': '13'}, {'value': 'G', 'line': '13'}, {'value': 'F', 'line': '13'}, {'value': 'E', 'line': '13'}, {'value': 'D', 'line': '13'}, {'value': 'G', 'line': '13'}, {'value': 'F', 'line': '13'}, {'value': 'E', 'line': '13'}, {'value': 'D', 'line': '13'}, {'value': 'C', 'line': '13'}, {'value': 'G', 'line': '13'}, {'value': 'F', 'line': '13'}, {'value': 'E', 'line': '13'}, {'value': 'D', 'line': '13'}, {'value': 'C', 'line': '13'}, {'value': 'B', 'line': '13'}, {'value': 'G', 'line': '13'}, {'value': 'F', 'line': '13'}, {'value': 'E', 'line': '13'}, {'value': 'D', 'line': '13'}, {'value': 'C', 'line': '13'}, {'value': 'B', 'line': '13'}, {'value': 'A', 'line': '13'}, {'value': 'A', 'line': '13'}]}}]