[{'res': True, 'info': {'x1': [{'value': '1', 'line': '8'}], 'y1': [{'value': '0', 'line': '8'}], 'x2': [{'value': '2', 'line': '8'}], 'y2': [{'value': '0', 'line': '8'}], 'x3': [{'value': '3', 'line': '8'}], 'y3': [{'value': '0', 'line': '8'}], 'distance_1': [{'value': '1', 'line': '13'}], 'distance_2': [{'value': '1', 'line': '15'}], 'distance_3': [{'value': '2', 'line': '17'}]}}, {'res': False, 'info': {'x1': [{'value': '1', 'line': '8'}], 'y1': [{'value': '-2', 'line': '8'}], 'x2': [{'value': '5.2', 'line': '8'}], 'y2': [{'value': '3', 'line': '8'}], 'x3': [{'value': '0', 'line': '8'}], 'y3': [{'value': '5', 'line': '8'}], 'distance_1': [{'value': '6.52993', 'line': '13'}], 'distance_2': [{'value': '5.57135', 'line': '15'}], 'distance_3': [{'value': '7.07107', 'line': '17'}]}}, {'res': False, 'info': {'x1': [{'value': '1', 'line': '8'}], 'y1': [{'value': '-2', 'line': '8'}], 'x2': [{'value': '0', 'line': '8'}], 'y2': [{'value': '3', 'line': '8'}], 'x3': [{'value': '-6', 'line': '8'}], 'y3': [{'value': '5', 'line': '8'}], 'distance_1': [{'value': '5.09902', 'line': '13'}], 'distance_2': [{'value': '6.32456', 'line': '15'}], 'distance_3': [{'value': '9.8995', 'line': '17'}]}}, {'res': True, 'info': {'x1': [{'value': '0', 'line': '8'}], 'y1': [{'value': '0', 'line': '8'}], 'x2': [{'value': '1', 'line': '8'}], 'y2': [{'value': '1', 'line': '8'}], 'x3': [{'value': '2', 'line': '8'}], 'y3': [{'value': '2', 'line': '8'}], 'distance_1': [{'value': '1.41421', 'line': '13'}], 'distance_2': [{'value': '1.41421', 'line': '15'}], 'distance_3': [{'value': '2.82843', 'line': '17'}]}}, {'res': True, 'info': {'x1': [{'value': '0', 'line': '8'}], 'y1': [{'value': '0', 'line': '8'}], 'x2': [{'value': '2', 'line': '8'}], 'y2': [{'value': '2', 'line': '8'}], 'x3': [{'value': '4', 'line': '8'}], 'y3': [{'value': '4', 'line': '8'}], 'distance_1': [{'value': '2.82843', 'line': '13'}], 'distance_2': [{'value': '2.82843', 'line': '15'}], 'distance_3': [{'value': '5.65685', 'line': '17'}]}}, {'res': False, 'info': {'x1': [{'value': '0', 'line': '8'}], 'y1': [{'value': '0', 'line': '8'}], 'x2': [{'value': '2', 'line': '8'}], 'y2': [{'value': '3', 'line': '8'}], 'x3': [{'value': '4', 'line': '8'}], 'y3': [{'value': '5', 'line': '8'}], 'distance_1': [{'value': '3.60555', 'line': '13'}], 'distance_2': [{'value': '2.82843', 'line': '15'}], 'distance_3': [{'value': '6.40312', 'line': '17'}]}}, {'res': True, 'info': {'x1': [{'value': '0', 'line': '8'}], 'y1': [{'value': '-2', 'line': '8'}], 'x2': [{'value': '0', 'line': '8'}], 'y2': [{'value': '3', 'line': '8'}], 'x3': [{'value': '0', 'line': '8'}], 'y3': [{'value': '5', 'line': '8'}], 'distance_1': [{'value': '5', 'line': '13'}], 'distance_2': [{'value': '2', 'line': '15'}], 'distance_3': [{'value': '7', 'line': '17'}]}}, {'res': True, 'info': {'x1': [{'value': '0', 'line': '8'}], 'y1': [{'value': '-2', 'line': '8'}], 'x2': [{'value': '0', 'line': '8'}], 'y2': [{'value': '-3', 'line': '8'}], 'x3': [{'value': '0', 'line': '8'}], 'y3': [{'value': '-4', 'line': '8'}], 'distance_1': [{'value': '1', 'line': '13'}], 'distance_2': [{'value': '1', 'line': '15'}], 'distance_3': [{'value': '2', 'line': '17'}]}}, {'res': True, 'info': {'x1': [{'value': '5', 'line': '8'}], 'y1': [{'value': '-6', 'line': '8'}], 'x2': [{'value': '5', 'line': '8'}], 'y2': [{'value': '6', 'line': '8'}], 'x3': [{'value': '5', 'line': '8'}], 'y3': [{'value': '12', 'line': '8'}], 'distance_1': [{'value': '12', 'line': '13'}], 'distance_2': [{'value': '6', 'line': '15'}], 'distance_3': [{'value': '18', 'line': '17'}]}}]