[{'res': False, 'info': {'c': [{'value': '0', 'line': '27'}, {'value': '1', 'line': '27'}, {'value': '4', 'line': '27'}, {'value': '7', 'line': '27'}, {'value': '7', 'line': '27'}]}}, {'res': False, 'info': {'c': [{'value': '0', 'line': '27'}, {'value': '1', 'line': '27'}]}}]