[{'res': False, 'info': {'n': [{'value': '123', 'line': '7'}, {'value': '12', 'line': '23'}, {'value': '1', 'line': '23'}, {'value': '0', 'line': '23'}], 'i': [{'value': '0', 'line': '7'}, {'value': '3', 'line': '22'}, {'value': '32', 'line': '22'}, {'value': '321', 'line': '22'}], 'j': [{'value': '3', 'line': '21'}, {'value': '2', 'line': '21'}, {'value': '1', 'line': '21'}]}}, {'res': True, 'info': {'n': [{'value': '-800901860', 'line': '7'}, {'value': '800901860', 'line': '10'}, {'value': '80090186', 'line': '23'}, {'value': '8009018', 'line': '23'}, {'value': '800901', 'line': '23'}, {'value': '80090', 'line': '23'}, {'value': '8009', 'line': '23'}, {'value': '800', 'line': '23'}, {'value': '80', 'line': '23'}, {'value': '8', 'line': '23'}, {'value': '0', 'line': '23'}], 'i': [{'value': '0', 'line': '7'}, {'value': '0', 'line': '22'}, {'value': '6', 'line': '22'}, {'value': '68', 'line': '22'}, {'value': '681', 'line': '22'}, {'value': '6810', 'line': '22'}, {'value': '68109', 'line': '22'}, {'value': '681090', 'line': '22'}, {'value': '6810900', 'line': '22'}, {'value': '68109008', 'line': '22'}], 'j': [{'value': '0', 'line': '21'}, {'value': '6', 'line': '21'}, {'value': '8', 'line': '21'}, {'value': '1', 'line': '21'}, {'value': '0', 'line': '21'}, {'value': '9', 'line': '21'}, {'value': '0', 'line': '21'}, {'value': '0', 'line': '21'}, {'value': '8', 'line': '21'}]}}, {'res': True, 'info': {'n': [{'value': '253717', 'line': '7'}, {'value': '25371', 'line': '23'}, {'value': '2537', 'line': '23'}, {'value': '253', 'line': '23'}, {'value': '25', 'line': '23'}, {'value': '2', 'line': '23'}, {'value': '0', 'line': '23'}], 'i': [{'value': '0', 'line': '7'}, {'value': '7', 'line': '22'}, {'value': '71', 'line': '22'}, {'value': '717', 'line': '22'}, {'value': '7173', 'line': '22'}, {'value': '71735', 'line': '22'}, {'value': '717352', 'line': '22'}], 'j': [{'value': '7', 'line': '21'}, {'value': '1', 'line': '21'}, {'value': '7', 'line': '21'}, {'value': '3', 'line': '21'}, {'value': '5', 'line': '21'}, {'value': '2', 'line': '21'}]}}, {'res': True, 'info': {'n': [{'value': '718270', 'line': '7'}, {'value': '71827', 'line': '23'}, {'value': '7182', 'line': '23'}, {'value': '718', 'line': '23'}, {'value': '71', 'line': '23'}, {'value': '7', 'line': '23'}, {'value': '0', 'line': '23'}], 'i': [{'value': '0', 'line': '7'}, {'value': '0', 'line': '22'}, {'value': '7', 'line': '22'}, {'value': '72', 'line': '22'}, {'value': '728', 'line': '22'}, {'value': '7281', 'line': '22'}, {'value': '72817', 'line': '22'}], 'j': [{'value': '0', 'line': '21'}, {'value': '7', 'line': '21'}, {'value': '2', 'line': '21'}, {'value': '8', 'line': '21'}, {'value': '1', 'line': '21'}, {'value': '7', 'line': '21'}]}}, {'res': True, 'info': {'n': [{'value': '-290', 'line': '7'}, {'value': '290', 'line': '10'}, {'value': '29', 'line': '23'}, {'value': '2', 'line': '23'}, {'value': '0', 'line': '23'}], 'i': [{'value': '0', 'line': '7'}, {'value': '0', 'line': '22'}, {'value': '9', 'line': '22'}, {'value': '92', 'line': '22'}], 'j': [{'value': '0', 'line': '21'}, {'value': '9', 'line': '21'}, {'value': '2', 'line': '21'}]}}, {'res': True, 'info': {'n': [{'value': '40206030', 'line': '7'}, {'value': '4020603', 'line': '23'}, {'value': '402060', 'line': '23'}, {'value': '40206', 'line': '23'}, {'value': '4020', 'line': '23'}, {'value': '402', 'line': '23'}, {'value': '40', 'line': '23'}, {'value': '4', 'line': '23'}, {'value': '0', 'line': '23'}], 'i': [{'value': '0', 'line': '7'}, {'value': '0', 'line': '22'}, {'value': '3', 'line': '22'}, {'value': '30', 'line': '22'}, {'value': '306', 'line': '22'}, {'value': '3060', 'line': '22'}, {'value': '30602', 'line': '22'}, {'value': '306020', 'line': '22'}, {'value': '3060204', 'line': '22'}], 'j': [{'value': '0', 'line': '21'}, {'value': '3', 'line': '21'}, {'value': '0', 'line': '21'}, {'value': '6', 'line': '21'}, {'value': '0', 'line': '21'}, {'value': '2', 'line': '21'}, {'value': '0', 'line': '21'}, {'value': '4', 'line': '21'}]}}, {'res': True, 'info': {'n': [{'value': '-592900000', 'line': '7'}, {'value': '592900000', 'line': '10'}, {'value': '59290000', 'line': '23'}, {'value': '5929000', 'line': '23'}, {'value': '592900', 'line': '23'}, {'value': '59290', 'line': '23'}, {'value': '5929', 'line': '23'}, {'value': '592', 'line': '23'}, {'value': '59', 'line': '23'}, {'value': '5', 'line': '23'}, {'value': '0', 'line': '23'}], 'i': [{'value': '0', 'line': '7'}, {'value': '0', 'line': '22'}, {'value': '0', 'line': '22'}, {'value': '0', 'line': '22'}, {'value': '0', 'line': '22'}, {'value': '0', 'line': '22'}, {'value': '9', 'line': '22'}, {'value': '92', 'line': '22'}, {'value': '929', 'line': '22'}, {'value': '9295', 'line': '22'}], 'j': [{'value': '0', 'line': '21'}, {'value': '0', 'line': '21'}, {'value': '0', 'line': '21'}, {'value': '0', 'line': '21'}, {'value': '0', 'line': '21'}, {'value': '9', 'line': '21'}, {'value': '2', 'line': '21'}, {'value': '9', 'line': '21'}, {'value': '5', 'line': '21'}]}}, {'res': True, 'info': {'n': [{'value': '900000000', 'line': '7'}, {'value': '90000000', 'line': '23'}, {'value': '9000000', 'line': '23'}, {'value': '900000', 'line': '23'}, {'value': '90000', 'line': '23'}, {'value': '9000', 'line': '23'}, {'value': '900', 'line': '23'}, {'value': '90', 'line': '23'}, {'value': '9', 'line': '23'}, {'value': '0', 'line': '23'}], 'i': [{'value': '0', 'line': '7'}, {'value': '0', 'line': '22'}, {'value': '0', 'line': '22'}, {'value': '0', 'line': '22'}, {'value': '0', 'line': '22'}, {'value': '0', 'line': '22'}, {'value': '0', 'line': '22'}, {'value': '0', 'line': '22'}, {'value': '0', 'line': '22'}, {'value': '9', 'line': '22'}], 'j': [{'value': '0', 'line': '21'}, {'value': '0', 'line': '21'}, {'value': '0', 'line': '21'}, {'value': '0', 'line': '21'}, {'value': '0', 'line': '21'}, {'value': '0', 'line': '21'}, {'value': '0', 'line': '21'}, {'value': '0', 'line': '21'}, {'value': '9', 'line': '21'}]}}, {'res': True, 'info': {'n': [{'value': '-927', 'line': '7'}, {'value': '927', 'line': '10'}, {'value': '92', 'line': '23'}, {'value': '9', 'line': '23'}, {'value': '0', 'line': '23'}], 'i': [{'value': '0', 'line': '7'}, {'value': '7', 'line': '22'}, {'value': '72', 'line': '22'}, {'value': '729', 'line': '22'}], 'j': [{'value': '7', 'line': '21'}, {'value': '2', 'line': '21'}, {'value': '9', 'line': '21'}]}}, {'res': True, 'info': {'n': [{'value': '8546', 'line': '7'}, {'value': '854', 'line': '23'}, {'value': '85', 'line': '23'}, {'value': '8', 'line': '23'}, {'value': '0', 'line': '23'}], 'i': [{'value': '0', 'line': '7'}, {'value': '6', 'line': '22'}, {'value': '64', 'line': '22'}, {'value': '645', 'line': '22'}, {'value': '6458', 'line': '22'}], 'j': [{'value': '6', 'line': '21'}, {'value': '4', 'line': '21'}, {'value': '5', 'line': '21'}, {'value': '8', 'line': '21'}]}}, {'res': True, 'info': {'n': [{'value': '-60000020', 'line': '7'}, {'value': '60000020', 'line': '10'}, {'value': '6000002', 'line': '23'}, {'value': '600000', 'line': '23'}, {'value': '60000', 'line': '23'}, {'value': '6000', 'line': '23'}, {'value': '600', 'line': '23'}, {'value': '60', 'line': '23'}, {'value': '6', 'line': '23'}, {'value': '0', 'line': '23'}], 'i': [{'value': '0', 'line': '7'}, {'value': '0', 'line': '22'}, {'value': '2', 'line': '22'}, {'value': '20', 'line': '22'}, {'value': '200', 'line': '22'}, {'value': '2000', 'line': '22'}, {'value': '20000', 'line': '22'}, {'value': '200000', 'line': '22'}, {'value': '2000006', 'line': '22'}], 'j': [{'value': '0', 'line': '21'}, {'value': '2', 'line': '21'}, {'value': '0', 'line': '21'}, {'value': '0', 'line': '21'}, {'value': '0', 'line': '21'}, {'value': '0', 'line': '21'}, {'value': '0', 'line': '21'}, {'value': '6', 'line': '21'}]}}]