[{'res': False, 'info': {'a': [{'value': '1', 'line': '8'}], 'b': [{'value': '1', 'line': '8'}], 'a1': [{'value': '1', 'line': '10'}], 'b1': [{'value': '1', 'line': '10'}], 'area': [{'value': '0.5', 'line': '20'}]}}, {'res': False, 'info': {'a': [{'value': '-1', 'line': '8'}], 'b': [{'value': '1', 'line': '8'}], 'a1': [{'value': '-1', 'line': '10'}, {'value': '1', 'line': '13'}], 'b1': [{'value': '1', 'line': '10'}], 'area': [{'value': '0.5', 'line': '20'}]}}, {'res': False, 'info': {'a': [{'value': '-100', 'line': '8'}], 'b': [{'value': '-9', 'line': '8'}], 'a1': [{'value': '-100', 'line': '10'}, {'value': '100', 'line': '13'}], 'b1': [{'value': '-9', 'line': '10'}, {'value': '9', 'line': '17'}], 'area': [{'value': '450', 'line': '20'}]}}, {'res': False, 'info': {'a': [{'value': '0.0001', 'line': '8'}], 'b': [{'value': '-1000', 'line': '8'}], 'a1': [{'value': '0.0001', 'line': '10'}], 'b1': [{'value': '-1000', 'line': '10'}, {'value': '1000', 'line': '17'}], 'area': [{'value': '0.05', 'line': '20'}]}}]