[{'res': True, 'info': {'i': [{'value': '1', 'line': '6'}, {'value': '1', 'line': '7'}, {'value': '2', 'line': '7'}], 'sum': [{'value': '0', 'line': '6'}, {'value': '2', 'line': '11'}, {'value': '4', 'line': '11'}], 'n': [{'value': '2', 'line': '9'}, {'value': '2', 'line': '9'}], 'x': [{'value': '2', 'line': '10'}, {'value': '2', 'line': '10'}]}}, {'res': True, 'info': {'i': [{'value': '1', 'line': '6'}, {'value': '1', 'line': '7'}, {'value': '2', 'line': '7'}, {'value': '3', 'line': '7'}, {'value': '4', 'line': '7'}], 'sum': [{'value': '0', 'line': '6'}, {'value': '4', 'line': '11'}, {'value': '10', 'line': '11'}, {'value': '16', 'line': '11'}, {'value': '20', 'line': '11'}], 'n': [{'value': '4', 'line': '9'}, {'value': '4', 'line': '9'}, {'value': '4', 'line': '9'}, {'value': '4', 'line': '9'}], 'x': [{'value': '4', 'line': '10'}, {'value': '6', 'line': '10'}, {'value': '6', 'line': '10'}, {'value': '4', 'line': '10'}]}}, {'res': True, 'info': {'i': [{'value': '1', 'line': '6'}, {'value': '1', 'line': '7'}, {'value': '2', 'line': '7'}, {'value': '3', 'line': '7'}, {'value': '4', 'line': '7'}, {'value': '5', 'line': '7'}, {'value': '6', 'line': '7'}, {'value': '7', 'line': '7'}, {'value': '8', 'line': '7'}, {'value': '9', 'line': '7'}, {'value': '10', 'line': '7'}], 'sum': [{'value': '0', 'line': '6'}, {'value': '10', 'line': '11'}, {'value': '28', 'line': '11'}, {'value': '52', 'line': '11'}, {'value': '80', 'line': '11'}, {'value': '110', 'line': '11'}, {'value': '140', 'line': '11'}, {'value': '168', 'line': '11'}, {'value': '192', 'line': '11'}, {'value': '210', 'line': '11'}, {'value': '220', 'line': '11'}], 'n': [{'value': '10', 'line': '9'}, {'value': '10', 'line': '9'}, {'value': '10', 'line': '9'}, {'value': '10', 'line': '9'}, {'value': '10', 'line': '9'}, {'value': '10', 'line': '9'}, {'value': '10', 'line': '9'}, {'value': '10', 'line': '9'}, {'value': '10', 'line': '9'}, {'value': '10', 'line': '9'}], 'x': [{'value': '10', 'line': '10'}, {'value': '18', 'line': '10'}, {'value': '24', 'line': '10'}, {'value': '28', 'line': '10'}, {'value': '30', 'line': '10'}, {'value': '30', 'line': '10'}, {'value': '28', 'line': '10'}, {'value': '24', 'line': '10'}, {'value': '18', 'line': '10'}, {'value': '10', 'line': '10'}]}}, {'res': True, 'info': {'i': [{'value': '1', 'line': '6'}, {'value': '1', 'line': '7'}, {'value': '2', 'line': '7'}, {'value': '3', 'line': '7'}], 'sum': [{'value': '0', 'line': '6'}, {'value': '3', 'line': '11'}, {'value': '7', 'line': '11'}, {'value': '10', 'line': '11'}], 'n': [{'value': '3', 'line': '9'}, {'value': '3', 'line': '9'}, {'value': '3', 'line': '9'}], 'x': [{'value': '3', 'line': '10'}, {'value': '4', 'line': '10'}, {'value': '3', 'line': '10'}]}}, {'res': True, 'info': {'i': [{'value': '1', 'line': '6'}, {'value': '1', 'line': '7'}], 'sum': [{'value': '0', 'line': '6'}, {'value': '1', 'line': '11'}], 'n': [{'value': '1', 'line': '9'}], 'x': [{'value': '1', 'line': '10'}]}}, {'res': True, 'info': {'i': [{'value': '1', 'line': '6'}, {'value': '1', 'line': '7'}, {'value': '2', 'line': '7'}, {'value': '3', 'line': '7'}, {'value': '4', 'line': '7'}, {'value': '5', 'line': '7'}, {'value': '6', 'line': '7'}, {'value': '7', 'line': '7'}, {'value': '8', 'line': '7'}, {'value': '9', 'line': '7'}, {'value': '10', 'line': '7'}, {'value': '11', 'line': '7'}, {'value': '12', 'line': '7'}, {'value': '13', 'line': '7'}, {'value': '14', 'line': '7'}, {'value': '15', 'line': '7'}, {'value': '16', 'line': '7'}, {'value': '17', 'line': '7'}, {'value': '18', 'line': '7'}, {'value': '19', 'line': '7'}, {'value': '20', 'line': '7'}], 'sum': [{'value': '0', 'line': '6'}, {'value': '20', 'line': '11'}, {'value': '58', 'line': '11'}, {'value': '112', 'line': '11'}, {'value': '180', 'line': '11'}, {'value': '260', 'line': '11'}, {'value': '350', 'line': '11'}, {'value': '448', 'line': '11'}, {'value': '552', 'line': '11'}, {'value': '660', 'line': '11'}, {'value': '770', 'line': '11'}, {'value': '880', 'line': '11'}, {'value': '988', 'line': '11'}, {'value': '1092', 'line': '11'}, {'value': '1190', 'line': '11'}, {'value': '1280', 'line': '11'}, {'value': '1360', 'line': '11'}, {'value': '1428', 'line': '11'}, {'value': '1482', 'line': '11'}, {'value': '1520', 'line': '11'}, {'value': '1540', 'line': '11'}], 'n': [{'value': '20', 'line': '9'}, {'value': '20', 'line': '9'}, {'value': '20', 'line': '9'}, {'value': '20', 'line': '9'}, {'value': '20', 'line': '9'}, {'value': '20', 'line': '9'}, {'value': '20', 'line': '9'}, {'value': '20', 'line': '9'}, {'value': '20', 'line': '9'}, {'value': '20', 'line': '9'}, {'value': '20', 'line': '9'}, {'value': '20', 'line': '9'}, {'value': '20', 'line': '9'}, {'value': '20', 'line': '9'}, {'value': '20', 'line': '9'}, {'value': '20', 'line': '9'}, {'value': '20', 'line': '9'}, {'value': '20', 'line': '9'}, {'value': '20', 'line': '9'}, {'value': '20', 'line': '9'}], 'x': [{'value': '20', 'line': '10'}, {'value': '38', 'line': '10'}, {'value': '54', 'line': '10'}, {'value': '68', 'line': '10'}, {'value': '80', 'line': '10'}, {'value': '90', 'line': '10'}, {'value': '98', 'line': '10'}, {'value': '104', 'line': '10'}, {'value': '108', 'line': '10'}, {'value': '110', 'line': '10'}, {'value': '110', 'line': '10'}, {'value': '108', 'line': '10'}, {'value': '104', 'line': '10'}, {'value': '98', 'line': '10'}, {'value': '90', 'line': '10'}, {'value': '80', 'line': '10'}, {'value': '68', 'line': '10'}, {'value': '54', 'line': '10'}, {'value': '38', 'line': '10'}, {'value': '20', 'line': '10'}]}}]