[{'res': True, 'info': {'x': [{'value': '0', 'line': '8'}, {'value': '0', 'line': '14'}, {'value': '0', 'line': '27'}, {'value': '0', 'line': '8'}, {'value': '1', 'line': '41'}, {'value': '-1', 'line': '47'}], 'y': [{'value': '0', 'line': '8'}, {'value': '0', 'line': '15'}, {'value': '1', 'line': '28'}, {'value': '0', 'line': '8'}, {'value': '0', 'line': '42'}, {'value': '-1', 'line': '48'}], 'b': [{'value': '1', 'line': '9'}, {'value': '2', 'line': '9'}]}}, {'res': True, 'info': {'x': [{'value': '0', 'line': '8'}, {'value': '0', 'line': '14'}, {'value': '0', 'line': '27'}, {'value': '0', 'line': '8'}, {'value': '0', 'line': '14'}, {'value': '1', 'line': '20'}, {'value': '0', 'line': '8'}, {'value': '1', 'line': '41'}, {'value': '-1', 'line': '47'}, {'value': '0', 'line': '8'}, {'value': '2', 'line': '41'}, {'value': '2', 'line': '55'}, {'value': '0', 'line': '8'}, {'value': '2', 'line': '41'}, {'value': '-2', 'line': '47'}, {'value': '0', 'line': '8'}, {'value': '14', 'line': '41'}, {'value': '-14', 'line': '47'}, {'value': '0', 'line': '8'}, {'value': '437', 'line': '41'}, {'value': '-437', 'line': '47'}, {'value': '0', 'line': '8'}, {'value': '-29', 'line': '14'}, {'value': '30', 'line': '20'}, {'value': '0', 'line': '8'}, {'value': '-17', 'line': '14'}, {'value': '-2', 'line': '27'}, {'value': '0', 'line': '8'}, {'value': '-36', 'line': '14'}, {'value': '27', 'line': '27'}, {'value': '0', 'line': '8'}, {'value': '-48', 'line': '14'}, {'value': '49', 'line': '20'}, {'value': '0', 'line': '8'}, {'value': '-39', 'line': '14'}, {'value': '38', 'line': '27'}, {'value': '0', 'line': '8'}, {'value': '-46', 'line': '14'}, {'value': '42', 'line': '27'}, {'value': '0', 'line': '8'}, {'value': '49', 'line': '41'}, {'value': '-49', 'line': '47'}, {'value': '0', 'line': '8'}, {'value': '44', 'line': '41'}, {'value': '-14', 'line': '55'}, {'value': '0', 'line': '8'}, {'value': '-581', 'line': '14'}, {'value': '582', 'line': '20'}, {'value': '0', 'line': '8'}, {'value': '547', 'line': '41'}, {'value': '-495', 'line': '55'}, {'value': '0', 'line': '8'}, {'value': '-512', 'line': '14'}, {'value': '244', 'line': '27'}, {'value': '0', 'line': '8'}, {'value': '-650', 'line': '14'}, {'value': '651', 'line': '20'}, {'value': '0', 'line': '8'}, {'value': '664', 'line': '41'}, {'value': '-664', 'line': '47'}, {'value': '0', 'line': '8'}, {'value': '20897', 'line': '41'}, {'value': '20065', 'line': '55'}, {'value': '0', 'line': '8'}, {'value': '19885', 'line': '41'}, {'value': '19388', 'line': '55'}, {'value': '0', 'line': '8'}, {'value': '19391', 'line': '41'}, {'value': '13635', 'line': '55'}, {'value': '0', 'line': '8'}, {'value': '-18273', 'line': '14'}, {'value': '7231', 'line': '27'}, {'value': '0', 'line': '8'}, {'value': '-22296', 'line': '14'}, {'value': '11763', 'line': '27'}, {'value': '0', 'line': '8'}, {'value': '-16501', 'line': '14'}, {'value': '16502', 'line': '20'}, {'value': '0', 'line': '8'}, {'value': '20269', 'line': '41'}, {'value': '2288', 'line': '55'}, {'value': '0', 'line': '8'}, {'value': '-22258', 'line': '14'}, {'value': '22259', 'line': '20'}, {'value': '0', 'line': '8'}, {'value': '-21682', 'line': '14'}, {'value': '21683', 'line': '20'}, {'value': '0', 'line': '8'}, {'value': '21693', 'line': '41'}, {'value': '-9543', 'line': '55'}, {'value': '0', 'line': '8'}, {'value': '23170', 'line': '41'}, {'value': '-23170', 'line': '47'}, {'value': '0', 'line': '8'}, {'value': '23170', 'line': '41'}, {'value': '-23170', 'line': '47'}, {'value': '0', 'line': '8'}, {'value': '23170', 'line': '41'}, {'value': '-23170', 'line': '47'}, {'value': '0', 'line': '8'}, {'value': '23170', 'line': '41'}, {'value': '-23170', 'line': '47'}, {'value': '0', 'line': '8'}, {'value': '23170', 'line': '41'}, {'value': '-23170', 'line': '47'}, {'value': '0', 'line': '8'}, {'value': '23170', 'line': '41'}, {'value': '-23170', 'line': '47'}, {'value': '0', 'line': '8'}, {'value': '23170', 'line': '41'}, {'value': '-23170', 'line': '47'}, {'value': '0', 'line': '8'}, {'value': '23170', 'line': '41'}, {'value': '-23170', 'line': '47'}, {'value': '0', 'line': '8'}, {'value': '23170', 'line': '41'}, {'value': '-23170', 'line': '47'}, {'value': '0', 'line': '8'}, {'value': '23170', 'line': '41'}, {'value': '-23170', 'line': '47'}, {'value': '0', 'line': '8'}, {'value': '-17002', 'line': '14'}, {'value': '0', 'line': '8'}, {'value': '-17660', 'line': '14'}, {'value': '0', 'line': '8'}, {'value': '-12723', 'line': '14'}, {'value': '0', 'line': '8'}, {'value': '-12913', 'line': '14'}, {'value': '0', 'line': '8'}, {'value': '-15556', 'line': '14'}, {'value': '0', 'line': '8'}, {'value': '31', 'line': '41'}, {'value': '-10', 'line': '55'}, {'value': '0', 'line': '8'}, {'value': '-37', 'line': '14'}, {'value': '-33', 'line': '27'}, {'value': '0', 'line': '8'}, {'value': '42', 'line': '41'}, {'value': '-42', 'line': '47'}, {'value': '0', 'line': '8'}, {'value': '62', 'line': '41'}, {'value': '-50', 'line': '55'}, {'value': '0', 'line': '8'}, {'value': '-49', 'line': '14'}, {'value': '50', 'line': '20'}, {'value': '0', 'line': '8'}, {'value': '-60', 'line': '14'}, {'value': '10', 'line': '27'}, {'value': '0', 'line': '8'}, {'value': '-68', 'line': '14'}, {'value': '56', 'line': '27'}, {'value': '0', 'line': '8'}, {'value': '-53', 'line': '14'}, {'value': '-48', 'line': '27'}, {'value': '0', 'line': '8'}, {'value': '-67', 'line': '14'}, {'value': '68', 'line': '20'}, {'value': '0', 'line': '8'}, {'value': '-68', 'line': '14'}, {'value': '-8', 'line': '27'}, {'value': '0', 'line': '8'}, {'value': '29', 'line': '41'}, {'value': '-27', 'line': '55'}, {'value': '0', 'line': '8'}, {'value': '-55', 'line': '14'}, {'value': '56', 'line': '20'}, {'value': '0', 'line': '8'}, {'value': '-70', 'line': '14'}, {'value': '26', 'line': '27'}, {'value': '0', 'line': '8'}, {'value': '-18', 'line': '14'}, {'value': '18', 'line': '27'}, {'value': '0', 'line': '8'}, {'value': '-56', 'line': '14'}, {'value': '5', 'line': '27'}, {'value': '0', 'line': '8'}, {'value': '-18729', 'line': '14'}, {'value': '18730', 'line': '20'}, {'value': '0', 'line': '8'}, {'value': '17147', 'line': '41'}, {'value': '-17147', 'line': '47'}, {'value': '0', 'line': '8'}, {'value': '-13620', 'line': '14'}, {'value': '-8645', 'line': '27'}, {'value': '0', 'line': '8'}, {'value': '-19282', 'line': '14'}, {'value': '-2810', 'line': '27'}, {'value': '0', 'line': '8'}, {'value': '-22261', 'line': '14'}, {'value': '5842', 'line': '27'}, {'value': '0', 'line': '8'}, {'value': '16517', 'line': '41'}, {'value': '-16517', 'line': '47'}, {'value': '0', 'line': '8'}, {'value': '-14343', 'line': '14'}, {'value': '14344', 'line': '20'}, {'value': '0', 'line': '8'}, {'value': '-22360', 'line': '14'}, {'value': '9799', 'line': '27'}, {'value': '0', 'line': '8'}, {'value': '-19972', 'line': '14'}, {'value': '10579', 'line': '27'}, {'value': '0', 'line': '8'}, {'value': '-21932', 'line': '14'}, {'value': '-18819', 'line': '27'}, {'value': '0', 'line': '8'}, {'value': '20756', 'line': '41'}, {'value': '-20756', 'line': '47'}, {'value': '0', 'line': '8'}, {'value': '-21997', 'line': '14'}, {'value': '-12722', 'line': '27'}, {'value': '0', 'line': '8'}, {'value': '-20930', 'line': '14'}, {'value': '-2351', 'line': '27'}, {'value': '0', 'line': '8'}, {'value': '21313', 'line': '41'}, {'value': '-10275', 'line': '55'}, {'value': '0', 'line': '8'}, {'value': '21950', 'line': '41'}, {'value': '-21950', 'line': '47'}, {'value': '0', 'line': '8'}, {'value': '-22360', 'line': '14'}, {'value': '9799', 'line': '27'}, {'value': '0', 'line': '8'}, {'value': '-20694', 'line': '14'}, {'value': '-15775', 'line': '27'}, {'value': '0', 'line': '8'}, {'value': '18874', 'line': '41'}, {'value': '-18874', 'line': '47'}, {'value': '0', 'line': '8'}, {'value': '16865', 'line': '41'}, {'value': '-16865', 'line': '47'}, {'value': '0', 'line': '8'}, {'value': '15310', 'line': '41'}, {'value': '-15310', 'line': '47'}, {'value': '0', 'line': '8'}, {'value': '0', 'line': '14'}, {'value': '0', 'line': '8'}, {'value': '-888', 'line': '14'}, {'value': '0', 'line': '8'}, {'value': '23170', 'line': '41'}, {'value': '-23170', 'line': '47'}, {'value': '0', 'line': '8'}, {'value': '-499', 'line': '14'}, {'value': '500', 'line': '20'}, {'value': '0', 'line': '8'}, {'value': '23170', 'line': '41'}, {'value': '-23170', 'line': '47'}, {'value': '0', 'line': '8'}, {'value': '0', 'line': '14'}, {'value': '0', 'line': '8'}, {'value': '23170', 'line': '41'}, {'value': '-23170', 'line': '47'}, {'value': '0', 'line': '8'}, {'value': '-22360', 'line': '14'}, {'value': '9798', 'line': '27'}, {'value': '0', 'line': '8'}, {'value': '-888', 'line': '14'}, {'value': '-490', 'line': '27'}, {'value': '0', 'line': '8'}, {'value': '0', 'line': '14'}, {'value': '0', 'line': '27'}, {'value': '0', 'line': '8'}, {'value': '437', 'line': '41'}, {'value': '-437', 'line': '47'}, {'value': '0', 'line': '8'}, {'value': '15811', 'line': '41'}, {'value': '-15811', 'line': '47'}, {'value': '0', 'line': '8'}, {'value': '1581', 'line': '41'}, {'value': '-174', 'line': '55'}, {'value': '0', 'line': '8'}, {'value': '-22912', 'line': '14'}, {'value': '22913', 'line': '20'}, {'value': '0', 'line': '8'}, {'value': '-1', 'line': '14'}, {'value': '0', 'line': '8'}, {'value': '23170', 'line': '41'}, {'value': '-23170', 'line': '47'}, {'value': '0', 'line': '8'}, {'value': '23170', 'line': '41'}, {'value': '-23170', 'line': '47'}], 'y': [{'value': '0', 'line': '8'}, {'value': '0', 'line': '15'}, {'value': '1', 'line': '28'}, {'value': '0', 'line': '8'}, {'value': '0', 'line': '15'}, {'value': '1', 'line': '21'}, {'value': '0', 'line': '8'}, {'value': '0', 'line': '42'}, {'value': '-1', 'line': '48'}, {'value': '0', 'line': '8'}, {'value': '-1', 'line': '42'}, {'value': '-2', 'line': '54'}, {'value': '0', 'line': '8'}, {'value': '-1', 'line': '42'}, {'value': '1', 'line': '48'}, {'value': '0', 'line': '8'}, {'value': '-13', 'line': '42'}, {'value': '3', 'line': '48'}, {'value': '0', 'line': '8'}, {'value': '-436', 'line': '42'}, {'value': '221', 'line': '48'}, {'value': '0', 'line': '8'}, {'value': '29', 'line': '15'}, {'value': '-6', 'line': '21'}, {'value': '0', 'line': '8'}, {'value': '17', 'line': '15'}, {'value': '18', 'line': '28'}, {'value': '0', 'line': '8'}, {'value': '36', 'line': '15'}, {'value': '37', 'line': '28'}, {'value': '0', 'line': '8'}, {'value': '48', 'line': '15'}, {'value': '-19', 'line': '21'}, {'value': '0', 'line': '8'}, {'value': '39', 'line': '15'}, {'value': '40', 'line': '28'}, {'value': '0', 'line': '8'}, {'value': '46', 'line': '15'}, {'value': '47', 'line': '28'}, {'value': '0', 'line': '8'}, {'value': '-48', 'line': '42'}, {'value': '-28', 'line': '48'}, {'value': '0', 'line': '8'}, {'value': '-43', 'line': '42'}, {'value': '-44', 'line': '54'}, {'value': '0', 'line': '8'}, {'value': '581', 'line': '15'}, {'value': '-74', 'line': '21'}, {'value': '0', 'line': '8'}, {'value': '-546', 'line': '42'}, {'value': '-547', 'line': '54'}, {'value': '0', 'line': '8'}, {'value': '512', 'line': '15'}, {'value': '513', 'line': '28'}, {'value': '0', 'line': '8'}, {'value': '650', 'line': '15'}, {'value': '270', 'line': '21'}, {'value': '0', 'line': '8'}, {'value': '-663', 'line': '42'}, {'value': '-148', 'line': '48'}, {'value': '0', 'line': '8'}, {'value': '-20896', 'line': '42'}, {'value': '-20897', 'line': '54'}, {'value': '0', 'line': '8'}, {'value': '-19884', 'line': '42'}, {'value': '-19885', 'line': '54'}, {'value': '0', 'line': '8'}, {'value': '-19390', 'line': '42'}, {'value': '-19391', 'line': '54'}, {'value': '0', 'line': '8'}, {'value': '18273', 'line': '15'}, {'value': '18274', 'line': '28'}, {'value': '0', 'line': '8'}, {'value': '22296', 'line': '15'}, {'value': '22297', 'line': '28'}, {'value': '0', 'line': '8'}, {'value': '16501', 'line': '15'}, {'value': '4912', 'line': '21'}, {'value': '0', 'line': '8'}, {'value': '-20268', 'line': '42'}, {'value': '-20269', 'line': '54'}, {'value': '0', 'line': '8'}, {'value': '22258', 'line': '15'}, {'value': '16059', 'line': '21'}, {'value': '0', 'line': '8'}, {'value': '21682', 'line': '15'}, {'value': '-15055', 'line': '21'}, {'value': '0', 'line': '8'}, {'value': '-21692', 'line': '42'}, {'value': '-21693', 'line': '54'}, {'value': '0', 'line': '8'}, {'value': '-23169', 'line': '42'}, {'value': '18527', 'line': '48'}, {'value': '0', 'line': '8'}, {'value': '-23169', 'line': '42'}, {'value': '18528', 'line': '48'}, {'value': '0', 'line': '8'}, {'value': '-23169', 'line': '42'}, {'value': '18529', 'line': '48'}, {'value': '0', 'line': '8'}, {'value': '-23169', 'line': '42'}, {'value': '18530', 'line': '48'}, {'value': '0', 'line': '8'}, {'value': '-23169', 'line': '42'}, {'value': '18531', 'line': '48'}, {'value': '0', 'line': '8'}, {'value': '-23169', 'line': '42'}, {'value': '18532', 'line': '48'}, {'value': '0', 'line': '8'}, {'value': '-23169', 'line': '42'}, {'value': '18533', 'line': '48'}, {'value': '0', 'line': '8'}, {'value': '-23169', 'line': '42'}, {'value': '18534', 'line': '48'}, {'value': '0', 'line': '8'}, {'value': '-23169', 'line': '42'}, {'value': '18535', 'line': '48'}, {'value': '0', 'line': '8'}, {'value': '-23169', 'line': '42'}, {'value': '18536', 'line': '48'}, {'value': '0', 'line': '8'}, {'value': '17002', 'line': '15'}, {'value': '0', 'line': '8'}, {'value': '17660', 'line': '15'}, {'value': '0', 'line': '8'}, {'value': '12723', 'line': '15'}, {'value': '0', 'line': '8'}, {'value': '12913', 'line': '15'}, {'value': '0', 'line': '8'}, {'value': '15556', 'line': '15'}, {'value': '0', 'line': '8'}, {'value': '-30', 'line': '42'}, {'value': '-31', 'line': '54'}, {'value': '0', 'line': '8'}, {'value': '37', 'line': '15'}, {'value': '38', 'line': '28'}, {'value': '0', 'line': '8'}, {'value': '-41', 'line': '42'}, {'value': '38', 'line': '48'}, {'value': '0', 'line': '8'}, {'value': '-61', 'line': '42'}, {'value': '-62', 'line': '54'}, {'value': '0', 'line': '8'}, {'value': '49', 'line': '15'}, {'value': '-32', 'line': '21'}, {'value': '0', 'line': '8'}, {'value': '60', 'line': '15'}, {'value': '61', 'line': '28'}, {'value': '0', 'line': '8'}, {'value': '68', 'line': '15'}, {'value': '69', 'line': '28'}, {'value': '0', 'line': '8'}, {'value': '53', 'line': '15'}, {'value': '54', 'line': '28'}, {'value': '0', 'line': '8'}, {'value': '67', 'line': '15'}, {'value': '-2', 'line': '21'}, {'value': '0', 'line': '8'}, {'value': '68', 'line': '15'}, {'value': '69', 'line': '28'}, {'value': '0', 'line': '8'}, {'value': '-28', 'line': '42'}, {'value': '-29', 'line': '54'}, {'value': '0', 'line': '8'}, {'value': '55', 'line': '15'}, {'value': '-45', 'line': '21'}, {'value': '0', 'line': '8'}, {'value': '70', 'line': '15'}, {'value': '71', 'line': '28'}, {'value': '0', 'line': '8'}, {'value': '18', 'line': '15'}, {'value': '19', 'line': '28'}, {'value': '0', 'line': '8'}, {'value': '56', 'line': '15'}, {'value': '57', 'line': '28'}, {'value': '0', 'line': '8'}, {'value': '18729', 'line': '15'}, {'value': '4794', 'line': '21'}, {'value': '0', 'line': '8'}, {'value': '-17146', 'line': '42'}, {'value': '14614', 'line': '48'}, {'value': '0', 'line': '8'}, {'value': '13620', 'line': '15'}, {'value': '13621', 'line': '28'}, {'value': '0', 'line': '8'}, {'value': '19282', 'line': '15'}, {'value': '19283', 'line': '28'}, {'value': '0', 'line': '8'}, {'value': '22261', 'line': '15'}, {'value': '22262', 'line': '28'}, {'value': '0', 'line': '8'}, {'value': '-16516', 'line': '42'}, {'value': '-2754', 'line': '48'}, {'value': '0', 'line': '8'}, {'value': '14343', 'line': '15'}, {'value': '10036', 'line': '21'}, {'value': '0', 'line': '8'}, {'value': '22360', 'line': '15'}, {'value': '22361', 'line': '28'}, {'value': '0', 'line': '8'}, {'value': '19972', 'line': '15'}, {'value': '19973', 'line': '28'}, {'value': '0', 'line': '8'}, {'value': '21932', 'line': '15'}, {'value': '21933', 'line': '28'}, {'value': '0', 'line': '8'}, {'value': '-20755', 'line': '42'}, {'value': '-4610', 'line': '48'}, {'value': '0', 'line': '8'}, {'value': '21997', 'line': '15'}, {'value': '21998', 'line': '28'}, {'value': '0', 'line': '8'}, {'value': '20930', 'line': '15'}, {'value': '20931', 'line': '28'}, {'value': '0', 'line': '8'}, {'value': '-21312', 'line': '42'}, {'value': '-21313', 'line': '54'}, {'value': '0', 'line': '8'}, {'value': '-21949', 'line': '42'}, {'value': '-14623', 'line': '48'}, {'value': '0', 'line': '8'}, {'value': '22360', 'line': '15'}, {'value': '22361', 'line': '28'}, {'value': '0', 'line': '8'}, {'value': '20694', 'line': '15'}, {'value': '20695', 'line': '28'}, {'value': '0', 'line': '8'}, {'value': '-18873', 'line': '42'}, {'value': '-796', 'line': '48'}, {'value': '0', 'line': '8'}, {'value': '-16864', 'line': '42'}, {'value': '-1248', 'line': '48'}, {'value': '0', 'line': '8'}, {'value': '-15309', 'line': '42'}, {'value': '-10670', 'line': '48'}, {'value': '0', 'line': '8'}, {'value': '0', 'line': '15'}, {'value': '0', 'line': '8'}, {'value': '888', 'line': '15'}, {'value': '0', 'line': '8'}, {'value': '-23169', 'line': '42'}, {'value': '18535', 'line': '48'}, {'value': '0', 'line': '8'}, {'value': '499', 'line': '15'}, {'value': '-498', 'line': '21'}, {'value': '0', 'line': '8'}, {'value': '-23169', 'line': '42'}, {'value': '18536', 'line': '48'}, {'value': '0', 'line': '8'}, {'value': '0', 'line': '15'}, {'value': '0', 'line': '8'}, {'value': '-23169', 'line': '42'}, {'value': '17889', 'line': '48'}, {'value': '0', 'line': '8'}, {'value': '22360', 'line': '15'}, {'value': '22361', 'line': '28'}, {'value': '0', 'line': '8'}, {'value': '888', 'line': '15'}, {'value': '889', 'line': '28'}, {'value': '0', 'line': '8'}, {'value': '0', 'line': '15'}, {'value': '1', 'line': '28'}, {'value': '0', 'line': '8'}, {'value': '-436', 'line': '42'}, {'value': '221', 'line': '48'}, {'value': '0', 'line': '8'}, {'value': '-15810', 'line': '42'}, {'value': '1682', 'line': '48'}, {'value': '0', 'line': '8'}, {'value': '-1580', 'line': '42'}, {'value': '-1581', 'line': '54'}, {'value': '0', 'line': '8'}, {'value': '22912', 'line': '15'}, {'value': '-636', 'line': '21'}, {'value': '0', 'line': '8'}, {'value': '1', 'line': '15'}, {'value': '0', 'line': '8'}, {'value': '-23169', 'line': '42'}, {'value': '18520', 'line': '48'}, {'value': '0', 'line': '8'}, {'value': '-23169', 'line': '42'}, {'value': '18529', 'line': '48'}], 'b': [{'value': '1', 'line': '9'}, {'value': '1', 'line': '9'}, {'value': '2', 'line': '9'}, {'value': '4', 'line': '9'}, {'value': '4', 'line': '9'}, {'value': '28', 'line': '9'}, {'value': '874', 'line': '9'}, {'value': '59', 'line': '9'}, {'value': '35', 'line': '9'}, {'value': '73', 'line': '9'}, {'value': '97', 'line': '9'}, {'value': '79', 'line': '9'}, {'value': '93', 'line': '9'}, {'value': '98', 'line': '9'}, {'value': '88', 'line': '9'}, {'value': '1163', 'line': '9'}, {'value': '1094', 'line': '9'}, {'value': '1025', 'line': '9'}, {'value': '1301', 'line': '9'}, {'value': '1328', 'line': '9'}, {'value': '41794', 'line': '9'}, {'value': '39770', 'line': '9'}, {'value': '38782', 'line': '9'}, {'value': '36547', 'line': '9'}, {'value': '44593', 'line': '9'}, {'value': '33003', 'line': '9'}, {'value': '40538', 'line': '9'}, {'value': '44517', 'line': '9'}, {'value': '43365', 'line': '9'}, {'value': '43386', 'line': '9'}, {'value': '46340', 'line': '9'}, {'value': '46340', 'line': '9'}, {'value': '46340', 'line': '9'}, {'value': '46340', 'line': '9'}, {'value': '46340', 'line': '9'}, {'value': '46340', 'line': '9'}, {'value': '46340', 'line': '9'}, {'value': '46340', 'line': '9'}, {'value': '46340', 'line': '9'}, {'value': '46340', 'line': '9'}, {'value': '34005', 'line': '9'}, {'value': '35321', 'line': '9'}, {'value': '25447', 'line': '9'}, {'value': '25827', 'line': '9'}, {'value': '31113', 'line': '9'}, {'value': '62', 'line': '9'}, {'value': '75', 'line': '9'}, {'value': '84', 'line': '9'}, {'value': '124', 'line': '9'}, {'value': '99', 'line': '9'}, {'value': '121', 'line': '9'}, {'value': '137', 'line': '9'}, {'value': '107', 'line': '9'}, {'value': '135', 'line': '9'}, {'value': '137', 'line': '9'}, {'value': '58', 'line': '9'}, {'value': '111', 'line': '9'}, {'value': '141', 'line': '9'}, {'value': '37', 'line': '9'}, {'value': '113', 'line': '9'}, {'value': '37459', 'line': '9'}, {'value': '34294', 'line': '9'}, {'value': '27241', 'line': '9'}, {'value': '38565', 'line': '9'}, {'value': '44523', 'line': '9'}, {'value': '33034', 'line': '9'}, {'value': '28687', 'line': '9'}, {'value': '44721', 'line': '9'}, {'value': '39945', 'line': '9'}, {'value': '43865', 'line': '9'}, {'value': '41512', 'line': '9'}, {'value': '43995', 'line': '9'}, {'value': '41861', 'line': '9'}, {'value': '42626', 'line': '9'}, {'value': '43900', 'line': '9'}, {'value': '44721', 'line': '9'}, {'value': '41389', 'line': '9'}, {'value': '37748', 'line': '9'}, {'value': '33730', 'line': '9'}, {'value': '30620', 'line': '9'}, {'value': '1', 'line': '9'}, {'value': '1777', 'line': '9'}, {'value': '46340', 'line': '9'}, {'value': '999', 'line': '9'}, {'value': '46340', 'line': '9'}, {'value': '1', 'line': '9'}, {'value': '46340', 'line': '9'}, {'value': '44721', 'line': '9'}, {'value': '1777', 'line': '9'}, {'value': '1', 'line': '9'}, {'value': '874', 'line': '9'}, {'value': '31622', 'line': '9'}, {'value': '3162', 'line': '9'}, {'value': '45825', 'line': '9'}, {'value': '3', 'line': '9'}, {'value': '46340', 'line': '9'}, {'value': '46340', 'line': '9'}]}}]